Archive member included to satisfy reference by file (symbol)

C:\Users\wegne\Desktop\Studia\OSM-laby\gierka\RPiLAB_BASE\Library\libuspienv.a(screen.o)
                              ./src/main.o (ScreenDeviceClearDisplay)
C:\Users\wegne\Desktop\Studia\OSM-laby\gierka\RPiLAB_BASE\Library\libuspienv.a(string.o)
                              ./src/main.o (String)
C:\Users\wegne\Desktop\Studia\OSM-laby\gierka\RPiLAB_BASE\Library\libuspienv.a(uspibind.o)
                              ./src/main.o (StartKernelTimer)
C:\Users\wegne\Desktop\Studia\OSM-laby\gierka\RPiLAB_BASE\Library\libuspienv.a(uspienv.o)
                              ./src/main.o (USPiEnvInitialize)
C:\Users\wegne\Desktop\Studia\OSM-laby\gierka\RPiLAB_BASE\Library\libuspienv.a(util.o)
                              C:\Users\wegne\Desktop\Studia\OSM-laby\gierka\RPiLAB_BASE\Library\libuspienv.a(screen.o) (memset)
C:\Users\wegne\Desktop\Studia\OSM-laby\gierka\RPiLAB_BASE\Library\libuspienv.a(util_fast.o)
                              C:\Users\wegne\Desktop\Studia\OSM-laby\gierka\RPiLAB_BASE\Library\libuspienv.a(screen.o) (memcpyblk)
C:\Users\wegne\Desktop\Studia\OSM-laby\gierka\RPiLAB_BASE\Library\libuspienv.a(memory.o)
                              C:\Users\wegne\Desktop\Studia\OSM-laby\gierka\RPiLAB_BASE\Library\libuspienv.a(uspienv.o) (MemorySystem)
C:\Users\wegne\Desktop\Studia\OSM-laby\gierka\RPiLAB_BASE\Library\libuspienv.a(pagetable.o)
                              C:\Users\wegne\Desktop\Studia\OSM-laby\gierka\RPiLAB_BASE\Library\libuspienv.a(memory.o) (PageTable)
C:\Users\wegne\Desktop\Studia\OSM-laby\gierka\RPiLAB_BASE\Library\libuspienv.a(exceptionhandler.o)
                              C:\Users\wegne\Desktop\Studia\OSM-laby\gierka\RPiLAB_BASE\Library\libuspienv.a(uspienv.o) (ExceptionHandler2)
C:\Users\wegne\Desktop\Studia\OSM-laby\gierka\RPiLAB_BASE\Library\libuspienv.a(startup.o)
                              ./src/utilities.o (_start)
C:\Users\wegne\Desktop\Studia\OSM-laby\gierka\RPiLAB_BASE\Library\libuspienv.a(alloc.o)
                              C:\Users\wegne\Desktop\Studia\OSM-laby\gierka\RPiLAB_BASE\Library\libuspienv.a(memory.o) (mem_init)
C:\Users\wegne\Desktop\Studia\OSM-laby\gierka\RPiLAB_BASE\Library\libuspienv.a(bcmframebuffer.o)
                              C:\Users\wegne\Desktop\Studia\OSM-laby\gierka\RPiLAB_BASE\Library\libuspienv.a(screen.o) (BcmFrameBuffer)
C:\Users\wegne\Desktop\Studia\OSM-laby\gierka\RPiLAB_BASE\Library\libuspienv.a(bcmpropertytags.o)
                              C:\Users\wegne\Desktop\Studia\OSM-laby\gierka\RPiLAB_BASE\Library\libuspienv.a(uspibind.o) (BcmPropertyTags)
C:\Users\wegne\Desktop\Studia\OSM-laby\gierka\RPiLAB_BASE\Library\libuspienv.a(chargenerator.o)
                              C:\Users\wegne\Desktop\Studia\OSM-laby\gierka\RPiLAB_BASE\Library\libuspienv.a(screen.o) (CharGenerator)
C:\Users\wegne\Desktop\Studia\OSM-laby\gierka\RPiLAB_BASE\Library\libuspienv.a(exceptionstub.o)
                              C:\Users\wegne\Desktop\Studia\OSM-laby\gierka\RPiLAB_BASE\Library\libuspienv.a(exceptionhandler.o) (UndefinedInstructionStub)
C:\Users\wegne\Desktop\Studia\OSM-laby\gierka\RPiLAB_BASE\Library\libuspienv.a(interrupt.o)
                              C:\Users\wegne\Desktop\Studia\OSM-laby\gierka\RPiLAB_BASE\Library\libuspienv.a(uspienv.o) (InterruptSystem)
C:\Users\wegne\Desktop\Studia\OSM-laby\gierka\RPiLAB_BASE\Library\libuspienv.a(libstub.o)
                              C:\Users\wegne\Desktop\Studia\OSM-laby\gierka\RPiLAB_BASE\Library\libuspienv.a(screen.o) (__aeabi_uidiv)
C:\Users\wegne\Desktop\Studia\OSM-laby\gierka\RPiLAB_BASE\Library\libuspienv.a(logger.o)
                              C:\Users\wegne\Desktop\Studia\OSM-laby\gierka\RPiLAB_BASE\Library\libuspienv.a(uspienv.o) (Logger)
C:\Users\wegne\Desktop\Studia\OSM-laby\gierka\RPiLAB_BASE\Library\libuspienv.a(memio.o)
                              C:\Users\wegne\Desktop\Studia\OSM-laby\gierka\RPiLAB_BASE\Library\libuspienv.a(interrupt.o) (read32)
C:\Users\wegne\Desktop\Studia\OSM-laby\gierka\RPiLAB_BASE\Library\libuspienv.a(synchronize.o)
                              C:\Users\wegne\Desktop\Studia\OSM-laby\gierka\RPiLAB_BASE\Library\libuspienv.a(alloc.o) (EnterCritical)
C:\Users\wegne\Desktop\Studia\OSM-laby\gierka\RPiLAB_BASE\Library\libuspienv.a(sysinit.o)
                              C:\Users\wegne\Desktop\Studia\OSM-laby\gierka\RPiLAB_BASE\Library\libuspienv.a(startup.o) (sysinit)
C:\Users\wegne\Desktop\Studia\OSM-laby\gierka\RPiLAB_BASE\Library\libuspienv.a(timer.o)
                              C:\Users\wegne\Desktop\Studia\OSM-laby\gierka\RPiLAB_BASE\Library\libuspienv.a(uspienv.o) (Timer)
C:\Users\wegne\Desktop\Studia\OSM-laby\gierka\RPiLAB_BASE\Library\libuspienv.a(bcmmailbox.o)
                              C:\Users\wegne\Desktop\Studia\OSM-laby\gierka\RPiLAB_BASE\Library\libuspienv.a(bcmframebuffer.o) (BcmMailBox)
C:\Users\wegne\Desktop\Studia\OSM-laby\gierka\RPiLAB_BASE\Library\libuspienv.a(delayloop.o)
[...]
Memory Configuration

Name             Origin             Length             Attributes
ram              0x00100000         0x00200000
*default*        0x00000000         0xffffffff

Linker script and memory map

START GROUP
LOAD c:/users/wegne/desktop/studia/osm-laby/smartdev/gcc_none_eabi_cortexa/bin/../lib/gcc/arm-none-eabi/9.2.1\libgcc.a
LOAD c:/users/wegne/desktop/studia/osm-laby/smartdev/gcc_none_eabi_cortexa/bin/../lib/gcc/arm-none-eabi/9.2.1\libc.a
LOAD c:/users/wegne/desktop/studia/osm-laby/smartdev/gcc_none_eabi_cortexa/bin/../lib/gcc/arm-none-eabi/9.2.1\librdimon.a
END GROUP
LOAD ./src/cos.o
LOAD ./src/main.o
LOAD ./src/peripherals.o
LOAD ./src/utilities.o
LOAD ./.metadata/.plugins/org.eclipse.cdt.make.core/specs.o
LOAD C:\Users\wegne\Desktop\Studia\OSM-laby\gierka\RPiLAB_BASE\Library\libuspienv.a
LOAD C:\Users\wegne\Desktop\Studia\OSM-laby\gierka\RPiLAB_BASE\Library\libuspi.a
LOAD c:/users/wegne/desktop/studia/osm-laby/smartdev/gcc_none_eabi_cortexa/bin/../lib/gcc/arm-none-eabi/9.2.1\libgcc.a
LOAD c:/users/wegne/desktop/studia/osm-laby/smartdev/gcc_none_eabi_cortexa/bin/../lib/gcc/arm-none-eabi/9.2.1\libstdc++.a
LOAD c:/users/wegne/desktop/studia/osm-laby/smartdev/gcc_none_eabi_cortexa/bin/../lib/gcc/arm-none-eabi/9.2.1\libm.a
LOAD c:/users/wegne/desktop/studia/osm-laby/smartdev/gcc_none_eabi_cortexa/bin/../lib/gcc/arm-none-eabi/9.2.1\libc.a
START GROUP
LOAD c:/users/wegne/desktop/studia/osm-laby/smartdev/gcc_none_eabi_cortexa/bin/../lib/gcc/arm-none-eabi/9.2.1\libgcc.a
LOAD c:/users/wegne/desktop/studia/osm-laby/smartdev/gcc_none_eabi_cortexa/bin/../lib/gcc/arm-none-eabi/9.2.1\libc.a
END GROUP
START GROUP
LOAD c:/users/wegne/desktop/studia/osm-laby/smartdev/gcc_none_eabi_cortexa/bin/../lib/gcc/arm-none-eabi/9.2.1\libgcc.a
LOAD c:/users/wegne/desktop/studia/osm-laby/smartdev/gcc_none_eabi_cortexa/bin/../lib/gcc/arm-none-eabi/9.2.1\libc.a
LOAD c:/users/wegne/desktop/studia/osm-laby/smartdev/gcc_none_eabi_cortexa/bin/../lib/gcc/arm-none-eabi/9.2.1\librdimon.a
END GROUP
                0x00100000                . = 0x100000

.begin          0x00100000        0x4
 *(.begin)
 .begin         0x00100000        0x4 ./src/utilities.o
                0x00100000                __start

.text           0x00100008     0xe828
 *(.text*)
 .text          0x00100008        0x0 ./src/cos.o
 .text          0x00100008      0xbd8 ./src/main.o
                0x00100008                _Z12TimerHandlerjPvS_
                0x0010009c                _Z8TimerIsrv
                0x00100114                _Z11DrawObjectsv
                0x001007ec                _Z11ClearScreenv
                0x001008ac                _Z19PrintDiagnosticInfov
                0x00100964                _Z11DataPreparev
                0x00100ab8                _Z11Synchronizev
                0x00100aec                _Z10SystemInitv
                0x00100bcc                _Z8UpdateIOv
 .text.startup  0x00100be0       0xf4 ./src/main.o
                0x00100be0                main
 .text          0x00100cd4      0x2c4 ./src/peripherals.o
                0x00100cd4                _Z8checkKeyi
                0x00100d34                _Z6getKeyv
                0x00100d7c                _Z9uart_initv
                0x00100e90                _Z16KeyboardHandlerAhPKh
                0x00100efc                _Z21GamePadStatusHandlerAjPK16USPiGamePadState
                0x00100f64                _Z10StringUartPKc
 .text          0x00100f98      0x1c0 ./src/utilities.o
                0x00100f98                getNumberLenght
                0x00101104                power
                0x0010112c                randr
 .text.unlikely
                0x00101158        0x4 ./src/utilities.o
                0x00101158                abort
 .text          0x0010115c        0x0 ./.metadata/.plugins/org.eclipse.cdt.make.core/specs.o
 *fill*         0x0010115c        0x4 
 .text          0x00101160     0x1714 C:\Users\wegne\Desktop\Studia\OSM-laby\gierka\RPiLAB_BASE\Library\libuspienv.a(screen.o)
                0x00101160                ScreenDevice
                0x001011b0                _ScreenDevice
                0x001011e0                ScreenDeviceGetWidth
                0x001011e8                ScreenDeviceGetHeight
                0x001011f0                ScreenDeviceSetPixel
                0x00101218                ScreenDeviceGetPixel
                0x00101250                ScreenDeviceCarriageReturn
                0x0010125c                ScreenDeviceCursorHome
                0x0010126c                ScreenDeviceCursorLeft
                0x001012d4                ScreenDeviceCursorMove
                0x00101328                ScreenDeviceCursorUp
                0x00101360                ScreenDeviceDeleteChars
                0x00101364                ScreenDeviceDeleteLines
                0x00101368                ScreenDeviceInsertLines
                0x0010136c                ScreenDeviceInsertMode
                0x00101374                ScreenDeviceReverseScroll
                0x00101378                ScreenDeviceSetCursorMode
                0x00101380                ScreenDeviceSetStandoutMode
                0x00101428                ScreenDeviceScroll
                0x00101490                ScreenDeviceCursorDown
                0x001014dc                ScreenDeviceNewLine
                0x001014f0                ScreenDeviceCursorRight
                0x00101524                ScreenDeviceTabulator
                0x00101568                ScreenDeviceDisplayChar2
                0x00101604                ScreenDeviceRotor
                0x00101660                ScreenDeviceDisplayChar
                0x001016a0                ScreenDeviceEraseChar
                0x0010170c                ScreenDeviceClearLineEnd
                0x00101754                ScreenDeviceClearDisplayEnd
                0x0010179c                ScreenDeviceEraseChars
                0x00101804                ScreenDeviceWrite2
                0x00101ce4                ScreenDeviceInvertCursor
                0x00101d80                ScreenDeviceInitialize
                0x00101e6c                ScreenDeviceWrite
                0x00101ebc                ScreenDeviceDrawLine
                0x00101f40                ScreenDeviceDrawDottedLine
                0x00101fd8                ScreenDeviceDrawRect
                0x00102038                ScreenDeviceClearDisplay
                0x00102074                ScreenDeviceFillDisplay
                0x001020a0                ScreenDeviceDrawChartCaption
                0x001021d0                ScreenDeviceDrawChartCaptionOXAll
                0x00102308                ScreenDeviceDrawChartCaptionOYAll
                0x00102430                ScreenDeviceDrawChartCaptionOYAllCounter
                0x001024b8                ScreenDeviceDrawDottedBackground
                0x00102620                ScreenDeviceDrawChart
 *fill*         0x00102874        0x4 
 .text          0x00102878      0xa6c C:\Users\wegne\Desktop\Studia\OSM-laby\gierka\RPiLAB_BASE\Library\libuspienv.a(string.o)
                0x00102878                String
                0x00102888                String2
                0x001028b8                _String
                0x001028e0                StringGet
                0x001028f8                StringSet
                0x00102940                StringGetLength
                0x00102960                StringAppend
                0x001029f0                StringCompare
                0x00102a00                StringFind
                0x00102a50                StringReserveSpace
                0x00102ac0                StringPutChar
                0x00102b04                StringPutString
                0x00102b44                ntoa
                0x00102c04                StringFormatV
                0x001032b8                StringFormat
 .text          0x001032e4      0x1e0 C:\Users\wegne\Desktop\Studia\OSM-laby\gierka\RPiLAB_BASE\Library\libuspienv.a(uspibind.o)
                0x001032e4                MsDelay
                0x001032fc                usDelay
                0x00103314                StartKernelTimer
                0x0010334c                CancelKernelTimer
                0x00103364                ConnectInterrupt
                0x0010338c                SetPowerStateOn
                0x00103408                GetMACAddress
                0x0010347c                LogWrite
 .text          0x001034c4      0x150 C:\Users\wegne\Desktop\Studia\OSM-laby\gierka\RPiLAB_BASE\Library\libuspienv.a(uspienv.o)
                0x001034c4                USPiEnvInitialize
                0x001035cc                USPiEnvClose
                0x00103608                USPiEnvGetScreen
 .text          0x00103614      0x2a8 C:\Users\wegne\Desktop\Studia\OSM-laby\gierka\RPiLAB_BASE\Library\libuspienv.a(util.o)
                0x00103614                memset
                0x00103634                memcpy
                0x00103658                memcmp
                0x001036d0                strlen
                0x00103700                strcmp
                0x001037a4                strcpy
                0x001037d8                strncpy
                0x0010382c                strcat
                0x00103878                char2int
                0x00103888                le2be16
                0x00103898                le2be32
 .text          0x001038bc       0x20 C:\Users\wegne\Desktop\Studia\OSM-laby\gierka\RPiLAB_BASE\Library\libuspienv.a(util_fast.o)
                0x001038bc                memcpyblk
 .text          0x001038dc      0x170 C:\Users\wegne\Desktop\Studia\OSM-laby\gierka\RPiLAB_BASE\Library\libuspienv.a(memory.o)
                0x001038dc                _MemorySystem
                0x00103938                MemorySystemGetMemSize
                0x00103940                MemorySystemEnableMMU
                0x0010399c                MemorySystem
 .text          0x00103a4c      0x19c C:\Users\wegne\Desktop\Studia\OSM-laby\gierka\RPiLAB_BASE\Library\libuspienv.a(pagetable.o)
                0x00103a4c                PageTable
                0x00103ae4                PageTable2
                0x00103bb4                _PageTable
                0x00103bdc                PageTableGetBaseAddress
 .text          0x00103be8      0x1ac C:\Users\wegne\Desktop\Studia\OSM-laby\gierka\RPiLAB_BASE\Library\libuspienv.a(exceptionhandler.o)
                0x00103be8                ExceptionHandler2
                0x00103c60                _ExceptionHandler
                0x00103c74                ExceptionHandlerThrow
                0x00103cb0                ExceptionHandlerThrow2
                0x00103d60                ExceptionHandlerGet
                0x00103d70                ExceptionHandler
 .text          0x00103d94       0x70 C:\Users\wegne\Desktop\Studia\OSM-laby\gierka\RPiLAB_BASE\Library\libuspienv.a(startup.o)
                0x00103d94                _start
                0x00103df8                _start_secondary
 .text          0x00103e04      0x26c C:\Users\wegne\Desktop\Studia\OSM-laby\gierka\RPiLAB_BASE\Library\libuspienv.a(alloc.o)
                0x00103e04                mem_init
                0x00103e48                mem_get_size
                0x00103e70                malloc
                0x00103f5c                free
                0x00103fcc                palloc
                0x0010403c                pfree
 .text          0x00104070      0x208 C:\Users\wegne\Desktop\Studia\OSM-laby\gierka\RPiLAB_BASE\Library\libuspienv.a(bcmframebuffer.o)
                0x00104070                BcmFrameBuffer
                0x001041a0                _BcmFrameBuffer
                0x001041c4                BcmFrameBufferSetPalette
                0x001041e0                BcmFrameBufferInitialize
                0x0010422c                BcmFrameBufferGetWidth
                0x00104238                BcmFrameBufferGetHeight
                0x00104244                BcmFrameBufferGetPitch
                0x00104250                BcmFrameBufferGetDepth
                0x0010425c                BcmFrameBufferGetBuffer
                0x0010426c                BcmFrameBufferGetSize
 .text          0x00104278      0x108 C:\Users\wegne\Desktop\Studia\OSM-laby\gierka\RPiLAB_BASE\Library\libuspienv.a(bcmpropertytags.o)
                0x00104278                BcmPropertyTags
                0x00104288                _BcmPropertyTags
                0x00104294                BcmPropertyTagsGetTag
 .text          0x00104380       0x7c C:\Users\wegne\Desktop\Studia\OSM-laby\gierka\RPiLAB_BASE\Library\libuspienv.a(chargenerator.o)
                0x00104380                CharGenerator
                0x0010438c                _CharGenerator
                0x00104390                CharGeneratorGetCharWidth
                0x00104398                CharGeneratorGetCharHeight
                0x001043a0                CharGeneratorGetUnderline
                0x001043a8                CharGeneratorGetPixel
 .text          0x001043fc       0xe0 C:\Users\wegne\Desktop\Studia\OSM-laby\gierka\RPiLAB_BASE\Library\libuspienv.a(exceptionstub.o)
                0x001043fc                UndefinedInstructionStub
                0x00104440                PrefetchAbortStub
                0x00104484                DataAbortStub
                0x001044c8                IRQStub
 .text          0x001044dc      0x2e0 C:\Users\wegne\Desktop\Studia\OSM-laby\gierka\RPiLAB_BASE\Library\libuspienv.a(interrupt.o)
                0x001044dc                InterruptSystem
                0x0010450c                _InterruptSystem
                0x00104520                InterruptSystemInitialize
                0x00104600                InterruptSystemEnableIRQ
                0x00104650                InterruptSystemConnectIRQ
                0x0010466c                InterruptSystemDisableIRQ
                0x001046bc                InterruptSystemDisconnectIRQ
                0x001046e4                InterruptSystemGet
                0x001046f4                InterruptSystemCallIRQHandler
                0x00104728                InterruptHandler
 .text          0x001047bc       0x50 C:\Users\wegne\Desktop\Studia\OSM-laby\gierka\RPiLAB_BASE\Library\libuspienv.a(libstub.o)
                0x001047bc                __aeabi_uidiv
                0x001047cc                __aeabi_uidivmod
                0x001047e8                PUT32
                0x001047f0                PUT16
                0x001047f8                PUT8
                0x00104800                GET32
                0x00104808                dummy
 .text          0x0010480c      0x324 C:\Users\wegne\Desktop\Studia\OSM-laby\gierka\RPiLAB_BASE\Library\libuspienv.a(logger.o)
                0x0010480c                Logger
                0x0010482c                _Logger
                0x00104848                LoggerInitialize
                0x00104854                LoggerGet
                0x00104864                LoggerWrite2
                0x0010488c                LoggerWriteV
                0x00104b00                LoggerWrite
 .text          0x00104b30       0x10 C:\Users\wegne\Desktop\Studia\OSM-laby\gierka\RPiLAB_BASE\Library\libuspienv.a(memio.o)
                0x00104b30                read32
                0x00104b38                write32
 .text          0x00104b40      0x210 C:\Users\wegne\Desktop\Studia\OSM-laby\gierka\RPiLAB_BASE\Library\libuspienv.a(synchronize.o)
                0x00104b40                EnterCritical
                0x00104b7c                LeaveCritical
                0x00104bb0                InvalidateDataCache
                0x00104c38                CleanDataCache
                0x00104cc0                InvalidateDataCacheRange
                0x00104cf0                CleanDataCacheRange
                0x00104d20                CleanAndInvalidateDataCacheRange
 .text          0x00104d50       0xc8 C:\Users\wegne\Desktop\Studia\OSM-laby\gierka\RPiLAB_BASE\Library\libuspienv.a(sysinit.o)
                0x00104d50                halt
                0x00104d58                reboot
                0x00104d8c                sysinit
 .text          0x00104e18      0x4a0 C:\Users\wegne\Desktop\Studia\OSM-laby\gierka\RPiLAB_BASE\Library\libuspienv.a(timer.o)
                0x00104e18                Timer
                0x00104e80                _Timer
                0x00104e94                TimerGetClockTicks
                0x00104eb0                TimerGetTicks
                0x00104eb8                TimerGetTime
                0x00104ec0                TimerGetTimeString
                0x00104f7c                TimerStartKernelTimer
                0x0010501c                TimerCancelKernelTimer
                0x00105030                TimerMsDelay
                0x0010504c                TimerusDelay
                0x00105068                TimerGet
                0x00105078                TimerSimpleusDelay
                0x001050c0                TimerSimpleMsDelay
                0x001050dc                TimerPollKernelTimers
                0x00105140                TimerInterruptHandler
                0x001051f0                TimerTuneMsDelay
                0x00105250                TimerInitialize
 .text          0x001052b8       0xfc C:\Users\wegne\Desktop\Studia\OSM-laby\gierka\RPiLAB_BASE\Library\libuspienv.a(bcmmailbox.o)
                0x001052b8                BcmMailBox
                0x001052c0                _BcmMailBox
                0x001052c4                BcmMailBoxFlush
                0x00105300                BcmMailBoxRead
                0x00105348                BcmMailBoxWrite
                0x00105384                BcmMailBoxWriteRead
 *fill*         0x001053b4        0x4 
 .text          0x001053b8        0xc C:\Users\wegne\Desktop\Studia\OSM-laby\gierka\RPiLAB_BASE\Library\libuspienv.a(delayloop.o)
                0x001053b8                DelayLoop
 .text          0x001053c4       0xc0 C:\Users\wegne\Desktop\Studia\OSM-laby\gierka\RPiLAB_BASE\Library\libuspienv.a(libhelper.o)
                0x001053c4                Divide
 .text          0x00105484      0x72c C:\Users\wegne\Desktop\Studia\OSM-laby\gierka\RPiLAB_BASE\Library\libuspi.a(uspilibrary.o)
                0x00105484                USPiInitialize
                0x00105668                USPiKeyboardAvailable
                0x00105684                USPiKeyboardRegisterKeyPressedHandler
                0x001056a4                USPiKeyboardRegisterShutdownHandler
                0x001056c4                USPiKeyboardRegisterKeyStatusHandlerRaw
                0x001056e4                USPiMouseAvailable
                0x00105700                USPiMouseRegisterStatusHandler
                0x00105720                USPiMassStorageDeviceAvailable
                0x0010577c                USPiMassStorageDeviceRead
                0x0010580c                USPiMassStorageDeviceWrite
                0x0010589c                USPiMassStorageDeviceGetCapacity
                0x001058dc                USPiEthernetAvailable
                0x001058f8                USPiGetMACAddress
                0x00105920                USPiSendFrame
                0x0010594c                USPiReceiveFrame
                0x00105978                USPiGamePadAvailable
                0x001059d4                USPiGamePadRegisterStatusHandler
                0x00105a14                USPiGamePadGetStatus
                0x00105a74                USPiDeviceGetInformation
 .text          0x00105bb0     0x1bcc C:\Users\wegne\Desktop\Studia\OSM-laby\gierka\RPiLAB_BASE\Library\libuspi.a(dwhcidevice.o)
                0x00105bb0                DWHCIDeviceCompletionRoutine
                0x00105bbc                DWHCIDevice
                0x00105bfc                _DWHCIDevice
                0x00105c0c                DWHCIDeviceEnableGlobalInterrupts
                0x00105c50                DWHCIDeviceEnableCommonInterrupts
                0x00105c88                DWHCIDeviceEnableHostInterrupts
                0x00105ce4                DWHCIDeviceEnableChannelInterrupt
                0x00105d38                DWHCIDeviceDisableChannelInterrupt
                0x00105d8c                DWHCIDeviceStartChannel
                0x00106100                DWHCIDeviceStartTransaction
                0x001061c4                DWHCIDeviceTimerHandler
                0x00106230                DWHCIDeviceAllocateChannel
                0x001062ac                DWHCIDeviceFreeChannel
                0x001062d4                DWHCIDeviceTransferStageAsync
                0x001063e4                DWHCIDeviceSubmitAsyncRequest
                0x00106428                DWHCIDeviceTransferStage
                0x0010649c                DWHCIDeviceSubmitBlockingRequest
                0x00106610                DWHCIDeviceControlMessage
                0x001066b0                DWHCIDeviceGetDescriptor
                0x001066ec                DWHCIDeviceSetAddress
                0x00106738                DWHCIDeviceSetConfiguration
                0x00106784                DWHCIDeviceTransfer
                0x001067dc                DWHCIDeviceChannelInterruptHandler
                0x00106cf4                DWHCIDeviceInterruptHandler
                0x00106de4                DWHCIDeviceWaitForBit
                0x00106e48                DWHCIDeviceEnableRootPort
                0x00106f14                DWHCIDeviceReset
                0x00106fc8                DWHCIDeviceInitCore
                0x00107194                DWHCIDeviceFlushTxFIFO
                0x00107220                DWHCIDeviceFlushRxFIFO
                0x00107290                DWHCIDeviceInitHost
                0x0010748c                DWHCIDeviceInitialize
                0x00107690                DWHCIDeviceGetPortSpeed
                0x001076ec                DWHCIDeviceOvercurrentDetected
                0x00107738                DWHCIDeviceDisableRootPort
 .text          0x0010777c       0xf8 C:\Users\wegne\Desktop\Studia\OSM-laby\gierka\RPiLAB_BASE\Library\libuspi.a(dwhciregister.o)
                0x0010777c                DWHCIRegister
                0x0010778c                DWHCIRegister2
                0x001077a0                _DWHCIRegister
                0x001077ac                DWHCIRegisterRead
                0x001077c8                DWHCIRegisterWrite
                0x001077d8                DWHCIRegisterGet
                0x001077e0                DWHCIRegisterSet
                0x001077f0                DWHCIRegisterIsSet
                0x00107804                DWHCIRegisterAnd
                0x00107814                DWHCIRegisterOr
                0x00107824                DWHCIRegisterClearBit
                0x00107838                DWHCIRegisterSetBit
                0x0010784c                DWHCIRegisterClearAll
                0x00107860                DWHCIRegisterSetAll
 .text          0x00107874      0x500 C:\Users\wegne\Desktop\Studia\OSM-laby\gierka\RPiLAB_BASE\Library\libuspi.a(dwhcixferstagedata.o)
                0x00107874                _DWHCITransferStageData
                0x001078d4                DWHCITransferStageDataTransactionComplete
                0x001079b0                DWHCITransferStageDataSetSplitComplete
                0x001079b8                DWHCITransferStageDataSetState
                0x001079c0                DWHCITransferStageDataGetState
                0x001079c8                DWHCITransferStageDataSetSubState
                0x001079d0                DWHCITransferStageDataGetSubState
                0x001079d8                DWHCITransferStageDataBeginSplitCycle
                0x001079e0                DWHCITransferStageDataGetChannelNumber
                0x001079e8                DWHCITransferStageDataIsPeriodic
                0x00107a0c                DWHCITransferStageData
                0x00107c18                DWHCITransferStageDataGetDeviceAddress
                0x00107c28                DWHCITransferStageDataGetEndpointType
                0x00107c54                DWHCITransferStageDataGetEndpointNumber
                0x00107c64                DWHCITransferStageDataGetMaxPacketSize
                0x00107c6c                DWHCITransferStageDataGetSpeed
                0x00107c74                DWHCITransferStageDataGetPID
                0x00107ca4                DWHCITransferStageDataIsDirectionIn
                0x00107cac                DWHCITransferStageDataIsStatusStage
                0x00107cb4                DWHCITransferStageDataGetDMAAddress
                0x00107cbc                DWHCITransferStageDataGetBytesToTransfer
                0x00107cc4                DWHCITransferStageDataGetPacketsToTransfer
                0x00107ccc                DWHCITransferStageDataIsSplit
                0x00107cd4                DWHCITransferStageDataIsSplitComplete
                0x00107cdc                DWHCITransferStageDataGetHubAddress
                0x00107cec                DWHCITransferStageDataGetHubPortAddress
                0x00107cfc                DWHCITransferStageDataGetSplitPosition
                0x00107d04                DWHCITransferStageDataGetStatusMask
                0x00107d38                DWHCITransferStageDataGetTransactionStatus
                0x00107d40                DWHCITransferStageDataIsStageComplete
                0x00107d50                DWHCITransferStageDataGetResultLen
                0x00107d64                DWHCITransferStageDataGetURB
                0x00107d6c                DWHCITransferStageDataGetFrameScheduler
 .text          0x00107d74      0x724 C:\Users\wegne\Desktop\Studia\OSM-laby\gierka\RPiLAB_BASE\Library\libuspi.a(usbdevice.o)
                0x00107d74                USBDeviceConfigure
                0x00107dd4                USBDevice
                0x00107e40                USBDeviceCopy
                0x00107f34                _USBDevice
                0x00107fcc                USBDeviceGetName
                0x001080bc                USBDeviceGetAddress
                0x001080c4                USBDeviceGetSpeed
                0x001080cc                USBDeviceGetHubAddress
                0x001080d4                USBDeviceGetHubPortNumber
                0x001080dc                USBDeviceGetEndpoint0
                0x001080e4                USBDeviceGetHost
                0x001080ec                USBDeviceGetDeviceDescriptor
                0x001080f4                USBDeviceGetConfigurationDescriptor
                0x001080fc                USBDeviceGetDescriptor
                0x0010810c                USBDeviceConfigurationError
                0x0010811c                USBDeviceInitialize
                0x00108490                USBDeviceSetAddress
 .text          0x00108498      0x208 C:\Users\wegne\Desktop\Studia\OSM-laby\gierka\RPiLAB_BASE\Library\libuspi.a(usbendpoint.o)
                0x00108498                USBEndpoint
                0x001084c4                USBEndpoint2
                0x001085ac                USBEndpointCopy
                0x001085e4                _USBEndpoint
                0x001085f0                USBEndpointGetDevice
                0x001085f8                USBEndpointGetNumber
                0x00108600                USBEndpointGetType
                0x00108608                USBEndpointIsDirectionIn
                0x00108610                USBEndpointSetMaxPacketSize
                0x00108618                USBEndpointGetMaxPacketSize
                0x00108620                USBEndpointGetInterval
                0x00108628                USBEndpointGetNextPID
                0x00108638                USBEndpointSkipPID
                0x00108694                USBEndpointResetPID
 .text          0x001086a0       0xb0 C:\Users\wegne\Desktop\Studia\OSM-laby\gierka\RPiLAB_BASE\Library\libuspi.a(usbrequest.o)
                0x001086a0                USBRequest
                0x001086d0                _USBRequest
                0x001086e8                USBRequestGetEndpoint
                0x001086f0                USBRequestSetStatus
                0x001086f8                USBRequestSetResultLen
                0x00108700                USBRequestGetStatus
                0x00108708                USBRequestGetResultLength
                0x00108710                USBRequestGetSetupData
                0x00108718                USBRequestGetBuffer
                0x00108720                USBRequestGetBufLen
                0x00108728                USBRequestSetCompletionRoutine
                0x00108738                USBRequestCallCompletionRoutine
 .text          0x00108750      0x14c C:\Users\wegne\Desktop\Studia\OSM-laby\gierka\RPiLAB_BASE\Library\libuspi.a(devicenameservice.o)
                0x00108750                DeviceNameService
                0x00108768                _DeviceNameService
                0x001087dc                DeviceNameServiceAddDevice
                0x00108830                DeviceNameServiceGetDevice
                0x0010888c                DeviceNameServiceGet
 .text          0x0010889c      0x140 C:\Users\wegne\Desktop\Studia\OSM-laby\gierka\RPiLAB_BASE\Library\libuspi.a(macaddress.o)
                0x0010889c                MACAddress
                0x001088a8                _MACAddress
                0x001088b4                MACAddressIsEqual
                0x001088d4                MACAddressSet
                0x001088f4                MACAddress2
                0x00108900                MACAddressSetBroadcast
                0x00108924                MACAddressGet
                0x0010892c                MACAddressCopyTo
                0x00108948                MACAddressIsBroadcast
                0x00108988                MACAddressGetSize
                0x00108990                MACAddressFormat
 .text          0x001089dc      0x65c C:\Users\wegne\Desktop\Studia\OSM-laby\gierka\RPiLAB_BASE\Library\libuspi.a(smsc951x.o)
                0x001089dc                SMSC951xDevice
                0x00108a10                _SMSC951xDevice
                0x00108a7c                SMSC951xDeviceGetMACAddress
                0x00108a84                SMSC951xDeviceSendFrame
                0x00108ae8                SMSC951xDeviceReceiveFrame
                0x00108be8                SMSC951xDeviceWriteReg
                0x00108c50                SMSC951xDeviceConfigure
                0x00108fd0                SMSC951xDeviceReadReg
 .text          0x00109038      0x2a8 C:\Users\wegne\Desktop\Studia\OSM-laby\gierka\RPiLAB_BASE\Library\libuspi.a(util.o)
                0x00109038                uspi_memset
                0x00109058                uspi_memcpy
                0x0010907c                uspi_memcmp
                0x001090f4                uspi_strlen
                0x00109124                uspi_strcmp
                0x001091c8                uspi_strcpy
                0x001091fc                uspi_strncpy
                0x00109250                uspi_strcat
                0x0010929c                uspi_char2int
                0x001092ac                uspi_le2be16
                0x001092bc                uspi_le2be32
 .text          0x001092e0      0xb54 C:\Users\wegne\Desktop\Studia\OSM-laby\gierka\RPiLAB_BASE\Library\libuspi.a(usbmassdevice.o)
                0x001092e0                USBBulkOnlyMassStorageDevice
                0x0010931c                _USBBulkOnlyMassStorageDevice
                0x00109370                USBBulkOnlyMassStorageDeviceSeek
                0x00109380                USBBulkOnlyMassStorageDeviceGetCapacity
                0x00109388                USBBulkOnlyMassStorageDeviceCommand
                0x00109590                USBBulkOnlyMassStorageDeviceConfigure
                0x00109a68                USBBulkOnlyMassStorageDeviceTryRead
                0x00109b60                USBBulkOnlyMassStorageDeviceTryWrite
                0x00109c54                USBBulkOnlyMassStorageDeviceReset
                0x00109d8c                USBBulkOnlyMassStorageDeviceRead
                0x00109de0                USBBulkOnlyMassStorageDeviceWrite
 .text          0x00109e34      0x190 C:\Users\wegne\Desktop\Studia\OSM-laby\gierka\RPiLAB_BASE\Library\libuspi.a(dwhciframeschednper.o)
                0x00109e34                _DWHCIFrameSchedulerNonPeriodic
                0x00109e40                DWHCIFrameSchedulerNonPeriodicStartSplit
                0x00109e4c                DWHCIFrameSchedulerNonPeriodicWaitForFrame
                0x00109e50                DWHCIFrameSchedulerNonPeriodicIsOddFrame
                0x00109e58                DWHCIFrameSchedulerNonPeriodicCompleteSplit
                0x00109ea8                DWHCIFrameSchedulerNonPeriodicTransactionComplete
                0x00109f70                DWHCIFrameSchedulerNonPeriodic
 .text          0x00109fc4      0x218 C:\Users\wegne\Desktop\Studia\OSM-laby\gierka\RPiLAB_BASE\Library\libuspi.a(dwhciframeschedper.o)
                0x00109fc4                _DWHCIFrameSchedulerPeriodic
                0x00109fd0                DWHCIFrameSchedulerPeriodicStartSplit
                0x00109fe4                DWHCIFrameSchedulerPeriodicCompleteSplit
                0x0010a04c                DWHCIFrameSchedulerPeriodicIsOddFrame
                0x0010a058                DWHCIFrameSchedulerPeriodicTransactionComplete
                0x0010a114                DWHCIFrameSchedulerPeriodicWaitForFrame
                0x0010a180                DWHCIFrameSchedulerPeriodic
 .text          0x0010a1dc      0x560 C:\Users\wegne\Desktop\Studia\OSM-laby\gierka\RPiLAB_BASE\Library\libuspi.a(usbkeyboard.o)
                0x0010a23c                USBKeyboardDeviceConfigure
                0x0010a670                USBKeyboardDevice
                0x0010a6c8                _CUSBKeyboardDevice
                0x0010a71c                USBKeyboardDeviceRegisterKeyPressedHandler
                0x0010a724                USBKeyboardDeviceRegisterSelectConsoleHandler
                0x0010a72c                USBKeyboardDeviceRegisterShutdownHandler
                0x0010a734                USBKeyboardDeviceRegisterKeyStatusHandlerRaw
 .text          0x0010a73c      0x1e8 C:\Users\wegne\Desktop\Studia\OSM-laby\gierka\RPiLAB_BASE\Library\libuspi.a(dwhcirootport.o)
                0x0010a73c                DWHCIRootPort
                0x0010a74c                _DWHCIRootPort
                0x0010a780                DWHCIRootPortInitialize
 .text          0x0010a924      0x400 C:\Users\wegne\Desktop\Studia\OSM-laby\gierka\RPiLAB_BASE\Library\libuspi.a(usbmouse.o)
                0x0010a984                USBMouseDeviceConfigure
                0x0010ac98                USBMouseDevice
                0x0010acd0                _CUSBMouseDevice
                0x0010ad1c                USBMouseDeviceRegisterStatusHandler
 .text          0x0010ad24       0xdc C:\Users\wegne\Desktop\Studia\OSM-laby\gierka\RPiLAB_BASE\Library\libuspi.a(dwhciframeschednsplit.o)
                0x0010ad24                _DWHCIFrameSchedulerNoSplit
                0x0010ad28                DWHCIFrameSchedulerNoSplitStartSplit
                0x0010ad2c                DWHCIFrameSchedulerNoSplitCompleteSplit
                0x0010ad34                DWHCIFrameSchedulerNoSplitTransactionComplete
                0x0010ad38                DWHCIFrameSchedulerNoSplitIsOddFrame
                0x0010ad44                DWHCIFrameSchedulerNoSplitWaitForFrame
                0x0010ada8                DWHCIFrameSchedulerNoSplit
 .text          0x0010ae00      0xc24 C:\Users\wegne\Desktop\Studia\OSM-laby\gierka\RPiLAB_BASE\Library\libuspi.a(usbgamepad.o)
                0x0010b3ac                USBGamePadDeviceConfigure
                0x0010b8a8                USBGamePadDevice
                0x0010b940                _CUSBGamePadDevice
                0x0010b9c4                USBGamePadDeviceRegisterStatusHandler
                0x0010b9cc                USBGamePadDeviceGetReport
 .text          0x0010ba24       0xa0 C:\Users\wegne\Desktop\Studia\OSM-laby\gierka\RPiLAB_BASE\Library\libuspi.a(synchronize.o)
                0x0010ba24                uspi_EnterCritical
                0x0010ba60                uspi_LeaveCritical
                0x0010ba94                uspi_CleanAndInvalidateDataCacheRange
 .text          0x0010bac4      0x458 C:\Users\wegne\Desktop\Studia\OSM-laby\gierka\RPiLAB_BASE\Library\libuspi.a(usbstring.o)
                0x0010bac4                USBString
                0x0010baec                USBStringCopy
                0x0010bb54                _USBString
                0x0010bb98                USBStringGetFromDescriptor
                0x0010bd68                USBStringGet
                0x0010bd78                USBStringGetLanguageID
 .text          0x0010bf1c      0x214 C:\Users\wegne\Desktop\Studia\OSM-laby\gierka\RPiLAB_BASE\Library\libuspi.a(usbconfigparser.o)
                0x0010bf1c                USBConfigurationParser
                0x0010c048                _USBConfigurationParser
                0x0010c054                USBConfigurationParserIsValid
                0x0010c05c                USBConfigurationParserGetDescriptor
                0x0010c104                USBConfigurationParserError
 .text          0x0010c130      0x1a8 C:\Users\wegne\Desktop\Studia\OSM-laby\gierka\RPiLAB_BASE\Library\libuspi.a(usbdevicefactory.o)
                0x0010c130                GetDevice
                0x0010c278                USBDeviceFactoryGetDevice
 .text          0x0010c2d8      0xa88 C:\Users\wegne\Desktop\Studia\OSM-laby\gierka\RPiLAB_BASE\Library\libuspi.a(usbstandardhub.o)
                0x0010c2d8                USBStandardHub
                0x0010c31c                _USBStandardHub
                0x0010c3ac                USBStandardHubInitialize
                0x0010c3b8                USBStandardHubGetDeviceNames
                0x0010c478                USBStandardHubEnumeratePorts
                0x0010ca64                USBStandardHubConfigure
 .text          0x0010cd60      0x2c8 C:\Users\wegne\Desktop\Studia\OSM-laby\gierka\RPiLAB_BASE\Library\libuspi.a(keymap.o)
                0x0010cd60                KeyMap
                0x0010cd8c                _KeyMap
                0x0010cd90                KeyMapClearTable
                0x0010cdc4                KeyMapSetEntry
                0x0010ce10                KeyMapTranslate
                0x0010cf38                KeyMapGetString
                0x0010cff4                KeyMapGetLEDStatus
 .text          0x0010d028      0x144 c:/users/wegne/desktop/studia/osm-laby/smartdev/gcc_none_eabi_cortexa/bin/../lib/gcc/arm-none-eabi/9.2.1\libgcc.a(_arm_cmpdf2.o)
                0x0010d028                __gtdf2
                0x0010d028                __gedf2
                0x0010d030                __ltdf2
                0x0010d030                __ledf2
                0x0010d038                __nedf2
                0x0010d038                __eqdf2
                0x0010d038                __cmpdf2
                0x0010d0c0                __aeabi_cdrcmple
                0x0010d0dc                __aeabi_cdcmpeq
                0x0010d0dc                __aeabi_cdcmple
                0x0010d0f4                __aeabi_dcmpeq
                0x0010d10c                __aeabi_dcmplt
                0x0010d124                __aeabi_dcmple
                0x0010d13c                __aeabi_dcmpge
                0x0010d154                __aeabi_dcmpgt
 .text          0x0010d16c        0x0 c:/users/wegne/desktop/studia/osm-laby/smartdev/gcc_none_eabi_cortexa/bin/../lib/gcc/arm-none-eabi/9.2.1\libgcc.a(unwind-arm.o)
 .text.selfrel_offset31
                0x0010d16c       0x18 c:/users/wegne/desktop/studia/osm-laby/smartdev/gcc_none_eabi_cortexa/bin/../lib/gcc/arm-none-eabi/9.2.1\libgcc.a(unwind-arm.o)
 .text.search_EIT_table
                0x0010d184       0x90 c:/users/wegne/desktop/studia/osm-laby/smartdev/gcc_none_eabi_cortexa/bin/../lib/gcc/arm-none-eabi/9.2.1\libgcc.a(unwind-arm.o)
 .text.__gnu_unwind_get_pr_addr
                0x0010d214       0x40 c:/users/wegne/desktop/studia/osm-laby/smartdev/gcc_none_eabi_cortexa/bin/../lib/gcc/arm-none-eabi/9.2.1\libgcc.a(unwind-arm.o)
 .text.get_eit_entry
                0x0010d254      0x124 c:/users/wegne/desktop/studia/osm-laby/smartdev/gcc_none_eabi_cortexa/bin/../lib/gcc/arm-none-eabi/9.2.1\libgcc.a(unwind-arm.o)
 .text.restore_non_core_regs
                0x0010d378       0x90 c:/users/wegne/desktop/studia/osm-laby/smartdev/gcc_none_eabi_cortexa/bin/../lib/gcc/arm-none-eabi/9.2.1\libgcc.a(unwind-arm.o)
 .text._Unwind_decode_typeinfo_ptr.isra.0
                0x0010d408       0x14 c:/users/wegne/desktop/studia/osm-laby/smartdev/gcc_none_eabi_cortexa/bin/../lib/gcc/arm-none-eabi/9.2.1\libgcc.a(unwind-arm.o)
 .text.__gnu_unwind_24bit.isra.0
                0x0010d41c        0x8 c:/users/wegne/desktop/studia/osm-laby/smartdev/gcc_none_eabi_cortexa/bin/../lib/gcc/arm-none-eabi/9.2.1\libgcc.a(unwind-arm.o)
 .text._Unwind_DebugHook
                0x0010d424        0x4 c:/users/wegne/desktop/studia/osm-laby/smartdev/gcc_none_eabi_cortexa/bin/../lib/gcc/arm-none-eabi/9.2.1\libgcc.a(unwind-arm.o)
 .text.unwind_phase2
                0x0010d428       0x68 c:/users/wegne/desktop/studia/osm-laby/smartdev/gcc_none_eabi_cortexa/bin/../lib/gcc/arm-none-eabi/9.2.1\libgcc.a(unwind-arm.o)
 .text.unwind_phase2_forced
                0x0010d490      0x144 c:/users/wegne/desktop/studia/osm-laby/smartdev/gcc_none_eabi_cortexa/bin/../lib/gcc/arm-none-eabi/9.2.1\libgcc.a(unwind-arm.o)
 .text._Unwind_GetCFA
                0x0010d5d4        0x8 c:/users/wegne/desktop/studia/osm-laby/smartdev/gcc_none_eabi_cortexa/bin/../lib/gcc/arm-none-eabi/9.2.1\libgcc.a(unwind-arm.o)
                0x0010d5d4                _Unwind_GetCFA
 .text.__gnu_Unwind_RaiseException
                0x0010d5dc       0xac c:/users/wegne/desktop/studia/osm-laby/smartdev/gcc_none_eabi_cortexa/bin/../lib/gcc/arm-none-eabi/9.2.1\libgcc.a(unwind-arm.o)
                0x0010d5dc                __gnu_Unwind_RaiseException
 .text.__gnu_Unwind_ForcedUnwind
                0x0010d688       0x24 c:/users/wegne/desktop/studia/osm-laby/smartdev/gcc_none_eabi_cortexa/bin/../lib/gcc/arm-none-eabi/9.2.1\libgcc.a(unwind-arm.o)
                0x0010d688                __gnu_Unwind_ForcedUnwind
 .text.__gnu_Unwind_Resume
                0x0010d6ac       0x78 c:/users/wegne/desktop/studia/osm-laby/smartdev/gcc_none_eabi_cortexa/bin/../lib/gcc/arm-none-eabi/9.2.1\libgcc.a(unwind-arm.o)
                0x0010d6ac                __gnu_Unwind_Resume
 .text.__gnu_Unwind_Resume_or_Rethrow
                0x0010d724       0x1c c:/users/wegne/desktop/studia/osm-laby/smartdev/gcc_none_eabi_cortexa/bin/../lib/gcc/arm-none-eabi/9.2.1\libgcc.a(unwind-arm.o)
                0x0010d724                __gnu_Unwind_Resume_or_Rethrow
 .text._Unwind_Complete
                0x0010d740        0x4 c:/users/wegne/desktop/studia/osm-laby/smartdev/gcc_none_eabi_cortexa/bin/../lib/gcc/arm-none-eabi/9.2.1\libgcc.a(unwind-arm.o)
                0x0010d740                _Unwind_Complete
 .text._Unwind_DeleteException
                0x0010d744       0x18 c:/users/wegne/desktop/studia/osm-laby/smartdev/gcc_none_eabi_cortexa/bin/../lib/gcc/arm-none-eabi/9.2.1\libgcc.a(unwind-arm.o)
                0x0010d744                _Unwind_DeleteException
 .text._Unwind_VRS_Get
                0x0010d75c       0x64 c:/users/wegne/desktop/studia/osm-laby/smartdev/gcc_none_eabi_cortexa/bin/../lib/gcc/arm-none-eabi/9.2.1\libgcc.a(unwind-arm.o)
                0x0010d75c                _Unwind_VRS_Get
 .text._Unwind_GetGR
                0x0010d7c0       0x30 c:/users/wegne/desktop/studia/osm-laby/smartdev/gcc_none_eabi_cortexa/bin/../lib/gcc/arm-none-eabi/9.2.1\libgcc.a(unwind-arm.o)
 .text._Unwind_VRS_Set
                0x0010d7f0       0x64 c:/users/wegne/desktop/studia/osm-laby/smartdev/gcc_none_eabi_cortexa/bin/../lib/gcc/arm-none-eabi/9.2.1\libgcc.a(unwind-arm.o)
                0x0010d7f0                _Unwind_VRS_Set
 .text._Unwind_SetGR
                0x0010d854       0x34 c:/users/wegne/desktop/studia/osm-laby/smartdev/gcc_none_eabi_cortexa/bin/../lib/gcc/arm-none-eabi/9.2.1\libgcc.a(unwind-arm.o)
 .text.__gnu_Unwind_Backtrace
                0x0010d888       0xcc c:/users/wegne/desktop/studia/osm-laby/smartdev/gcc_none_eabi_cortexa/bin/../lib/gcc/arm-none-eabi/9.2.1\libgcc.a(unwind-arm.o)
                0x0010d888                __gnu_Unwind_Backtrace
 .text.__gnu_unwind_pr_common
                0x0010d954      0x434 c:/users/wegne/desktop/studia/osm-laby/smartdev/gcc_none_eabi_cortexa/bin/../lib/gcc/arm-none-eabi/9.2.1\libgcc.a(unwind-arm.o)
 .text.__aeabi_unwind_cpp_pr0
                0x0010dd88        0x8 c:/users/wegne/desktop/studia/osm-laby/smartdev/gcc_none_eabi_cortexa/bin/../lib/gcc/arm-none-eabi/9.2.1\libgcc.a(unwind-arm.o)
                0x0010dd88                __aeabi_unwind_cpp_pr0
 .text.__aeabi_unwind_cpp_pr1
                0x0010dd90        0x8 c:/users/wegne/desktop/studia/osm-laby/smartdev/gcc_none_eabi_cortexa/bin/../lib/gcc/arm-none-eabi/9.2.1\libgcc.a(unwind-arm.o)
                0x0010dd90                __aeabi_unwind_cpp_pr1
 .text.__aeabi_unwind_cpp_pr2
                0x0010dd98        0x8 c:/users/wegne/desktop/studia/osm-laby/smartdev/gcc_none_eabi_cortexa/bin/../lib/gcc/arm-none-eabi/9.2.1\libgcc.a(unwind-arm.o)
                0x0010dd98                __aeabi_unwind_cpp_pr2
 .text._Unwind_VRS_Pop
                0x0010dda0      0x3ec c:/users/wegne/desktop/studia/osm-laby/smartdev/gcc_none_eabi_cortexa/bin/../lib/gcc/arm-none-eabi/9.2.1\libgcc.a(unwind-arm.o)
                0x0010dda0                _Unwind_VRS_Pop
 .text          0x0010e18c      0x1b0 c:/users/wegne/desktop/studia/osm-laby/smartdev/gcc_none_eabi_cortexa/bin/../lib/gcc/arm-none-eabi/9.2.1\libgcc.a(libunwind.o)
                0x0010e18c                __restore_core_regs
                0x0010e18c                restore_core_regs
                0x0010e1a8                __gnu_Unwind_Restore_VFP
                0x0010e1b0                __gnu_Unwind_Save_VFP
                0x0010e1b8                __gnu_Unwind_Restore_VFP_D
                0x0010e1c0                __gnu_Unwind_Save_VFP_D
                0x0010e1c8                __gnu_Unwind_Restore_VFP_D_16_to_31
                0x0010e1d0                __gnu_Unwind_Save_VFP_D_16_to_31
                0x0010e1d8                __gnu_Unwind_Restore_WMMXD
                0x0010e21c                __gnu_Unwind_Save_WMMXD
                0x0010e260                __gnu_Unwind_Restore_WMMXC
                0x0010e274                __gnu_Unwind_Save_WMMXC
                0x0010e288                ___Unwind_RaiseException
                0x0010e288                _Unwind_RaiseException
                0x0010e2ac                _Unwind_Resume
                0x0010e2ac                ___Unwind_Resume
                0x0010e2d0                _Unwind_Resume_or_Rethrow
                0x0010e2d0                ___Unwind_Resume_or_Rethrow
                0x0010e2f4                _Unwind_ForcedUnwind
                0x0010e2f4                ___Unwind_ForcedUnwind
                0x0010e318                ___Unwind_Backtrace
                0x0010e318                _Unwind_Backtrace
 .text          0x0010e33c        0x0 c:/users/wegne/desktop/studia/osm-laby/smartdev/gcc_none_eabi_cortexa/bin/../lib/gcc/arm-none-eabi/9.2.1\libgcc.a(pr-support.o)
 .text.next_unwind_byte
                0x0010e33c       0x60 c:/users/wegne/desktop/studia/osm-laby/smartdev/gcc_none_eabi_cortexa/bin/../lib/gcc/arm-none-eabi/9.2.1\libgcc.a(pr-support.o)
 .text._Unwind_GetGR.constprop.0
                0x0010e39c       0x30 c:/users/wegne/desktop/studia/osm-laby/smartdev/gcc_none_eabi_cortexa/bin/../lib/gcc/arm-none-eabi/9.2.1\libgcc.a(pr-support.o)
 .text.unwind_UCB_from_context
                0x0010e3cc        0x4 c:/users/wegne/desktop/studia/osm-laby/smartdev/gcc_none_eabi_cortexa/bin/../lib/gcc/arm-none-eabi/9.2.1\libgcc.a(pr-support.o)
 .text.__gnu_unwind_execute
                0x0010e3d0      0x3d4 c:/users/wegne/desktop/studia/osm-laby/smartdev/gcc_none_eabi_cortexa/bin/../lib/gcc/arm-none-eabi/9.2.1\libgcc.a(pr-support.o)
                0x0010e3d0                __gnu_unwind_execute
 .text.__gnu_unwind_frame
                0x0010e7a4       0x48 c:/users/wegne/desktop/studia/osm-laby/smartdev/gcc_none_eabi_cortexa/bin/../lib/gcc/arm-none-eabi/9.2.1\libgcc.a(pr-support.o)
                0x0010e7a4                __gnu_unwind_frame
 .text._Unwind_GetRegionStart
                0x0010e7ec       0x14 c:/users/wegne/desktop/studia/osm-laby/smartdev/gcc_none_eabi_cortexa/bin/../lib/gcc/arm-none-eabi/9.2.1\libgcc.a(pr-support.o)
                0x0010e7ec                _Unwind_GetRegionStart
 .text._Unwind_GetLanguageSpecificData
                0x0010e800       0x20 c:/users/wegne/desktop/studia/osm-laby/smartdev/gcc_none_eabi_cortexa/bin/../lib/gcc/arm-none-eabi/9.2.1\libgcc.a(pr-support.o)
                0x0010e800                _Unwind_GetLanguageSpecificData
 .text.unlikely._Unwind_GetDataRelBase
                0x0010e820        0x8 c:/users/wegne/desktop/studia/osm-laby/smartdev/gcc_none_eabi_cortexa/bin/../lib/gcc/arm-none-eabi/9.2.1\libgcc.a(pr-support.o)
                0x0010e820                _Unwind_GetDataRelBase
 .text.unlikely._Unwind_GetTextRelBase
                0x0010e828        0x8 c:/users/wegne/desktop/studia/osm-laby/smartdev/gcc_none_eabi_cortexa/bin/../lib/gcc/arm-none-eabi/9.2.1\libgcc.a(pr-support.o)
                0x0010e828                _Unwind_GetTextRelBase
                0x0010e830                _etext = .

.glue_7         0x0010e830        0x0
 .glue_7        0x0010e830        0x0 linker stubs

.glue_7t        0x0010e830        0x0
 .glue_7t       0x0010e830        0x0 linker stubs

.vfp11_veneer   0x0010e830        0x0
 .vfp11_veneer  0x0010e830        0x0 linker stubs

.v4_bx          0x0010e830        0x0
 .v4_bx         0x0010e830        0x0 linker stubs

.iplt           0x0010e830        0x0
 .iplt          0x0010e830        0x0 ./src/main.o

.rodata         0x0010e830     0x11da
 *(.rodata*)
 .rodata.str1.4
                0x0010e830       0x3b ./src/main.o
 *fill*         0x0010e86b        0x1 
 .rodata        0x0010e86c       0x41 C:\Users\wegne\Desktop\Studia\OSM-laby\gierka\RPiLAB_BASE\Library\libuspienv.a(screen.o)
 .rodata.str1.4
                0x0010e8ad       0x3b C:\Users\wegne\Desktop\Studia\OSM-laby\gierka\RPiLAB_BASE\Library\libuspienv.a(string.o)
                                  0x1 (size before relaxing)
 *fill*         0x0010e8ad        0x3 
 .rodata        0x0010e8b0       0x18 C:\Users\wegne\Desktop\Studia\OSM-laby\gierka\RPiLAB_BASE\Library\libuspienv.a(exceptionhandler.o)
 .rodata.str1.4
                0x0010e8c8       0x97 C:\Users\wegne\Desktop\Studia\OSM-laby\gierka\RPiLAB_BASE\Library\libuspienv.a(exceptionhandler.o)
 *fill*         0x0010e95f        0x1 
 .rodata        0x0010e960      0x524 C:\Users\wegne\Desktop\Studia\OSM-laby\gierka\RPiLAB_BASE\Library\libuspienv.a(chargenerator.o)
 .rodata.str1.4
                0x0010ee84       0x1a C:\Users\wegne\Desktop\Studia\OSM-laby\gierka\RPiLAB_BASE\Library\libuspienv.a(logger.o)
 *fill*         0x0010ee9e        0x2 
 .rodata.str1.4
                0x0010eea0       0x46 C:\Users\wegne\Desktop\Studia\OSM-laby\gierka\RPiLAB_BASE\Library\libuspienv.a(timer.o)
 *fill*         0x0010eee6        0x2 
 .rodata        0x0010eee8        0x5 C:\Users\wegne\Desktop\Studia\OSM-laby\gierka\RPiLAB_BASE\Library\libuspi.a(uspilibrary.o)
 *fill*         0x0010eeed        0x3 
 .rodata.str1.4
                0x0010eef0       0x57 C:\Users\wegne\Desktop\Studia\OSM-laby\gierka\RPiLAB_BASE\Library\libuspi.a(uspilibrary.o)
 *fill*         0x0010ef47        0x1 
 .rodata        0x0010ef48        0x6 C:\Users\wegne\Desktop\Studia\OSM-laby\gierka\RPiLAB_BASE\Library\libuspi.a(dwhcidevice.o)
 *fill*         0x0010ef4e        0x2 
 .rodata.str1.4
                0x0010ef50       0xcc C:\Users\wegne\Desktop\Studia\OSM-laby\gierka\RPiLAB_BASE\Library\libuspi.a(dwhcidevice.o)
 .rodata        0x0010f01c        0x7 C:\Users\wegne\Desktop\Studia\OSM-laby\gierka\RPiLAB_BASE\Library\libuspi.a(usbdevice.o)
 *fill*         0x0010f023        0x1 
 .rodata.str1.4
                0x0010f024      0x150 C:\Users\wegne\Desktop\Studia\OSM-laby\gierka\RPiLAB_BASE\Library\libuspi.a(usbdevice.o)
 .rodata.str1.4
                0x0010f174       0x1e C:\Users\wegne\Desktop\Studia\OSM-laby\gierka\RPiLAB_BASE\Library\libuspi.a(macaddress.o)
 *fill*         0x0010f192        0x2 
 .rodata        0x0010f194        0x9 C:\Users\wegne\Desktop\Studia\OSM-laby\gierka\RPiLAB_BASE\Library\libuspi.a(smsc951x.o)
 *fill*         0x0010f19d        0x3 
 .rodata.str1.4
                0x0010f1a0       0x7e C:\Users\wegne\Desktop\Studia\OSM-laby\gierka\RPiLAB_BASE\Library\libuspi.a(smsc951x.o)
 *fill*         0x0010f21e        0x2 
 .rodata        0x0010f220        0x5 C:\Users\wegne\Desktop\Studia\OSM-laby\gierka\RPiLAB_BASE\Library\libuspi.a(usbmassdevice.o)
 *fill*         0x0010f225        0x3 
 .rodata.str1.4
                0x0010f228      0x1c4 C:\Users\wegne\Desktop\Studia\OSM-laby\gierka\RPiLAB_BASE\Library\libuspi.a(usbmassdevice.o)
                                0x1e8 (size before relaxing)
 .rodata.str1.4
                0x0010f3ec       0x1c C:\Users\wegne\Desktop\Studia\OSM-laby\gierka\RPiLAB_BASE\Library\libuspi.a(dwhciframeschednper.o)
 .rodata.str1.4
                0x0010f408       0x1c C:\Users\wegne\Desktop\Studia\OSM-laby\gierka\RPiLAB_BASE\Library\libuspi.a(dwhciframeschedper.o)
 .rodata        0x0010f408        0x7 C:\Users\wegne\Desktop\Studia\OSM-laby\gierka\RPiLAB_BASE\Library\libuspi.a(usbkeyboard.o)
 *fill*         0x0010f40f        0x1 
 .rodata.str1.4
                0x0010f410       0x3b C:\Users\wegne\Desktop\Studia\OSM-laby\gierka\RPiLAB_BASE\Library\libuspi.a(usbkeyboard.o)
                                 0x57 (size before relaxing)
 *fill*         0x0010f44b        0x1 
 .rodata        0x0010f44c        0x7 C:\Users\wegne\Desktop\Studia\OSM-laby\gierka\RPiLAB_BASE\Library\libuspi.a(dwhcirootport.o)
 *fill*         0x0010f453        0x1 
 .rodata.str1.4
                0x0010f454       0x63 C:\Users\wegne\Desktop\Studia\OSM-laby\gierka\RPiLAB_BASE\Library\libuspi.a(dwhcirootport.o)
 *fill*         0x0010f4b7        0x1 
 .rodata        0x0010f4b8        0x7 C:\Users\wegne\Desktop\Studia\OSM-laby\gierka\RPiLAB_BASE\Library\libuspi.a(usbmouse.o)
 *fill*         0x0010f4bf        0x1 
 .rodata.str1.4
                0x0010f4c0        0x9 C:\Users\wegne\Desktop\Studia\OSM-laby\gierka\RPiLAB_BASE\Library\libuspi.a(usbmouse.o)
                                 0x59 (size before relaxing)
 *fill*         0x0010f4c9        0x3 
 .rodata        0x0010f4cc        0xd C:\Users\wegne\Desktop\Studia\OSM-laby\gierka\RPiLAB_BASE\Library\libuspi.a(usbgamepad.o)
 *fill*         0x0010f4d9        0x3 
 .rodata.str1.4
                0x0010f4dc       0x21 C:\Users\wegne\Desktop\Studia\OSM-laby\gierka\RPiLAB_BASE\Library\libuspi.a(usbgamepad.o)
                                 0x5f (size before relaxing)
 *fill*         0x0010f4fd        0x3 
 .rodata.str1.4
                0x0010f500       0x2f C:\Users\wegne\Desktop\Studia\OSM-laby\gierka\RPiLAB_BASE\Library\libuspi.a(usbconfigparser.o)
 *fill*         0x0010f52f        0x1 
 .rodata.str1.4
                0x0010f530       0x45 C:\Users\wegne\Desktop\Studia\OSM-laby\gierka\RPiLAB_BASE\Library\libuspi.a(usbdevicefactory.o)
 *fill*         0x0010f575        0x3 
 .rodata        0x0010f578        0x7 C:\Users\wegne\Desktop\Studia\OSM-laby\gierka\RPiLAB_BASE\Library\libuspi.a(usbstandardhub.o)
 *fill*         0x0010f57f        0x1 
 .rodata.str1.4
                0x0010f580      0x170 C:\Users\wegne\Desktop\Studia\OSM-laby\gierka\RPiLAB_BASE\Library\libuspi.a(usbstandardhub.o)
                                0x1ac (size before relaxing)
 .rodata        0x0010f6f0      0x24c C:\Users\wegne\Desktop\Studia\OSM-laby\gierka\RPiLAB_BASE\Library\libuspi.a(keymap.o)
 .rodata.str1.4
                0x0010f93c       0xce C:\Users\wegne\Desktop\Studia\OSM-laby\gierka\RPiLAB_BASE\Library\libuspi.a(keymap.o)
                                 0xde (size before relaxing)

.ARM.extab      0x0010fa0a        0x0
 .ARM.extab     0x0010fa0a        0x0 ./src/main.o
 .ARM.extab     0x0010fa0a        0x0 ./src/peripherals.o
 .ARM.extab     0x0010fa0a        0x0 ./src/utilities.o

.ARM.exidx      0x0010fa0c       0x38
 .ARM.exidx     0x0010fa0c       0x30 ./src/main.o
                                 0x48 (size before relaxing)
 .ARM.exidx     0x0010fa3c        0x8 ./src/peripherals.o
                                 0x30 (size before relaxing)
 .ARM.exidx     0x0010fa44        0x0 ./src/utilities.o
                                 0x18 (size before relaxing)

.ARM.extab.text.startup
                0x0010fa44        0x0
 .ARM.extab.text.startup
                0x0010fa44        0x0 ./src/main.o

.ARM.exidx.text.startup
                0x0010fa44        0x8
 .ARM.exidx.text.startup
                0x0010fa44        0x8 ./src/main.o

.ARM.extab.begin
                0x0010fa4c        0x0
 .ARM.extab.begin
                0x0010fa4c        0x0 ./src/utilities.o

.ARM.exidx.begin
                0x0010fa4c        0x8
 .ARM.exidx.begin
                0x0010fa4c        0x8 ./src/utilities.o

.ARM.extab.text.unlikely
                0x0010fa54        0x0
 .ARM.extab.text.unlikely
                0x0010fa54        0x0 ./src/utilities.o

.ARM.exidx.text.unlikely
                0x0010fa54        0x0
 .ARM.exidx.text.unlikely
                0x0010fa54        0x0 ./src/utilities.o
                                  0x8 (size before relaxing)

.ARM.extab.text.selfrel_offset31
                0x0010fa54        0x0
 .ARM.extab.text.selfrel_offset31
                0x0010fa54        0x0 c:/users/wegne/desktop/studia/osm-laby/smartdev/gcc_none_eabi_cortexa/bin/../lib/gcc/arm-none-eabi/9.2.1\libgcc.a(unwind-arm.o)

.ARM.exidx.text.selfrel_offset31
                0x0010fa54        0x0
 .ARM.exidx.text.selfrel_offset31
                0x0010fa54        0x0 c:/users/wegne/desktop/studia/osm-laby/smartdev/gcc_none_eabi_cortexa/bin/../lib/gcc/arm-none-eabi/9.2.1\libgcc.a(unwind-arm.o)
                                  0x8 (size before relaxing)

.ARM.extab.text.search_EIT_table
                0x0010fa54        0x0
 .ARM.extab.text.search_EIT_table
                0x0010fa54        0x0 c:/users/wegne/desktop/studia/osm-laby/smartdev/gcc_none_eabi_cortexa/bin/../lib/gcc/arm-none-eabi/9.2.1\libgcc.a(unwind-arm.o)

.ARM.exidx.text.search_EIT_table
                0x0010fa54        0x0
 .ARM.exidx.text.search_EIT_table
                0x0010fa54        0x0 c:/users/wegne/desktop/studia/osm-laby/smartdev/gcc_none_eabi_cortexa/bin/../lib/gcc/arm-none-eabi/9.2.1\libgcc.a(unwind-arm.o)
                                  0x8 (size before relaxing)

.ARM.extab.text.__gnu_unwind_get_pr_addr
                0x0010fa54        0x0
 .ARM.extab.text.__gnu_unwind_get_pr_addr
                0x0010fa54        0x0 c:/users/wegne/desktop/studia/osm-laby/smartdev/gcc_none_eabi_cortexa/bin/../lib/gcc/arm-none-eabi/9.2.1\libgcc.a(unwind-arm.o)

.ARM.exidx.text.__gnu_unwind_get_pr_addr
                0x0010fa54        0x0
 .ARM.exidx.text.__gnu_unwind_get_pr_addr
                0x0010fa54        0x0 c:/users/wegne/desktop/studia/osm-laby/smartdev/gcc_none_eabi_cortexa/bin/../lib/gcc/arm-none-eabi/9.2.1\libgcc.a(unwind-arm.o)
                                  0x8 (size before relaxing)

.ARM.extab.text.get_eit_entry
                0x0010fa54        0x0
 .ARM.extab.text.get_eit_entry
                0x0010fa54        0x0 c:/users/wegne/desktop/studia/osm-laby/smartdev/gcc_none_eabi_cortexa/bin/../lib/gcc/arm-none-eabi/9.2.1\libgcc.a(unwind-arm.o)

.ARM.exidx.text.get_eit_entry
                0x0010fa54        0x8
 .ARM.exidx.text.get_eit_entry
                0x0010fa54        0x8 c:/users/wegne/desktop/studia/osm-laby/smartdev/gcc_none_eabi_cortexa/bin/../lib/gcc/arm-none-eabi/9.2.1\libgcc.a(unwind-arm.o)

.ARM.extab.text.restore_non_core_regs
                0x0010fa5c        0x0
 .ARM.extab.text.restore_non_core_regs
                0x0010fa5c        0x0 c:/users/wegne/desktop/studia/osm-laby/smartdev/gcc_none_eabi_cortexa/bin/../lib/gcc/arm-none-eabi/9.2.1\libgcc.a(unwind-arm.o)

.ARM.exidx.text.restore_non_core_regs
                0x0010fa5c        0x8
 .ARM.exidx.text.restore_non_core_regs
                0x0010fa5c        0x8 c:/users/wegne/desktop/studia/osm-laby/smartdev/gcc_none_eabi_cortexa/bin/../lib/gcc/arm-none-eabi/9.2.1\libgcc.a(unwind-arm.o)

.ARM.extab.text._Unwind_decode_typeinfo_ptr.isra.0
                0x0010fa64        0x0
 .ARM.extab.text._Unwind_decode_typeinfo_ptr.isra.0
                0x0010fa64        0x0 c:/users/wegne/desktop/studia/osm-laby/smartdev/gcc_none_eabi_cortexa/bin/../lib/gcc/arm-none-eabi/9.2.1\libgcc.a(unwind-arm.o)

.ARM.exidx.text._Unwind_decode_typeinfo_ptr.isra.0
                0x0010fa64        0x8
 .ARM.exidx.text._Unwind_decode_typeinfo_ptr.isra.0
                0x0010fa64        0x8 c:/users/wegne/desktop/studia/osm-laby/smartdev/gcc_none_eabi_cortexa/bin/../lib/gcc/arm-none-eabi/9.2.1\libgcc.a(unwind-arm.o)

.ARM.extab.text.__gnu_unwind_24bit.isra.0
                0x0010fa6c        0x0
 .ARM.extab.text.__gnu_unwind_24bit.isra.0
                0x0010fa6c        0x0 c:/users/wegne/desktop/studia/osm-laby/smartdev/gcc_none_eabi_cortexa/bin/../lib/gcc/arm-none-eabi/9.2.1\libgcc.a(unwind-arm.o)

.ARM.exidx.text.__gnu_unwind_24bit.isra.0
                0x0010fa6c        0x0
 .ARM.exidx.text.__gnu_unwind_24bit.isra.0
                0x0010fa6c        0x0 c:/users/wegne/desktop/studia/osm-laby/smartdev/gcc_none_eabi_cortexa/bin/../lib/gcc/arm-none-eabi/9.2.1\libgcc.a(unwind-arm.o)
                                  0x8 (size before relaxing)

.ARM.extab.text._Unwind_DebugHook
                0x0010fa6c        0x0
 .ARM.extab.text._Unwind_DebugHook
                0x0010fa6c        0x0 c:/users/wegne/desktop/studia/osm-laby/smartdev/gcc_none_eabi_cortexa/bin/../lib/gcc/arm-none-eabi/9.2.1\libgcc.a(unwind-arm.o)

.ARM.exidx.text._Unwind_DebugHook
                0x0010fa6c        0x0
 .ARM.exidx.text._Unwind_DebugHook
                0x0010fa6c        0x0 c:/users/wegne/desktop/studia/osm-laby/smartdev/gcc_none_eabi_cortexa/bin/../lib/gcc/arm-none-eabi/9.2.1\libgcc.a(unwind-arm.o)
                                  0x8 (size before relaxing)

.ARM.extab.text.unwind_phase2
                0x0010fa6c        0x0
 .ARM.extab.text.unwind_phase2
                0x0010fa6c        0x0 c:/users/wegne/desktop/studia/osm-laby/smartdev/gcc_none_eabi_cortexa/bin/../lib/gcc/arm-none-eabi/9.2.1\libgcc.a(unwind-arm.o)

.ARM.exidx.text.unwind_phase2
                0x0010fa6c        0x8
 .ARM.exidx.text.unwind_phase2
                0x0010fa6c        0x8 c:/users/wegne/desktop/studia/osm-laby/smartdev/gcc_none_eabi_cortexa/bin/../lib/gcc/arm-none-eabi/9.2.1\libgcc.a(unwind-arm.o)

.ARM.extab.text.unwind_phase2_forced
                0x0010fa74        0x0
 .ARM.extab.text.unwind_phase2_forced
                0x0010fa74        0x0 c:/users/wegne/desktop/studia/osm-laby/smartdev/gcc_none_eabi_cortexa/bin/../lib/gcc/arm-none-eabi/9.2.1\libgcc.a(unwind-arm.o)

.ARM.exidx.text.unwind_phase2_forced
                0x0010fa74        0x8
 .ARM.exidx.text.unwind_phase2_forced
                0x0010fa74        0x8 c:/users/wegne/desktop/studia/osm-laby/smartdev/gcc_none_eabi_cortexa/bin/../lib/gcc/arm-none-eabi/9.2.1\libgcc.a(unwind-arm.o)

.ARM.extab.text._Unwind_GetCFA
                0x0010fa7c        0x0
 .ARM.extab.text._Unwind_GetCFA
                0x0010fa7c        0x0 c:/users/wegne/desktop/studia/osm-laby/smartdev/gcc_none_eabi_cortexa/bin/../lib/gcc/arm-none-eabi/9.2.1\libgcc.a(unwind-arm.o)

.ARM.exidx.text._Unwind_GetCFA
                0x0010fa7c        0x8
 .ARM.exidx.text._Unwind_GetCFA
                0x0010fa7c        0x8 c:/users/wegne/desktop/studia/osm-laby/smartdev/gcc_none_eabi_cortexa/bin/../lib/gcc/arm-none-eabi/9.2.1\libgcc.a(unwind-arm.o)

.ARM.extab.text.__gnu_Unwind_RaiseException
                0x0010fa84        0x0
 .ARM.extab.text.__gnu_Unwind_RaiseException
                0x0010fa84        0x0 c:/users/wegne/desktop/studia/osm-laby/smartdev/gcc_none_eabi_cortexa/bin/../lib/gcc/arm-none-eabi/9.2.1\libgcc.a(unwind-arm.o)

.ARM.exidx.text.__gnu_Unwind_RaiseException
                0x0010fa84        0x8
 .ARM.exidx.text.__gnu_Unwind_RaiseException
                0x0010fa84        0x8 c:/users/wegne/desktop/studia/osm-laby/smartdev/gcc_none_eabi_cortexa/bin/../lib/gcc/arm-none-eabi/9.2.1\libgcc.a(unwind-arm.o)

.ARM.extab.text.__gnu_Unwind_ForcedUnwind
                0x0010fa8c        0x0
 .ARM.extab.text.__gnu_Unwind_ForcedUnwind
                0x0010fa8c        0x0 c:/users/wegne/desktop/studia/osm-laby/smartdev/gcc_none_eabi_cortexa/bin/../lib/gcc/arm-none-eabi/9.2.1\libgcc.a(unwind-arm.o)

.ARM.exidx.text.__gnu_Unwind_ForcedUnwind
                0x0010fa8c        0x8
 .ARM.exidx.text.__gnu_Unwind_ForcedUnwind
                0x0010fa8c        0x8 c:/users/wegne/desktop/studia/osm-laby/smartdev/gcc_none_eabi_cortexa/bin/../lib/gcc/arm-none-eabi/9.2.1\libgcc.a(unwind-arm.o)

.ARM.extab.text.__gnu_Unwind_Resume
                0x0010fa94        0x0
 .ARM.extab.text.__gnu_Unwind_Resume
                0x0010fa94        0x0 c:/users/wegne/desktop/studia/osm-laby/smartdev/gcc_none_eabi_cortexa/bin/../lib/gcc/arm-none-eabi/9.2.1\libgcc.a(unwind-arm.o)

.ARM.exidx.text.__gnu_Unwind_Resume
                0x0010fa94        0x8
 .ARM.exidx.text.__gnu_Unwind_Resume
                0x0010fa94        0x8 c:/users/wegne/desktop/studia/osm-laby/smartdev/gcc_none_eabi_cortexa/bin/../lib/gcc/arm-none-eabi/9.2.1\libgcc.a(unwind-arm.o)

.ARM.extab.text.__gnu_Unwind_Resume_or_Rethrow
                0x0010fa9c        0x0
 .ARM.extab.text.__gnu_Unwind_Resume_or_Rethrow
                0x0010fa9c        0x0 c:/users/wegne/desktop/studia/osm-laby/smartdev/gcc_none_eabi_cortexa/bin/../lib/gcc/arm-none-eabi/9.2.1\libgcc.a(unwind-arm.o)

.ARM.exidx.text.__gnu_Unwind_Resume_or_Rethrow
                0x0010fa9c        0x8
 .ARM.exidx.text.__gnu_Unwind_Resume_or_Rethrow
                0x0010fa9c        0x8 c:/users/wegne/desktop/studia/osm-laby/smartdev/gcc_none_eabi_cortexa/bin/../lib/gcc/arm-none-eabi/9.2.1\libgcc.a(unwind-arm.o)

.ARM.extab.text._Unwind_Complete
                0x0010faa4        0x0
 .ARM.extab.text._Unwind_Complete
                0x0010faa4        0x0 c:/users/wegne/desktop/studia/osm-laby/smartdev/gcc_none_eabi_cortexa/bin/../lib/gcc/arm-none-eabi/9.2.1\libgcc.a(unwind-arm.o)

.ARM.exidx.text._Unwind_Complete
                0x0010faa4        0x0
 .ARM.exidx.text._Unwind_Complete
                0x0010faa4        0x0 c:/users/wegne/desktop/studia/osm-laby/smartdev/gcc_none_eabi_cortexa/bin/../lib/gcc/arm-none-eabi/9.2.1\libgcc.a(unwind-arm.o)
                                  0x8 (size before relaxing)

.ARM.extab.text._Unwind_DeleteException
                0x0010faa4        0x0
 .ARM.extab.text._Unwind_DeleteException
                0x0010faa4        0x0 c:/users/wegne/desktop/studia/osm-laby/smartdev/gcc_none_eabi_cortexa/bin/../lib/gcc/arm-none-eabi/9.2.1\libgcc.a(unwind-arm.o)

.ARM.exidx.text._Unwind_DeleteException
                0x0010faa4        0x0
 .ARM.exidx.text._Unwind_DeleteException
                0x0010faa4        0x0 c:/users/wegne/desktop/studia/osm-laby/smartdev/gcc_none_eabi_cortexa/bin/../lib/gcc/arm-none-eabi/9.2.1\libgcc.a(unwind-arm.o)
                                  0x8 (size before relaxing)

.ARM.extab.text._Unwind_VRS_Get
                0x0010faa4        0x0
 .ARM.extab.text._Unwind_VRS_Get
                0x0010faa4        0x0 c:/users/wegne/desktop/studia/osm-laby/smartdev/gcc_none_eabi_cortexa/bin/../lib/gcc/arm-none-eabi/9.2.1\libgcc.a(unwind-arm.o)

.ARM.exidx.text._Unwind_VRS_Get
                0x0010faa4        0x0
 .ARM.exidx.text._Unwind_VRS_Get
                0x0010faa4        0x0 c:/users/wegne/desktop/studia/osm-laby/smartdev/gcc_none_eabi_cortexa/bin/../lib/gcc/arm-none-eabi/9.2.1\libgcc.a(unwind-arm.o)
                                  0x8 (size before relaxing)

.ARM.extab.text._Unwind_GetGR
                0x0010faa4        0x0
 .ARM.extab.text._Unwind_GetGR
                0x0010faa4        0x0 c:/users/wegne/desktop/studia/osm-laby/smartdev/gcc_none_eabi_cortexa/bin/../lib/gcc/arm-none-eabi/9.2.1\libgcc.a(unwind-arm.o)

.ARM.exidx.text._Unwind_GetGR
                0x0010faa4        0x0
 .ARM.exidx.text._Unwind_GetGR
                0x0010faa4        0x0 c:/users/wegne/desktop/studia/osm-laby/smartdev/gcc_none_eabi_cortexa/bin/../lib/gcc/arm-none-eabi/9.2.1\libgcc.a(unwind-arm.o)
                                  0x8 (size before relaxing)

.ARM.extab.text._Unwind_VRS_Set
                0x0010faa4        0x0
 .ARM.extab.text._Unwind_VRS_Set
                0x0010faa4        0x0 c:/users/wegne/desktop/studia/osm-laby/smartdev/gcc_none_eabi_cortexa/bin/../lib/gcc/arm-none-eabi/9.2.1\libgcc.a(unwind-arm.o)

.ARM.exidx.text._Unwind_VRS_Set
                0x0010faa4        0x0
 .ARM.exidx.text._Unwind_VRS_Set
                0x0010faa4        0x0 c:/users/wegne/desktop/studia/osm-laby/smartdev/gcc_none_eabi_cortexa/bin/../lib/gcc/arm-none-eabi/9.2.1\libgcc.a(unwind-arm.o)
                                  0x8 (size before relaxing)

.ARM.extab.text._Unwind_SetGR
                0x0010faa4        0x0
 .ARM.extab.text._Unwind_SetGR
                0x0010faa4        0x0 c:/users/wegne/desktop/studia/osm-laby/smartdev/gcc_none_eabi_cortexa/bin/../lib/gcc/arm-none-eabi/9.2.1\libgcc.a(unwind-arm.o)

.ARM.exidx.text._Unwind_SetGR
                0x0010faa4        0x0
 .ARM.exidx.text._Unwind_SetGR
                0x0010faa4        0x0 c:/users/wegne/desktop/studia/osm-laby/smartdev/gcc_none_eabi_cortexa/bin/../lib/gcc/arm-none-eabi/9.2.1\libgcc.a(unwind-arm.o)
                                  0x8 (size before relaxing)

.ARM.extab.text.__gnu_Unwind_Backtrace
                0x0010faa4        0x0
 .ARM.extab.text.__gnu_Unwind_Backtrace
                0x0010faa4        0x0 c:/users/wegne/desktop/studia/osm-laby/smartdev/gcc_none_eabi_cortexa/bin/../lib/gcc/arm-none-eabi/9.2.1\libgcc.a(unwind-arm.o)

.ARM.exidx.text.__gnu_Unwind_Backtrace
                0x0010faa4        0x8
 .ARM.exidx.text.__gnu_Unwind_Backtrace
                0x0010faa4        0x8 c:/users/wegne/desktop/studia/osm-laby/smartdev/gcc_none_eabi_cortexa/bin/../lib/gcc/arm-none-eabi/9.2.1\libgcc.a(unwind-arm.o)

.ARM.extab.text.__gnu_unwind_pr_common
                0x0010faac        0x0
 .ARM.extab.text.__gnu_unwind_pr_common
                0x0010faac        0x0 c:/users/wegne/desktop/studia/osm-laby/smartdev/gcc_none_eabi_cortexa/bin/../lib/gcc/arm-none-eabi/9.2.1\libgcc.a(unwind-arm.o)

.ARM.exidx.text.__gnu_unwind_pr_common
                0x0010faac        0x8
 .ARM.exidx.text.__gnu_unwind_pr_common
                0x0010faac        0x8 c:/users/wegne/desktop/studia/osm-laby/smartdev/gcc_none_eabi_cortexa/bin/../lib/gcc/arm-none-eabi/9.2.1\libgcc.a(unwind-arm.o)

.ARM.extab.text.__aeabi_unwind_cpp_pr0
                0x0010fab4        0x0
 .ARM.extab.text.__aeabi_unwind_cpp_pr0
                0x0010fab4        0x0 c:/users/wegne/desktop/studia/osm-laby/smartdev/gcc_none_eabi_cortexa/bin/../lib/gcc/arm-none-eabi/9.2.1\libgcc.a(unwind-arm.o)

.ARM.exidx.text.__aeabi_unwind_cpp_pr0
                0x0010fab4        0x8
 .ARM.exidx.text.__aeabi_unwind_cpp_pr0
                0x0010fab4        0x8 c:/users/wegne/desktop/studia/osm-laby/smartdev/gcc_none_eabi_cortexa/bin/../lib/gcc/arm-none-eabi/9.2.1\libgcc.a(unwind-arm.o)

.ARM.extab.text.__aeabi_unwind_cpp_pr1
                0x0010fabc        0x0
 .ARM.extab.text.__aeabi_unwind_cpp_pr1
                0x0010fabc        0x0 c:/users/wegne/desktop/studia/osm-laby/smartdev/gcc_none_eabi_cortexa/bin/../lib/gcc/arm-none-eabi/9.2.1\libgcc.a(unwind-arm.o)

.ARM.exidx.text.__aeabi_unwind_cpp_pr1
                0x0010fabc        0x0
 .ARM.exidx.text.__aeabi_unwind_cpp_pr1
                0x0010fabc        0x0 c:/users/wegne/desktop/studia/osm-laby/smartdev/gcc_none_eabi_cortexa/bin/../lib/gcc/arm-none-eabi/9.2.1\libgcc.a(unwind-arm.o)
                                  0x8 (size before relaxing)

.ARM.extab.text.__aeabi_unwind_cpp_pr2
                0x0010fabc        0x0
 .ARM.extab.text.__aeabi_unwind_cpp_pr2
                0x0010fabc        0x0 c:/users/wegne/desktop/studia/osm-laby/smartdev/gcc_none_eabi_cortexa/bin/../lib/gcc/arm-none-eabi/9.2.1\libgcc.a(unwind-arm.o)

.ARM.exidx.text.__aeabi_unwind_cpp_pr2
                0x0010fabc        0x0
 .ARM.exidx.text.__aeabi_unwind_cpp_pr2
                0x0010fabc        0x0 c:/users/wegne/desktop/studia/osm-laby/smartdev/gcc_none_eabi_cortexa/bin/../lib/gcc/arm-none-eabi/9.2.1\libgcc.a(unwind-arm.o)
                                  0x8 (size before relaxing)

.ARM.extab.text._Unwind_VRS_Pop
                0x0010fabc        0x0
 .ARM.extab.text._Unwind_VRS_Pop
                0x0010fabc        0x0 c:/users/wegne/desktop/studia/osm-laby/smartdev/gcc_none_eabi_cortexa/bin/../lib/gcc/arm-none-eabi/9.2.1\libgcc.a(unwind-arm.o)

.ARM.exidx.text._Unwind_VRS_Pop
                0x0010fabc       0x10
 .ARM.exidx.text._Unwind_VRS_Pop
                0x0010fabc       0x10 c:/users/wegne/desktop/studia/osm-laby/smartdev/gcc_none_eabi_cortexa/bin/../lib/gcc/arm-none-eabi/9.2.1\libgcc.a(unwind-arm.o)
                                  0x8 (size before relaxing)

.ARM.extab.text.next_unwind_byte
                0x0010facc        0x0
 .ARM.extab.text.next_unwind_byte
                0x0010facc        0x0 c:/users/wegne/desktop/studia/osm-laby/smartdev/gcc_none_eabi_cortexa/bin/../lib/gcc/arm-none-eabi/9.2.1\libgcc.a(pr-support.o)

.ARM.exidx.text.next_unwind_byte
                0x0010facc        0x0
 .ARM.exidx.text.next_unwind_byte
                0x0010facc        0x0 c:/users/wegne/desktop/studia/osm-laby/smartdev/gcc_none_eabi_cortexa/bin/../lib/gcc/arm-none-eabi/9.2.1\libgcc.a(pr-support.o)
                                  0x8 (size before relaxing)

.ARM.extab.text._Unwind_GetGR.constprop.0
                0x0010facc        0x0
 .ARM.extab.text._Unwind_GetGR.constprop.0
                0x0010facc        0x0 c:/users/wegne/desktop/studia/osm-laby/smartdev/gcc_none_eabi_cortexa/bin/../lib/gcc/arm-none-eabi/9.2.1\libgcc.a(pr-support.o)

.ARM.exidx.text._Unwind_GetGR.constprop.0
                0x0010facc        0x8
 .ARM.exidx.text._Unwind_GetGR.constprop.0
                0x0010facc        0x8 c:/users/wegne/desktop/studia/osm-laby/smartdev/gcc_none_eabi_cortexa/bin/../lib/gcc/arm-none-eabi/9.2.1\libgcc.a(pr-support.o)

.ARM.extab.text.unwind_UCB_from_context
                0x0010fad4        0x0
 .ARM.extab.text.unwind_UCB_from_context
                0x0010fad4        0x0 c:/users/wegne/desktop/studia/osm-laby/smartdev/gcc_none_eabi_cortexa/bin/../lib/gcc/arm-none-eabi/9.2.1\libgcc.a(pr-support.o)

.ARM.exidx.text.unwind_UCB_from_context
                0x0010fad4        0x8
 .ARM.exidx.text.unwind_UCB_from_context
                0x0010fad4        0x8 c:/users/wegne/desktop/studia/osm-laby/smartdev/gcc_none_eabi_cortexa/bin/../lib/gcc/arm-none-eabi/9.2.1\libgcc.a(pr-support.o)

.ARM.extab.text.__gnu_unwind_execute
                0x0010fadc        0x0
 .ARM.extab.text.__gnu_unwind_execute
                0x0010fadc        0x0 c:/users/wegne/desktop/studia/osm-laby/smartdev/gcc_none_eabi_cortexa/bin/../lib/gcc/arm-none-eabi/9.2.1\libgcc.a(pr-support.o)

.ARM.exidx.text.__gnu_unwind_execute
                0x0010fadc        0x8
 .ARM.exidx.text.__gnu_unwind_execute
                0x0010fadc        0x8 c:/users/wegne/desktop/studia/osm-laby/smartdev/gcc_none_eabi_cortexa/bin/../lib/gcc/arm-none-eabi/9.2.1\libgcc.a(pr-support.o)

.ARM.extab.text.__gnu_unwind_frame
                0x0010fae4        0x0
 .ARM.extab.text.__gnu_unwind_frame
                0x0010fae4        0x0 c:/users/wegne/desktop/studia/osm-laby/smartdev/gcc_none_eabi_cortexa/bin/../lib/gcc/arm-none-eabi/9.2.1\libgcc.a(pr-support.o)

.ARM.exidx.text.__gnu_unwind_frame
                0x0010fae4        0x8
 .ARM.exidx.text.__gnu_unwind_frame
                0x0010fae4        0x8 c:/users/wegne/desktop/studia/osm-laby/smartdev/gcc_none_eabi_cortexa/bin/../lib/gcc/arm-none-eabi/9.2.1\libgcc.a(pr-support.o)

.ARM.extab.text._Unwind_GetRegionStart
                0x0010faec        0x0
 .ARM.extab.text._Unwind_GetRegionStart
                0x0010faec        0x0 c:/users/wegne/desktop/studia/osm-laby/smartdev/gcc_none_eabi_cortexa/bin/../lib/gcc/arm-none-eabi/9.2.1\libgcc.a(pr-support.o)

.ARM.exidx.text._Unwind_GetRegionStart
                0x0010faec        0x8
 .ARM.exidx.text._Unwind_GetRegionStart
                0x0010faec        0x8 c:/users/wegne/desktop/studia/osm-laby/smartdev/gcc_none_eabi_cortexa/bin/../lib/gcc/arm-none-eabi/9.2.1\libgcc.a(pr-support.o)

.ARM.extab.text._Unwind_GetLanguageSpecificData
                0x0010faf4        0x0
 .ARM.extab.text._Unwind_GetLanguageSpecificData
                0x0010faf4        0x0 c:/users/wegne/desktop/studia/osm-laby/smartdev/gcc_none_eabi_cortexa/bin/../lib/gcc/arm-none-eabi/9.2.1\libgcc.a(pr-support.o)

.ARM.exidx.text._Unwind_GetLanguageSpecificData
                0x0010faf4        0x0
 .ARM.exidx.text._Unwind_GetLanguageSpecificData
                0x0010faf4        0x0 c:/users/wegne/desktop/studia/osm-laby/smartdev/gcc_none_eabi_cortexa/bin/../lib/gcc/arm-none-eabi/9.2.1\libgcc.a(pr-support.o)
                                  0x8 (size before relaxing)

.ARM.extab.text.unlikely._Unwind_GetDataRelBase
                0x0010faf4        0x0
 .ARM.extab.text.unlikely._Unwind_GetDataRelBase
                0x0010faf4        0x0 c:/users/wegne/desktop/studia/osm-laby/smartdev/gcc_none_eabi_cortexa/bin/../lib/gcc/arm-none-eabi/9.2.1\libgcc.a(pr-support.o)

.ARM.exidx.text.unlikely._Unwind_GetDataRelBase
                0x0010faf4        0x8
 .ARM.exidx.text.unlikely._Unwind_GetDataRelBase
                0x0010faf4        0x8 c:/users/wegne/desktop/studia/osm-laby/smartdev/gcc_none_eabi_cortexa/bin/../lib/gcc/arm-none-eabi/9.2.1\libgcc.a(pr-support.o)

.ARM.extab.text.unlikely._Unwind_GetTextRelBase
                0x0010fafc        0x0
 .ARM.extab.text.unlikely._Unwind_GetTextRelBase
                0x0010fafc        0x0 c:/users/wegne/desktop/studia/osm-laby/smartdev/gcc_none_eabi_cortexa/bin/../lib/gcc/arm-none-eabi/9.2.1\libgcc.a(pr-support.o)

.ARM.exidx.text.unlikely._Unwind_GetTextRelBase
                0x0010fafc        0x0
 .ARM.exidx.text.unlikely._Unwind_GetTextRelBase
                0x0010fafc        0x0 c:/users/wegne/desktop/studia/osm-laby/smartdev/gcc_none_eabi_cortexa/bin/../lib/gcc/arm-none-eabi/9.2.1\libgcc.a(pr-support.o)
                                  0x8 (size before relaxing)

.rel.dyn        0x0010fafc        0x0
 .rel.iplt      0x0010fafc        0x0 ./src/main.o

.data           0x0010fafc       0x88
 *(.data*)
 .data          0x0010fafc        0x0 ./src/cos.o
 .data          0x0010fafc        0x8 ./src/main.o
                0x0010fafc                TimerIsrPeriod
                0x0010fb00                SCREENBUF
 .data          0x0010fb04        0x0 ./src/peripherals.o
 .data          0x0010fb04        0x4 ./src/utilities.o
                0x0010fb04                randi
 .data          0x0010fb08        0x0 ./.metadata/.plugins/org.eclipse.cdt.make.core/specs.o
 .data          0x0010fb08        0x0 C:\Users\wegne\Desktop\Studia\OSM-laby\gierka\RPiLAB_BASE\Library\libuspienv.a(screen.o)
 .data          0x0010fb08        0x0 C:\Users\wegne\Desktop\Studia\OSM-laby\gierka\RPiLAB_BASE\Library\libuspienv.a(string.o)
 .data          0x0010fb08        0x0 C:\Users\wegne\Desktop\Studia\OSM-laby\gierka\RPiLAB_BASE\Library\libuspienv.a(uspibind.o)
 .data          0x0010fb08        0x0 C:\Users\wegne\Desktop\Studia\OSM-laby\gierka\RPiLAB_BASE\Library\libuspienv.a(uspienv.o)
 .data          0x0010fb08        0x0 C:\Users\wegne\Desktop\Studia\OSM-laby\gierka\RPiLAB_BASE\Library\libuspienv.a(util.o)
 .data          0x0010fb08        0x0 C:\Users\wegne\Desktop\Studia\OSM-laby\gierka\RPiLAB_BASE\Library\libuspienv.a(util_fast.o)
 .data          0x0010fb08        0x0 C:\Users\wegne\Desktop\Studia\OSM-laby\gierka\RPiLAB_BASE\Library\libuspienv.a(memory.o)
 .data          0x0010fb08        0x0 C:\Users\wegne\Desktop\Studia\OSM-laby\gierka\RPiLAB_BASE\Library\libuspienv.a(pagetable.o)
 .data          0x0010fb08        0x0 C:\Users\wegne\Desktop\Studia\OSM-laby\gierka\RPiLAB_BASE\Library\libuspienv.a(exceptionhandler.o)
 .data          0x0010fb08        0x0 C:\Users\wegne\Desktop\Studia\OSM-laby\gierka\RPiLAB_BASE\Library\libuspienv.a(startup.o)
 .data          0x0010fb08       0x38 C:\Users\wegne\Desktop\Studia\OSM-laby\gierka\RPiLAB_BASE\Library\libuspienv.a(alloc.o)
 .data          0x0010fb40        0x0 C:\Users\wegne\Desktop\Studia\OSM-laby\gierka\RPiLAB_BASE\Library\libuspienv.a(bcmframebuffer.o)
 .data          0x0010fb40        0x0 C:\Users\wegne\Desktop\Studia\OSM-laby\gierka\RPiLAB_BASE\Library\libuspienv.a(bcmpropertytags.o)
 .data          0x0010fb40        0x0 C:\Users\wegne\Desktop\Studia\OSM-laby\gierka\RPiLAB_BASE\Library\libuspienv.a(chargenerator.o)
 .data          0x0010fb40        0x0 C:\Users\wegne\Desktop\Studia\OSM-laby\gierka\RPiLAB_BASE\Library\libuspienv.a(exceptionstub.o)
 .data          0x0010fb40        0x0 C:\Users\wegne\Desktop\Studia\OSM-laby\gierka\RPiLAB_BASE\Library\libuspienv.a(interrupt.o)
 .data          0x0010fb40        0x0 C:\Users\wegne\Desktop\Studia\OSM-laby\gierka\RPiLAB_BASE\Library\libuspienv.a(libstub.o)
 .data          0x0010fb40        0x0 C:\Users\wegne\Desktop\Studia\OSM-laby\gierka\RPiLAB_BASE\Library\libuspienv.a(logger.o)
 .data          0x0010fb40        0x0 C:\Users\wegne\Desktop\Studia\OSM-laby\gierka\RPiLAB_BASE\Library\libuspienv.a(memio.o)
 .data          0x0010fb40        0x0 C:\Users\wegne\Desktop\Studia\OSM-laby\gierka\RPiLAB_BASE\Library\libuspienv.a(synchronize.o)
 .data          0x0010fb40        0x0 C:\Users\wegne\Desktop\Studia\OSM-laby\gierka\RPiLAB_BASE\Library\libuspienv.a(sysinit.o)
 .data          0x0010fb40        0x0 C:\Users\wegne\Desktop\Studia\OSM-laby\gierka\RPiLAB_BASE\Library\libuspienv.a(timer.o)
 .data          0x0010fb40        0x0 C:\Users\wegne\Desktop\Studia\OSM-laby\gierka\RPiLAB_BASE\Library\libuspienv.a(bcmmailbox.o)
 .data          0x0010fb40        0x0 C:\Users\wegne\Desktop\Studia\OSM-laby\gierka\RPiLAB_BASE\Library\libuspienv.a(delayloop.o)
 .data          0x0010fb40        0x0 C:\Users\wegne\Desktop\Studia\OSM-laby\gierka\RPiLAB_BASE\Library\libuspienv.a(libhelper.o)
 .data          0x0010fb40        0x0 C:\Users\wegne\Desktop\Studia\OSM-laby\gierka\RPiLAB_BASE\Library\libuspi.a(uspilibrary.o)
 .data          0x0010fb40        0x0 C:\Users\wegne\Desktop\Studia\OSM-laby\gierka\RPiLAB_BASE\Library\libuspi.a(dwhcidevice.o)
 .data          0x0010fb40        0x0 C:\Users\wegne\Desktop\Studia\OSM-laby\gierka\RPiLAB_BASE\Library\libuspi.a(dwhciregister.o)
 .data          0x0010fb40        0x0 C:\Users\wegne\Desktop\Studia\OSM-laby\gierka\RPiLAB_BASE\Library\libuspi.a(dwhcixferstagedata.o)
 .data          0x0010fb40        0x1 C:\Users\wegne\Desktop\Studia\OSM-laby\gierka\RPiLAB_BASE\Library\libuspi.a(usbdevice.o)
 .data          0x0010fb41        0x0 C:\Users\wegne\Desktop\Studia\OSM-laby\gierka\RPiLAB_BASE\Library\libuspi.a(usbendpoint.o)
 .data          0x0010fb41        0x0 C:\Users\wegne\Desktop\Studia\OSM-laby\gierka\RPiLAB_BASE\Library\libuspi.a(usbrequest.o)
 .data          0x0010fb41        0x0 C:\Users\wegne\Desktop\Studia\OSM-laby\gierka\RPiLAB_BASE\Library\libuspi.a(devicenameservice.o)
 .data          0x0010fb41        0x0 C:\Users\wegne\Desktop\Studia\OSM-laby\gierka\RPiLAB_BASE\Library\libuspi.a(macaddress.o)
 .data          0x0010fb41        0x0 C:\Users\wegne\Desktop\Studia\OSM-laby\gierka\RPiLAB_BASE\Library\libuspi.a(smsc951x.o)
 .data          0x0010fb41        0x0 C:\Users\wegne\Desktop\Studia\OSM-laby\gierka\RPiLAB_BASE\Library\libuspi.a(util.o)
 *fill*         0x0010fb41        0x3 
 .data          0x0010fb44        0x4 C:\Users\wegne\Desktop\Studia\OSM-laby\gierka\RPiLAB_BASE\Library\libuspi.a(usbmassdevice.o)
 .data          0x0010fb48        0x0 C:\Users\wegne\Desktop\Studia\OSM-laby\gierka\RPiLAB_BASE\Library\libuspi.a(dwhciframeschednper.o)
 .data          0x0010fb48        0x0 C:\Users\wegne\Desktop\Studia\OSM-laby\gierka\RPiLAB_BASE\Library\libuspi.a(dwhciframeschedper.o)
 .data          0x0010fb48        0x4 C:\Users\wegne\Desktop\Studia\OSM-laby\gierka\RPiLAB_BASE\Library\libuspi.a(usbkeyboard.o)
 .data          0x0010fb4c        0x0 C:\Users\wegne\Desktop\Studia\OSM-laby\gierka\RPiLAB_BASE\Library\libuspi.a(dwhcirootport.o)
 .data          0x0010fb4c        0x4 C:\Users\wegne\Desktop\Studia\OSM-laby\gierka\RPiLAB_BASE\Library\libuspi.a(usbmouse.o)
 .data          0x0010fb50        0x0 C:\Users\wegne\Desktop\Studia\OSM-laby\gierka\RPiLAB_BASE\Library\libuspi.a(dwhciframeschednsplit.o)
 .data          0x0010fb50       0x34 C:\Users\wegne\Desktop\Studia\OSM-laby\gierka\RPiLAB_BASE\Library\libuspi.a(usbgamepad.o)
 .data          0x0010fb84        0x0 C:\Users\wegne\Desktop\Studia\OSM-laby\gierka\RPiLAB_BASE\Library\libuspi.a(synchronize.o)
 .data          0x0010fb84        0x0 C:\Users\wegne\Desktop\Studia\OSM-laby\gierka\RPiLAB_BASE\Library\libuspi.a(usbstring.o)
 .data          0x0010fb84        0x0 C:\Users\wegne\Desktop\Studia\OSM-laby\gierka\RPiLAB_BASE\Library\libuspi.a(usbconfigparser.o)
 .data          0x0010fb84        0x0 C:\Users\wegne\Desktop\Studia\OSM-laby\gierka\RPiLAB_BASE\Library\libuspi.a(usbdevicefactory.o)
 .data          0x0010fb84        0x0 C:\Users\wegne\Desktop\Studia\OSM-laby\gierka\RPiLAB_BASE\Library\libuspi.a(usbstandardhub.o)
 .data          0x0010fb84        0x0 C:\Users\wegne\Desktop\Studia\OSM-laby\gierka\RPiLAB_BASE\Library\libuspi.a(keymap.o)
 .data          0x0010fb84        0x0 c:/users/wegne/desktop/studia/osm-laby/smartdev/gcc_none_eabi_cortexa/bin/../lib/gcc/arm-none-eabi/9.2.1\libgcc.a(_arm_cmpdf2.o)
 .data          0x0010fb84        0x0 c:/users/wegne/desktop/studia/osm-laby/smartdev/gcc_none_eabi_cortexa/bin/../lib/gcc/arm-none-eabi/9.2.1\libgcc.a(unwind-arm.o)
 .data          0x0010fb84        0x0 c:/users/wegne/desktop/studia/osm-laby/smartdev/gcc_none_eabi_cortexa/bin/../lib/gcc/arm-none-eabi/9.2.1\libgcc.a(libunwind.o)
 .data          0x0010fb84        0x0 c:/users/wegne/desktop/studia/osm-laby/smartdev/gcc_none_eabi_cortexa/bin/../lib/gcc/arm-none-eabi/9.2.1\libgcc.a(pr-support.o)
                0x0010fb84                __bss_start = .

.igot.plt       0x0010fb84        0x0
 .igot.plt      0x0010fb84        0x0 ./src/main.o

.bss            0x0010fb84    0x66d38
 *(.bss*)
 .bss           0x0010fb84        0x0 ./src/cos.o
 .bss           0x0010fb84    0x668d0 ./src/main.o
                0x0010fb84                presc
                0x0010fb88                Jx
                0x0010fb8c                Jy
                0x0010fb90                Jz
                0x0010fb94                JRz
                0x0010fb98                Jyt
                0x0010fb9c                Jxt
                0x0010fba0                stage
                0x0010fba4                SCREEN
                0x0010fba8                frame_count
                0x0010fbac                timeElapse
                0x0010fbb0                mode
                0x0010fbb4                yt
                0x0011e614                xt
                0x0012d074                y
                0x0013bad4                x
                0x0014a534                s
                0x00158f94                dy
                0x001679f4                dx
 .bss           0x00176454       0x28 ./src/peripherals.o
                0x00176454                gRawKeys
                0x0017645c                ra
                0x00176460                gucModifiers
                0x00176464                JoYAct
 .bss           0x0017647c        0x0 ./src/utilities.o
 .bss           0x0017647c        0x0 ./.metadata/.plugins/org.eclipse.cdt.make.core/specs.o
 .bss           0x0017647c        0x0 C:\Users\wegne\Desktop\Studia\OSM-laby\gierka\RPiLAB_BASE\Library\libuspienv.a(screen.o)
 .bss           0x0017647c        0x0 C:\Users\wegne\Desktop\Studia\OSM-laby\gierka\RPiLAB_BASE\Library\libuspienv.a(string.o)
 .bss           0x0017647c        0x0 C:\Users\wegne\Desktop\Studia\OSM-laby\gierka\RPiLAB_BASE\Library\libuspienv.a(uspibind.o)
 .bss           0x0017647c      0x3f4 C:\Users\wegne\Desktop\Studia\OSM-laby\gierka\RPiLAB_BASE\Library\libuspienv.a(uspienv.o)
 .bss           0x00176870        0x0 C:\Users\wegne\Desktop\Studia\OSM-laby\gierka\RPiLAB_BASE\Library\libuspienv.a(util.o)
 .bss           0x00176870        0x0 C:\Users\wegne\Desktop\Studia\OSM-laby\gierka\RPiLAB_BASE\Library\libuspienv.a(util_fast.o)
 .bss           0x00176870        0x0 C:\Users\wegne\Desktop\Studia\OSM-laby\gierka\RPiLAB_BASE\Library\libuspienv.a(memory.o)
 .bss           0x00176870        0x0 C:\Users\wegne\Desktop\Studia\OSM-laby\gierka\RPiLAB_BASE\Library\libuspienv.a(pagetable.o)
 .bss           0x00176870        0x4 C:\Users\wegne\Desktop\Studia\OSM-laby\gierka\RPiLAB_BASE\Library\libuspienv.a(exceptionhandler.o)
 .bss           0x00176874        0x0 C:\Users\wegne\Desktop\Studia\OSM-laby\gierka\RPiLAB_BASE\Library\libuspienv.a(startup.o)
 .bss           0x00176874       0x14 C:\Users\wegne\Desktop\Studia\OSM-laby\gierka\RPiLAB_BASE\Library\libuspienv.a(alloc.o)
 .bss           0x00176888        0x0 C:\Users\wegne\Desktop\Studia\OSM-laby\gierka\RPiLAB_BASE\Library\libuspienv.a(bcmframebuffer.o)
 .bss           0x00176888        0x0 C:\Users\wegne\Desktop\Studia\OSM-laby\gierka\RPiLAB_BASE\Library\libuspienv.a(bcmpropertytags.o)
 .bss           0x00176888        0x0 C:\Users\wegne\Desktop\Studia\OSM-laby\gierka\RPiLAB_BASE\Library\libuspienv.a(chargenerator.o)
 .bss           0x00176888        0x0 C:\Users\wegne\Desktop\Studia\OSM-laby\gierka\RPiLAB_BASE\Library\libuspienv.a(exceptionstub.o)
 .bss           0x00176888        0x4 C:\Users\wegne\Desktop\Studia\OSM-laby\gierka\RPiLAB_BASE\Library\libuspienv.a(interrupt.o)
 .bss           0x0017688c        0x0 C:\Users\wegne\Desktop\Studia\OSM-laby\gierka\RPiLAB_BASE\Library\libuspienv.a(libstub.o)
 .bss           0x0017688c        0x4 C:\Users\wegne\Desktop\Studia\OSM-laby\gierka\RPiLAB_BASE\Library\libuspienv.a(logger.o)
 .bss           0x00176890        0x0 C:\Users\wegne\Desktop\Studia\OSM-laby\gierka\RPiLAB_BASE\Library\libuspienv.a(memio.o)
 .bss           0x00176890        0x8 C:\Users\wegne\Desktop\Studia\OSM-laby\gierka\RPiLAB_BASE\Library\libuspienv.a(synchronize.o)
 .bss           0x00176898        0x0 C:\Users\wegne\Desktop\Studia\OSM-laby\gierka\RPiLAB_BASE\Library\libuspienv.a(sysinit.o)
 .bss           0x00176898        0x8 C:\Users\wegne\Desktop\Studia\OSM-laby\gierka\RPiLAB_BASE\Library\libuspienv.a(timer.o)
                0x0017689c                counter
 .bss           0x001768a0        0x0 C:\Users\wegne\Desktop\Studia\OSM-laby\gierka\RPiLAB_BASE\Library\libuspienv.a(bcmmailbox.o)
 .bss           0x001768a0        0x0 C:\Users\wegne\Desktop\Studia\OSM-laby\gierka\RPiLAB_BASE\Library\libuspienv.a(delayloop.o)
 .bss           0x001768a0        0x0 C:\Users\wegne\Desktop\Studia\OSM-laby\gierka\RPiLAB_BASE\Library\libuspienv.a(libhelper.o)
 .bss           0x001768a0        0x4 C:\Users\wegne\Desktop\Studia\OSM-laby\gierka\RPiLAB_BASE\Library\libuspi.a(uspilibrary.o)
 .bss           0x001768a4        0x0 C:\Users\wegne\Desktop\Studia\OSM-laby\gierka\RPiLAB_BASE\Library\libuspi.a(dwhcidevice.o)
 .bss           0x001768a4        0x0 C:\Users\wegne\Desktop\Studia\OSM-laby\gierka\RPiLAB_BASE\Library\libuspi.a(dwhciregister.o)
 .bss           0x001768a4        0x0 C:\Users\wegne\Desktop\Studia\OSM-laby\gierka\RPiLAB_BASE\Library\libuspi.a(dwhcixferstagedata.o)
 .bss           0x001768a4        0x0 C:\Users\wegne\Desktop\Studia\OSM-laby\gierka\RPiLAB_BASE\Library\libuspi.a(usbdevice.o)
 .bss           0x001768a4        0x0 C:\Users\wegne\Desktop\Studia\OSM-laby\gierka\RPiLAB_BASE\Library\libuspi.a(usbendpoint.o)
 .bss           0x001768a4        0x0 C:\Users\wegne\Desktop\Studia\OSM-laby\gierka\RPiLAB_BASE\Library\libuspi.a(usbrequest.o)
 .bss           0x001768a4        0x4 C:\Users\wegne\Desktop\Studia\OSM-laby\gierka\RPiLAB_BASE\Library\libuspi.a(devicenameservice.o)
 .bss           0x001768a8        0x0 C:\Users\wegne\Desktop\Studia\OSM-laby\gierka\RPiLAB_BASE\Library\libuspi.a(macaddress.o)
 .bss           0x001768a8        0x4 C:\Users\wegne\Desktop\Studia\OSM-laby\gierka\RPiLAB_BASE\Library\libuspi.a(smsc951x.o)
 .bss           0x001768ac        0x0 C:\Users\wegne\Desktop\Studia\OSM-laby\gierka\RPiLAB_BASE\Library\libuspi.a(util.o)
 .bss           0x001768ac        0x0 C:\Users\wegne\Desktop\Studia\OSM-laby\gierka\RPiLAB_BASE\Library\libuspi.a(usbmassdevice.o)
 .bss           0x001768ac        0x0 C:\Users\wegne\Desktop\Studia\OSM-laby\gierka\RPiLAB_BASE\Library\libuspi.a(dwhciframeschednper.o)
 .bss           0x001768ac        0x0 C:\Users\wegne\Desktop\Studia\OSM-laby\gierka\RPiLAB_BASE\Library\libuspi.a(dwhciframeschedper.o)
 .bss           0x001768ac        0x0 C:\Users\wegne\Desktop\Studia\OSM-laby\gierka\RPiLAB_BASE\Library\libuspi.a(usbkeyboard.o)
 .bss           0x001768ac        0x0 C:\Users\wegne\Desktop\Studia\OSM-laby\gierka\RPiLAB_BASE\Library\libuspi.a(dwhcirootport.o)
 .bss           0x001768ac        0x0 C:\Users\wegne\Desktop\Studia\OSM-laby\gierka\RPiLAB_BASE\Library\libuspi.a(usbmouse.o)
 .bss           0x001768ac        0x0 C:\Users\wegne\Desktop\Studia\OSM-laby\gierka\RPiLAB_BASE\Library\libuspi.a(dwhciframeschednsplit.o)