Archive member included to satisfy reference by file (symbol)

C:\Users\wegne\Desktop\Studia\OSM-laby\gierka\RPiLAB_BASE\Library\libuspienv.a(screen.o)
                              ./src/main.o (ScreenDeviceClearDisplay)
C:\Users\wegne\Desktop\Studia\OSM-laby\gierka\RPiLAB_BASE\Library\libuspienv.a(string.o)
                              ./src/main.o (String)
C:\Users\wegne\Desktop\Studia\OSM-laby\gierka\RPiLAB_BASE\Library\libuspienv.a(uspibind.o)
                              ./src/main.o (StartKernelTimer)
C:\Users\wegne\Desktop\Studia\OSM-laby\gierka\RPiLAB_BASE\Library\libuspienv.a(uspienv.o)
                              ./src/main.o (USPiEnvInitialize)
C:\Users\wegne\Desktop\Studia\OSM-laby\gierka\RPiLAB_BASE\Library\libuspienv.a(util.o)
                              C:\Users\wegne\Desktop\Studia\OSM-laby\gierka\RPiLAB_BASE\Library\libuspienv.a(screen.o) (memset)
C:\Users\wegne\Desktop\Studia\OSM-laby\gierka\RPiLAB_BASE\Library\libuspienv.a(util_fast.o)
                              C:\Users\wegne\Desktop\Studia\OSM-laby\gierka\RPiLAB_BASE\Library\libuspienv.a(screen.o) (memcpyblk)
C:\Users\wegne\Desktop\Studia\OSM-laby\gierka\RPiLAB_BASE\Library\libuspienv.a(memory.o)
                              C:\Users\wegne\Desktop\Studia\OSM-laby\gierka\RPiLAB_BASE\Library\libuspienv.a(uspienv.o) (MemorySystem)
C:\Users\wegne\Desktop\Studia\OSM-laby\gierka\RPiLAB_BASE\Library\libuspienv.a(pagetable.o)
                              C:\Users\wegne\Desktop\Studia\OSM-laby\gierka\RPiLAB_BASE\Library\libuspienv.a(memory.o) (PageTable)
C:\Users\wegne\Desktop\Studia\OSM-laby\gierka\RPiLAB_BASE\Library\libuspienv.a(exceptionhandler.o)
                              C:\Users\wegne\Desktop\Studia\OSM-laby\gierka\RPiLAB_BASE\Library\libuspienv.a(uspienv.o) (ExceptionHandler2)
C:\Users\wegne\Desktop\Studia\OSM-laby\gierka\RPiLAB_BASE\Library\libuspienv.a(startup.o)
                              ./src/utilities.o (_start)
C:\Users\wegne\Desktop\Studia\OSM-laby\gierka\RPiLAB_BASE\Library\libuspienv.a(alloc.o)
                              C:\Users\wegne\Desktop\Studia\OSM-laby\gierka\RPiLAB_BASE\Library\libuspienv.a(memory.o) (mem_init)
C:\Users\wegne\Desktop\Studia\OSM-laby\gierka\RPiLAB_BASE\Library\libuspienv.a(bcmframebuffer.o)
                              C:\Users\wegne\Desktop\Studia\OSM-laby\gierka\RPiLAB_BASE\Library\libuspienv.a(screen.o) (BcmFrameBuffer)
C:\Users\wegne\Desktop\Studia\OSM-laby\gierka\RPiLAB_BASE\Library\libuspienv.a(bcmpropertytags.o)
                              C:\Users\wegne\Desktop\Studia\OSM-laby\gierka\RPiLAB_BASE\Library\libuspienv.a(uspibind.o) (BcmPropertyTags)
C:\Users\wegne\Desktop\Studia\OSM-laby\gierka\RPiLAB_BASE\Library\libuspienv.a(chargenerator.o)
                              C:\Users\wegne\Desktop\Studia\OSM-laby\gierka\RPiLAB_BASE\Library\libuspienv.a(screen.o) (CharGenerator)
C:\Users\wegne\Desktop\Studia\OSM-laby\gierka\RPiLAB_BASE\Library\libuspienv.a(exceptionstub.o)
                              C:\Users\wegne\Desktop\Studia\OSM-laby\gierka\RPiLAB_BASE\Library\libuspienv.a(exceptionhandler.o) (UndefinedInstructionStub)
C:\Users\wegne\Desktop\Studia\OSM-laby\gierka\RPiLAB_BASE\Library\libuspienv.a(interrupt.o)
                              C:\Users\wegne\Desktop\Studia\OSM-laby\gierka\RPiLAB_BASE\Library\libuspienv.a(uspienv.o) (InterruptSystem)
C:\Users\wegne\Desktop\Studia\OSM-laby\gierka\RPiLAB_BASE\Library\libuspienv.a(libstub.o)
                              C:\Users\wegne\Desktop\Studia\OSM-laby\gierka\RPiLAB_BASE\Library\libuspienv.a(screen.o) (__aeabi_uidiv)
C:\Users\wegne\Desktop\Studia\OSM-laby\gierka\RPiLAB_BASE\Library\libuspienv.a(logger.o)
                              C:\Users\wegne\Desktop\Studia\OSM-laby\gierka\RPiLAB_BASE\Library\libuspienv.a(uspienv.o) (Logger)
C:\Users\wegne\Desktop\Studia\OSM-laby\gierka\RPiLAB_BASE\Library\libuspienv.a(memio.o)
                              C:\Users\wegne\Desktop\Studia\OSM-laby\gierka\RPiLAB_BASE\Library\libuspienv.a(interrupt.o) (read32)
C:\Users\wegne\Desktop\Studia\OSM-laby\gierka\RPiLAB_BASE\Library\libuspienv.a(synchronize.o)
                              C:\Users\wegne\Desktop\Studia\OSM-laby\gierka\RPiLAB_BASE\Library\libuspienv.a(alloc.o) (EnterCritical)
C:\Users\wegne\Desktop\Studia\OSM-laby\gierka\RPiLAB_BASE\Library\libuspienv.a(sysinit.o)
                              C:\Users\wegne\Desktop\Studia\OSM-laby\gierka\RPiLAB_BASE\Library\libuspienv.a(startup.o) (sysinit)
C:\Users\wegne\Desktop\Studia\OSM-laby\gierka\RPiLAB_BASE\Library\libuspienv.a(timer.o)
                              C:\Users\wegne\Desktop\Studia\OSM-laby\gierka\RPiLAB_BASE\Library\libuspienv.a(uspienv.o) (Timer)
C:\Users\wegne\Desktop\Studia\OSM-laby\gierka\RPiLAB_BASE\Library\libuspienv.a(bcmmailbox.o)
                              C:\Users\wegne\Desktop\Studia\OSM-laby\gierka\RPiLAB_BASE\Library\libuspienv.a(bcmframebuffer.o) (BcmMailBox)
C:\Users\wegne\Desktop\Studia\OSM-laby\gierka\RPiLAB_BASE\Library\libuspienv.a(delayloop.o)
[...]
Memory Configuration

Name             Origin             Length             Attributes
ram              0x00100000         0x00200000
*default*        0x00000000         0xffffffff

Linker script and memory map

START GROUP
LOAD c:/users/wegne/desktop/studia/osm-laby/smartdev/gcc_none_eabi_cortexa/bin/../lib/gcc/arm-none-eabi/9.2.1\libgcc.a
LOAD c:/users/wegne/desktop/studia/osm-laby/smartdev/gcc_none_eabi_cortexa/bin/../lib/gcc/arm-none-eabi/9.2.1\libc.a
LOAD c:/users/wegne/desktop/studia/osm-laby/smartdev/gcc_none_eabi_cortexa/bin/../lib/gcc/arm-none-eabi/9.2.1\librdimon.a
END GROUP
LOAD ./src/cos.o
LOAD ./src/main.o
LOAD ./src/peripherals.o
LOAD ./src/utilities.o
LOAD ./.metadata/.plugins/org.eclipse.cdt.make.core/specs.o
LOAD C:\Users\wegne\Desktop\Studia\OSM-laby\gierka\RPiLAB_BASE\Library\libuspienv.a
LOAD C:\Users\wegne\Desktop\Studia\OSM-laby\gierka\RPiLAB_BASE\Library\libuspi.a
LOAD c:/users/wegne/desktop/studia/osm-laby/smartdev/gcc_none_eabi_cortexa/bin/../lib/gcc/arm-none-eabi/9.2.1\libgcc.a
LOAD c:/users/wegne/desktop/studia/osm-laby/smartdev/gcc_none_eabi_cortexa/bin/../lib/gcc/arm-none-eabi/9.2.1\libstdc++.a
LOAD c:/users/wegne/desktop/studia/osm-laby/smartdev/gcc_none_eabi_cortexa/bin/../lib/gcc/arm-none-eabi/9.2.1\libm.a
LOAD c:/users/wegne/desktop/studia/osm-laby/smartdev/gcc_none_eabi_cortexa/bin/../lib/gcc/arm-none-eabi/9.2.1\libc.a
START GROUP
LOAD c:/users/wegne/desktop/studia/osm-laby/smartdev/gcc_none_eabi_cortexa/bin/../lib/gcc/arm-none-eabi/9.2.1\libgcc.a
LOAD c:/users/wegne/desktop/studia/osm-laby/smartdev/gcc_none_eabi_cortexa/bin/../lib/gcc/arm-none-eabi/9.2.1\libc.a
END GROUP
START GROUP
LOAD c:/users/wegne/desktop/studia/osm-laby/smartdev/gcc_none_eabi_cortexa/bin/../lib/gcc/arm-none-eabi/9.2.1\libgcc.a
LOAD c:/users/wegne/desktop/studia/osm-laby/smartdev/gcc_none_eabi_cortexa/bin/../lib/gcc/arm-none-eabi/9.2.1\libc.a
LOAD c:/users/wegne/desktop/studia/osm-laby/smartdev/gcc_none_eabi_cortexa/bin/../lib/gcc/arm-none-eabi/9.2.1\librdimon.a
END GROUP
                0x00100000                . = 0x100000

.begin          0x00100000        0x4
 *(.begin)
 .begin         0x00100000        0x4 ./src/utilities.o
                0x00100000                __start

.text           0x00100008     0xfbdc
 *(.text*)
 .text          0x00100008        0x0 ./src/cos.o
 .text          0x00100008     0x1158 ./src/main.o
                0x00100008                _Z12TimerHandlerjPvS_
                0x0010031c                _Z8TimerIsrv
                0x00100614                _Z11DrawObjectsv
                0x00100cec                _Z11ClearScreenv
                0x00100dac                _Z19PrintDiagnosticInfov
                0x00100e64                _Z11DataPreparev
                0x00100fb8                _Z11Synchronizev
                0x00100fec                _Z10SystemInitv
                0x001010cc                _Z8UpdateIOv
                0x001010e0                _Z15rysowanie_ekranPmiiii
 .text.startup  0x00101160      0x280 ./src/main.o
                0x00101160                main
 .text          0x001013e0      0x2c4 ./src/peripherals.o
                0x001013e0                _Z8checkKeyi
                0x00101440                _Z6getKeyv
                0x00101488                _Z9uart_initv
                0x0010159c                _Z16KeyboardHandlerAhPKh
                0x00101608                _Z21GamePadStatusHandlerAjPK16USPiGamePadState
                0x00101670                _Z10StringUartPKc
 .text          0x001016a4      0x1c0 ./src/utilities.o
                0x001016a4                getNumberLenght
                0x00101810                power
                0x00101838                randr
 .text.unlikely
                0x00101864        0x4 ./src/utilities.o
                0x00101864                abort
 .text          0x00101868        0x0 ./.metadata/.plugins/org.eclipse.cdt.make.core/specs.o
 .text          0x00101868     0x1714 C:\Users\wegne\Desktop\Studia\OSM-laby\gierka\RPiLAB_BASE\Library\libuspienv.a(screen.o)
                0x00101868                ScreenDevice
                0x001018b8                _ScreenDevice
                0x001018e8                ScreenDeviceGetWidth
                0x001018f0                ScreenDeviceGetHeight
                0x001018f8                ScreenDeviceSetPixel
                0x00101920                ScreenDeviceGetPixel
                0x00101958                ScreenDeviceCarriageReturn
                0x00101964                ScreenDeviceCursorHome
                0x00101974                ScreenDeviceCursorLeft
                0x001019dc                ScreenDeviceCursorMove
                0x00101a30                ScreenDeviceCursorUp
                0x00101a68                ScreenDeviceDeleteChars
                0x00101a6c                ScreenDeviceDeleteLines
                0x00101a70                ScreenDeviceInsertLines
                0x00101a74                ScreenDeviceInsertMode
                0x00101a7c                ScreenDeviceReverseScroll
                0x00101a80                ScreenDeviceSetCursorMode
                0x00101a88                ScreenDeviceSetStandoutMode
                0x00101b30                ScreenDeviceScroll
                0x00101b98                ScreenDeviceCursorDown
                0x00101be4                ScreenDeviceNewLine
                0x00101bf8                ScreenDeviceCursorRight
                0x00101c2c                ScreenDeviceTabulator
                0x00101c70                ScreenDeviceDisplayChar2
                0x00101d0c                ScreenDeviceRotor
                0x00101d68                ScreenDeviceDisplayChar
                0x00101da8                ScreenDeviceEraseChar
                0x00101e14                ScreenDeviceClearLineEnd
                0x00101e5c                ScreenDeviceClearDisplayEnd
                0x00101ea4                ScreenDeviceEraseChars
                0x00101f0c                ScreenDeviceWrite2
                0x001023ec                ScreenDeviceInvertCursor
                0x00102488                ScreenDeviceInitialize
                0x00102574                ScreenDeviceWrite
                0x001025c4                ScreenDeviceDrawLine
                0x00102648                ScreenDeviceDrawDottedLine
                0x001026e0                ScreenDeviceDrawRect
                0x00102740                ScreenDeviceClearDisplay
                0x0010277c                ScreenDeviceFillDisplay
                0x001027a8                ScreenDeviceDrawChartCaption
                0x001028d8                ScreenDeviceDrawChartCaptionOXAll
                0x00102a10                ScreenDeviceDrawChartCaptionOYAll
                0x00102b38                ScreenDeviceDrawChartCaptionOYAllCounter
                0x00102bc0                ScreenDeviceDrawDottedBackground
                0x00102d28                ScreenDeviceDrawChart
 *fill*         0x00102f7c        0x4 
 .text          0x00102f80      0xa6c C:\Users\wegne\Desktop\Studia\OSM-laby\gierka\RPiLAB_BASE\Library\libuspienv.a(string.o)
                0x00102f80                String
                0x00102f90                String2
                0x00102fc0                _String
                0x00102fe8                StringGet
                0x00103000                StringSet
                0x00103048                StringGetLength
                0x00103068                StringAppend
                0x001030f8                StringCompare
                0x00103108                StringFind
                0x00103158                StringReserveSpace
                0x001031c8                StringPutChar
                0x0010320c                StringPutString
                0x0010324c                ntoa
                0x0010330c                StringFormatV
                0x001039c0                StringFormat
 .text          0x001039ec      0x1e0 C:\Users\wegne\Desktop\Studia\OSM-laby\gierka\RPiLAB_BASE\Library\libuspienv.a(uspibind.o)
                0x001039ec                MsDelay
                0x00103a04                usDelay
                0x00103a1c                StartKernelTimer
                0x00103a54                CancelKernelTimer
                0x00103a6c                ConnectInterrupt
                0x00103a94                SetPowerStateOn
                0x00103b10                GetMACAddress
                0x00103b84                LogWrite
 .text          0x00103bcc      0x150 C:\Users\wegne\Desktop\Studia\OSM-laby\gierka\RPiLAB_BASE\Library\libuspienv.a(uspienv.o)
                0x00103bcc                USPiEnvInitialize
                0x00103cd4                USPiEnvClose
                0x00103d10                USPiEnvGetScreen
 .text          0x00103d1c      0x2a8 C:\Users\wegne\Desktop\Studia\OSM-laby\gierka\RPiLAB_BASE\Library\libuspienv.a(util.o)
                0x00103d1c                memset
                0x00103d3c                memcpy
                0x00103d60                memcmp
                0x00103dd8                strlen
                0x00103e08                strcmp
                0x00103eac                strcpy
                0x00103ee0                strncpy
                0x00103f34                strcat
                0x00103f80                char2int
                0x00103f90                le2be16
                0x00103fa0                le2be32
 .text          0x00103fc4       0x20 C:\Users\wegne\Desktop\Studia\OSM-laby\gierka\RPiLAB_BASE\Library\libuspienv.a(util_fast.o)
                0x00103fc4                memcpyblk
 .text          0x00103fe4      0x170 C:\Users\wegne\Desktop\Studia\OSM-laby\gierka\RPiLAB_BASE\Library\libuspienv.a(memory.o)
                0x00103fe4                _MemorySystem
                0x00104040                MemorySystemGetMemSize
                0x00104048                MemorySystemEnableMMU
                0x001040a4                MemorySystem
 .text          0x00104154      0x19c C:\Users\wegne\Desktop\Studia\OSM-laby\gierka\RPiLAB_BASE\Library\libuspienv.a(pagetable.o)
                0x00104154                PageTable
                0x001041ec                PageTable2
                0x001042bc                _PageTable
                0x001042e4                PageTableGetBaseAddress
 .text          0x001042f0      0x1ac C:\Users\wegne\Desktop\Studia\OSM-laby\gierka\RPiLAB_BASE\Library\libuspienv.a(exceptionhandler.o)
                0x001042f0                ExceptionHandler2
                0x00104368                _ExceptionHandler
                0x0010437c                ExceptionHandlerThrow
                0x001043b8                ExceptionHandlerThrow2
                0x00104468                ExceptionHandlerGet
                0x00104478                ExceptionHandler
 .text          0x0010449c       0x70 C:\Users\wegne\Desktop\Studia\OSM-laby\gierka\RPiLAB_BASE\Library\libuspienv.a(startup.o)
                0x0010449c                _start
                0x00104500                _start_secondary
 .text          0x0010450c      0x26c C:\Users\wegne\Desktop\Studia\OSM-laby\gierka\RPiLAB_BASE\Library\libuspienv.a(alloc.o)
                0x0010450c                mem_init
                0x00104550                mem_get_size
                0x00104578                malloc
                0x00104664                free
                0x001046d4                palloc
                0x00104744                pfree
 .text          0x00104778      0x208 C:\Users\wegne\Desktop\Studia\OSM-laby\gierka\RPiLAB_BASE\Library\libuspienv.a(bcmframebuffer.o)
                0x00104778                BcmFrameBuffer
                0x001048a8                _BcmFrameBuffer
                0x001048cc                BcmFrameBufferSetPalette
                0x001048e8                BcmFrameBufferInitialize
                0x00104934                BcmFrameBufferGetWidth
                0x00104940                BcmFrameBufferGetHeight
                0x0010494c                BcmFrameBufferGetPitch
                0x00104958                BcmFrameBufferGetDepth
                0x00104964                BcmFrameBufferGetBuffer
                0x00104974                BcmFrameBufferGetSize
 .text          0x00104980      0x108 C:\Users\wegne\Desktop\Studia\OSM-laby\gierka\RPiLAB_BASE\Library\libuspienv.a(bcmpropertytags.o)
                0x00104980                BcmPropertyTags
                0x00104990                _BcmPropertyTags
                0x0010499c                BcmPropertyTagsGetTag
 .text          0x00104a88       0x7c C:\Users\wegne\Desktop\Studia\OSM-laby\gierka\RPiLAB_BASE\Library\libuspienv.a(chargenerator.o)
                0x00104a88                CharGenerator
                0x00104a94                _CharGenerator
                0x00104a98                CharGeneratorGetCharWidth
                0x00104aa0                CharGeneratorGetCharHeight
                0x00104aa8                CharGeneratorGetUnderline
                0x00104ab0                CharGeneratorGetPixel
 .text          0x00104b04       0xe0 C:\Users\wegne\Desktop\Studia\OSM-laby\gierka\RPiLAB_BASE\Library\libuspienv.a(exceptionstub.o)
                0x00104b04                UndefinedInstructionStub
                0x00104b48                PrefetchAbortStub
                0x00104b8c                DataAbortStub
                0x00104bd0                IRQStub
 .text          0x00104be4      0x2e0 C:\Users\wegne\Desktop\Studia\OSM-laby\gierka\RPiLAB_BASE\Library\libuspienv.a(interrupt.o)
                0x00104be4                InterruptSystem
                0x00104c14                _InterruptSystem
                0x00104c28                InterruptSystemInitialize
                0x00104d08                InterruptSystemEnableIRQ
                0x00104d58                InterruptSystemConnectIRQ
                0x00104d74                InterruptSystemDisableIRQ
                0x00104dc4                InterruptSystemDisconnectIRQ
                0x00104dec                InterruptSystemGet
                0x00104dfc                InterruptSystemCallIRQHandler
                0x00104e30                InterruptHandler
 .text          0x00104ec4       0x50 C:\Users\wegne\Desktop\Studia\OSM-laby\gierka\RPiLAB_BASE\Library\libuspienv.a(libstub.o)
                0x00104ec4                __aeabi_uidiv
                0x00104ed4                __aeabi_uidivmod
                0x00104ef0                PUT32
                0x00104ef8                PUT16
                0x00104f00                PUT8
                0x00104f08                GET32
                0x00104f10                dummy
 .text          0x00104f14      0x324 C:\Users\wegne\Desktop\Studia\OSM-laby\gierka\RPiLAB_BASE\Library\libuspienv.a(logger.o)
                0x00104f14                Logger
                0x00104f34                _Logger
                0x00104f50                LoggerInitialize
                0x00104f5c                LoggerGet
                0x00104f6c                LoggerWrite2
                0x00104f94                LoggerWriteV
                0x00105208                LoggerWrite
 .text          0x00105238       0x10 C:\Users\wegne\Desktop\Studia\OSM-laby\gierka\RPiLAB_BASE\Library\libuspienv.a(memio.o)
                0x00105238                read32
                0x00105240                write32
 .text          0x00105248      0x210 C:\Users\wegne\Desktop\Studia\OSM-laby\gierka\RPiLAB_BASE\Library\libuspienv.a(synchronize.o)
                0x00105248                EnterCritical
                0x00105284                LeaveCritical
                0x001052b8                InvalidateDataCache
                0x00105340                CleanDataCache
                0x001053c8                InvalidateDataCacheRange
                0x001053f8                CleanDataCacheRange
                0x00105428                CleanAndInvalidateDataCacheRange
 .text          0x00105458       0xc8 C:\Users\wegne\Desktop\Studia\OSM-laby\gierka\RPiLAB_BASE\Library\libuspienv.a(sysinit.o)
                0x00105458                halt
                0x00105460                reboot
                0x00105494                sysinit
 .text          0x00105520      0x4a0 C:\Users\wegne\Desktop\Studia\OSM-laby\gierka\RPiLAB_BASE\Library\libuspienv.a(timer.o)
                0x00105520                Timer
                0x00105588                _Timer
                0x0010559c                TimerGetClockTicks
                0x001055b8                TimerGetTicks
                0x001055c0                TimerGetTime
                0x001055c8                TimerGetTimeString
                0x00105684                TimerStartKernelTimer
                0x00105724                TimerCancelKernelTimer
                0x00105738                TimerMsDelay
                0x00105754                TimerusDelay
                0x00105770                TimerGet
                0x00105780                TimerSimpleusDelay
                0x001057c8                TimerSimpleMsDelay
                0x001057e4                TimerPollKernelTimers
                0x00105848                TimerInterruptHandler
                0x001058f8                TimerTuneMsDelay
                0x00105958                TimerInitialize
 .text          0x001059c0       0xfc C:\Users\wegne\Desktop\Studia\OSM-laby\gierka\RPiLAB_BASE\Library\libuspienv.a(bcmmailbox.o)
                0x001059c0                BcmMailBox
                0x001059c8                _BcmMailBox
                0x001059cc                BcmMailBoxFlush
                0x00105a08                BcmMailBoxRead
                0x00105a50                BcmMailBoxWrite
                0x00105a8c                BcmMailBoxWriteRead
 *fill*         0x00105abc        0x4 
 .text          0x00105ac0        0xc C:\Users\wegne\Desktop\Studia\OSM-laby\gierka\RPiLAB_BASE\Library\libuspienv.a(delayloop.o)
                0x00105ac0                DelayLoop
 .text          0x00105acc       0xc0 C:\Users\wegne\Desktop\Studia\OSM-laby\gierka\RPiLAB_BASE\Library\libuspienv.a(libhelper.o)
                0x00105acc                Divide
 .text          0x00105b8c      0x72c C:\Users\wegne\Desktop\Studia\OSM-laby\gierka\RPiLAB_BASE\Library\libuspi.a(uspilibrary.o)
                0x00105b8c                USPiInitialize
                0x00105d70                USPiKeyboardAvailable
                0x00105d8c                USPiKeyboardRegisterKeyPressedHandler
                0x00105dac                USPiKeyboardRegisterShutdownHandler
                0x00105dcc                USPiKeyboardRegisterKeyStatusHandlerRaw
                0x00105dec                USPiMouseAvailable
                0x00105e08                USPiMouseRegisterStatusHandler
                0x00105e28                USPiMassStorageDeviceAvailable
                0x00105e84                USPiMassStorageDeviceRead
                0x00105f14                USPiMassStorageDeviceWrite
                0x00105fa4                USPiMassStorageDeviceGetCapacity
                0x00105fe4                USPiEthernetAvailable
                0x00106000                USPiGetMACAddress
                0x00106028                USPiSendFrame
                0x00106054                USPiReceiveFrame
                0x00106080                USPiGamePadAvailable
                0x001060dc                USPiGamePadRegisterStatusHandler
                0x0010611c                USPiGamePadGetStatus
                0x0010617c                USPiDeviceGetInformation
 .text          0x001062b8     0x1bcc C:\Users\wegne\Desktop\Studia\OSM-laby\gierka\RPiLAB_BASE\Library\libuspi.a(dwhcidevice.o)
                0x001062b8                DWHCIDeviceCompletionRoutine
                0x001062c4                DWHCIDevice
                0x00106304                _DWHCIDevice
                0x00106314                DWHCIDeviceEnableGlobalInterrupts
                0x00106358                DWHCIDeviceEnableCommonInterrupts
                0x00106390                DWHCIDeviceEnableHostInterrupts
                0x001063ec                DWHCIDeviceEnableChannelInterrupt
                0x00106440                DWHCIDeviceDisableChannelInterrupt
                0x00106494                DWHCIDeviceStartChannel
                0x00106808                DWHCIDeviceStartTransaction
                0x001068cc                DWHCIDeviceTimerHandler
                0x00106938                DWHCIDeviceAllocateChannel
                0x001069b4                DWHCIDeviceFreeChannel
                0x001069dc                DWHCIDeviceTransferStageAsync
                0x00106aec                DWHCIDeviceSubmitAsyncRequest
                0x00106b30                DWHCIDeviceTransferStage
                0x00106ba4                DWHCIDeviceSubmitBlockingRequest
                0x00106d18                DWHCIDeviceControlMessage
                0x00106db8                DWHCIDeviceGetDescriptor
                0x00106df4                DWHCIDeviceSetAddress
                0x00106e40                DWHCIDeviceSetConfiguration
                0x00106e8c                DWHCIDeviceTransfer
                0x00106ee4                DWHCIDeviceChannelInterruptHandler
                0x001073fc                DWHCIDeviceInterruptHandler
                0x001074ec                DWHCIDeviceWaitForBit
                0x00107550                DWHCIDeviceEnableRootPort
                0x0010761c                DWHCIDeviceReset
                0x001076d0                DWHCIDeviceInitCore
                0x0010789c                DWHCIDeviceFlushTxFIFO
                0x00107928                DWHCIDeviceFlushRxFIFO
                0x00107998                DWHCIDeviceInitHost
                0x00107b94                DWHCIDeviceInitialize
                0x00107d98                DWHCIDeviceGetPortSpeed
                0x00107df4                DWHCIDeviceOvercurrentDetected
                0x00107e40                DWHCIDeviceDisableRootPort
 .text          0x00107e84       0xf8 C:\Users\wegne\Desktop\Studia\OSM-laby\gierka\RPiLAB_BASE\Library\libuspi.a(dwhciregister.o)
                0x00107e84                DWHCIRegister
                0x00107e94                DWHCIRegister2
                0x00107ea8                _DWHCIRegister
                0x00107eb4                DWHCIRegisterRead
                0x00107ed0                DWHCIRegisterWrite
                0x00107ee0                DWHCIRegisterGet
                0x00107ee8                DWHCIRegisterSet
                0x00107ef8                DWHCIRegisterIsSet
                0x00107f0c                DWHCIRegisterAnd
                0x00107f1c                DWHCIRegisterOr
                0x00107f2c                DWHCIRegisterClearBit
                0x00107f40                DWHCIRegisterSetBit
                0x00107f54                DWHCIRegisterClearAll
                0x00107f68                DWHCIRegisterSetAll
 .text          0x00107f7c      0x500 C:\Users\wegne\Desktop\Studia\OSM-laby\gierka\RPiLAB_BASE\Library\libuspi.a(dwhcixferstagedata.o)
                0x00107f7c                _DWHCITransferStageData
                0x00107fdc                DWHCITransferStageDataTransactionComplete
                0x001080b8                DWHCITransferStageDataSetSplitComplete
                0x001080c0                DWHCITransferStageDataSetState
                0x001080c8                DWHCITransferStageDataGetState
                0x001080d0                DWHCITransferStageDataSetSubState
                0x001080d8                DWHCITransferStageDataGetSubState
                0x001080e0                DWHCITransferStageDataBeginSplitCycle
                0x001080e8                DWHCITransferStageDataGetChannelNumber
                0x001080f0                DWHCITransferStageDataIsPeriodic
                0x00108114                DWHCITransferStageData
                0x00108320                DWHCITransferStageDataGetDeviceAddress
                0x00108330                DWHCITransferStageDataGetEndpointType
                0x0010835c                DWHCITransferStageDataGetEndpointNumber
                0x0010836c                DWHCITransferStageDataGetMaxPacketSize
                0x00108374                DWHCITransferStageDataGetSpeed
                0x0010837c                DWHCITransferStageDataGetPID
                0x001083ac                DWHCITransferStageDataIsDirectionIn
                0x001083b4                DWHCITransferStageDataIsStatusStage
                0x001083bc                DWHCITransferStageDataGetDMAAddress
                0x001083c4                DWHCITransferStageDataGetBytesToTransfer
                0x001083cc                DWHCITransferStageDataGetPacketsToTransfer
                0x001083d4                DWHCITransferStageDataIsSplit
                0x001083dc                DWHCITransferStageDataIsSplitComplete
                0x001083e4                DWHCITransferStageDataGetHubAddress
                0x001083f4                DWHCITransferStageDataGetHubPortAddress
                0x00108404                DWHCITransferStageDataGetSplitPosition
                0x0010840c                DWHCITransferStageDataGetStatusMask
                0x00108440                DWHCITransferStageDataGetTransactionStatus
                0x00108448                DWHCITransferStageDataIsStageComplete
                0x00108458                DWHCITransferStageDataGetResultLen
                0x0010846c                DWHCITransferStageDataGetURB
                0x00108474                DWHCITransferStageDataGetFrameScheduler
 .text          0x0010847c      0x724 C:\Users\wegne\Desktop\Studia\OSM-laby\gierka\RPiLAB_BASE\Library\libuspi.a(usbdevice.o)
                0x0010847c                USBDeviceConfigure
                0x001084dc                USBDevice
                0x00108548                USBDeviceCopy
                0x0010863c                _USBDevice
                0x001086d4                USBDeviceGetName
                0x001087c4                USBDeviceGetAddress
                0x001087cc                USBDeviceGetSpeed
                0x001087d4                USBDeviceGetHubAddress
                0x001087dc                USBDeviceGetHubPortNumber
                0x001087e4                USBDeviceGetEndpoint0
                0x001087ec                USBDeviceGetHost
                0x001087f4                USBDeviceGetDeviceDescriptor
                0x001087fc                USBDeviceGetConfigurationDescriptor
                0x00108804                USBDeviceGetDescriptor
                0x00108814                USBDeviceConfigurationError
                0x00108824                USBDeviceInitialize
                0x00108b98                USBDeviceSetAddress
 .text          0x00108ba0      0x208 C:\Users\wegne\Desktop\Studia\OSM-laby\gierka\RPiLAB_BASE\Library\libuspi.a(usbendpoint.o)
                0x00108ba0                USBEndpoint
                0x00108bcc                USBEndpoint2
                0x00108cb4                USBEndpointCopy
                0x00108cec                _USBEndpoint
                0x00108cf8                USBEndpointGetDevice
                0x00108d00                USBEndpointGetNumber
                0x00108d08                USBEndpointGetType
                0x00108d10                USBEndpointIsDirectionIn
                0x00108d18                USBEndpointSetMaxPacketSize
                0x00108d20                USBEndpointGetMaxPacketSize
                0x00108d28                USBEndpointGetInterval
                0x00108d30                USBEndpointGetNextPID
                0x00108d40                USBEndpointSkipPID
                0x00108d9c                USBEndpointResetPID
 .text          0x00108da8       0xb0 C:\Users\wegne\Desktop\Studia\OSM-laby\gierka\RPiLAB_BASE\Library\libuspi.a(usbrequest.o)
                0x00108da8                USBRequest
                0x00108dd8                _USBRequest
                0x00108df0                USBRequestGetEndpoint
                0x00108df8                USBRequestSetStatus
                0x00108e00                USBRequestSetResultLen
                0x00108e08                USBRequestGetStatus
                0x00108e10                USBRequestGetResultLength
                0x00108e18                USBRequestGetSetupData
                0x00108e20                USBRequestGetBuffer
                0x00108e28                USBRequestGetBufLen
                0x00108e30                USBRequestSetCompletionRoutine
                0x00108e40                USBRequestCallCompletionRoutine
 .text          0x00108e58      0x14c C:\Users\wegne\Desktop\Studia\OSM-laby\gierka\RPiLAB_BASE\Library\libuspi.a(devicenameservice.o)
                0x00108e58                DeviceNameService
                0x00108e70                _DeviceNameService
                0x00108ee4                DeviceNameServiceAddDevice
                0x00108f38                DeviceNameServiceGetDevice
                0x00108f94                DeviceNameServiceGet
 .text          0x00108fa4      0x140 C:\Users\wegne\Desktop\Studia\OSM-laby\gierka\RPiLAB_BASE\Library\libuspi.a(macaddress.o)
                0x00108fa4                MACAddress
                0x00108fb0                _MACAddress
                0x00108fbc                MACAddressIsEqual
                0x00108fdc                MACAddressSet
                0x00108ffc                MACAddress2
                0x00109008                MACAddressSetBroadcast
                0x0010902c                MACAddressGet
                0x00109034                MACAddressCopyTo
                0x00109050                MACAddressIsBroadcast
                0x00109090                MACAddressGetSize
                0x00109098                MACAddressFormat
 .text          0x001090e4      0x65c C:\Users\wegne\Desktop\Studia\OSM-laby\gierka\RPiLAB_BASE\Library\libuspi.a(smsc951x.o)
                0x001090e4                SMSC951xDevice
                0x00109118                _SMSC951xDevice
                0x00109184                SMSC951xDeviceGetMACAddress
                0x0010918c                SMSC951xDeviceSendFrame
                0x001091f0                SMSC951xDeviceReceiveFrame
                0x001092f0                SMSC951xDeviceWriteReg
                0x00109358                SMSC951xDeviceConfigure
                0x001096d8                SMSC951xDeviceReadReg
 .text          0x00109740      0x2a8 C:\Users\wegne\Desktop\Studia\OSM-laby\gierka\RPiLAB_BASE\Library\libuspi.a(util.o)
                0x00109740                uspi_memset
                0x00109760                uspi_memcpy
                0x00109784                uspi_memcmp
                0x001097fc                uspi_strlen
                0x0010982c                uspi_strcmp
                0x001098d0                uspi_strcpy
                0x00109904                uspi_strncpy
                0x00109958                uspi_strcat
                0x001099a4                uspi_char2int
                0x001099b4                uspi_le2be16
                0x001099c4                uspi_le2be32
 .text          0x001099e8      0xb54 C:\Users\wegne\Desktop\Studia\OSM-laby\gierka\RPiLAB_BASE\Library\libuspi.a(usbmassdevice.o)
                0x001099e8                USBBulkOnlyMassStorageDevice
                0x00109a24                _USBBulkOnlyMassStorageDevice
                0x00109a78                USBBulkOnlyMassStorageDeviceSeek
                0x00109a88                USBBulkOnlyMassStorageDeviceGetCapacity
                0x00109a90                USBBulkOnlyMassStorageDeviceCommand
                0x00109c98                USBBulkOnlyMassStorageDeviceConfigure
                0x0010a170                USBBulkOnlyMassStorageDeviceTryRead
                0x0010a268                USBBulkOnlyMassStorageDeviceTryWrite
                0x0010a35c                USBBulkOnlyMassStorageDeviceReset
                0x0010a494                USBBulkOnlyMassStorageDeviceRead
                0x0010a4e8                USBBulkOnlyMassStorageDeviceWrite
 .text          0x0010a53c      0x190 C:\Users\wegne\Desktop\Studia\OSM-laby\gierka\RPiLAB_BASE\Library\libuspi.a(dwhciframeschednper.o)
                0x0010a53c                _DWHCIFrameSchedulerNonPeriodic
                0x0010a548                DWHCIFrameSchedulerNonPeriodicStartSplit
                0x0010a554                DWHCIFrameSchedulerNonPeriodicWaitForFrame
                0x0010a558                DWHCIFrameSchedulerNonPeriodicIsOddFrame
                0x0010a560                DWHCIFrameSchedulerNonPeriodicCompleteSplit
                0x0010a5b0                DWHCIFrameSchedulerNonPeriodicTransactionComplete
                0x0010a678                DWHCIFrameSchedulerNonPeriodic
 .text          0x0010a6cc      0x218 C:\Users\wegne\Desktop\Studia\OSM-laby\gierka\RPiLAB_BASE\Library\libuspi.a(dwhciframeschedper.o)
                0x0010a6cc                _DWHCIFrameSchedulerPeriodic
                0x0010a6d8                DWHCIFrameSchedulerPeriodicStartSplit
                0x0010a6ec                DWHCIFrameSchedulerPeriodicCompleteSplit
                0x0010a754                DWHCIFrameSchedulerPeriodicIsOddFrame
                0x0010a760                DWHCIFrameSchedulerPeriodicTransactionComplete
                0x0010a81c                DWHCIFrameSchedulerPeriodicWaitForFrame
                0x0010a888                DWHCIFrameSchedulerPeriodic
 .text          0x0010a8e4      0x560 C:\Users\wegne\Desktop\Studia\OSM-laby\gierka\RPiLAB_BASE\Library\libuspi.a(usbkeyboard.o)
                0x0010a944                USBKeyboardDeviceConfigure
                0x0010ad78                USBKeyboardDevice
                0x0010add0                _CUSBKeyboardDevice
                0x0010ae24                USBKeyboardDeviceRegisterKeyPressedHandler
                0x0010ae2c                USBKeyboardDeviceRegisterSelectConsoleHandler
                0x0010ae34                USBKeyboardDeviceRegisterShutdownHandler
                0x0010ae3c                USBKeyboardDeviceRegisterKeyStatusHandlerRaw
 .text          0x0010ae44      0x1e8 C:\Users\wegne\Desktop\Studia\OSM-laby\gierka\RPiLAB_BASE\Library\libuspi.a(dwhcirootport.o)
                0x0010ae44                DWHCIRootPort
                0x0010ae54                _DWHCIRootPort
                0x0010ae88                DWHCIRootPortInitialize
 .text          0x0010b02c      0x400 C:\Users\wegne\Desktop\Studia\OSM-laby\gierka\RPiLAB_BASE\Library\libuspi.a(usbmouse.o)
                0x0010b08c                USBMouseDeviceConfigure
                0x0010b3a0                USBMouseDevice
                0x0010b3d8                _CUSBMouseDevice
                0x0010b424                USBMouseDeviceRegisterStatusHandler
 .text          0x0010b42c       0xdc C:\Users\wegne\Desktop\Studia\OSM-laby\gierka\RPiLAB_BASE\Library\libuspi.a(dwhciframeschednsplit.o)
                0x0010b42c                _DWHCIFrameSchedulerNoSplit
                0x0010b430                DWHCIFrameSchedulerNoSplitStartSplit
                0x0010b434                DWHCIFrameSchedulerNoSplitCompleteSplit
                0x0010b43c                DWHCIFrameSchedulerNoSplitTransactionComplete
                0x0010b440                DWHCIFrameSchedulerNoSplitIsOddFrame
                0x0010b44c                DWHCIFrameSchedulerNoSplitWaitForFrame
                0x0010b4b0                DWHCIFrameSchedulerNoSplit
 .text          0x0010b508      0xc24 C:\Users\wegne\Desktop\Studia\OSM-laby\gierka\RPiLAB_BASE\Library\libuspi.a(usbgamepad.o)
                0x0010bab4                USBGamePadDeviceConfigure
                0x0010bfb0                USBGamePadDevice
                0x0010c048                _CUSBGamePadDevice
                0x0010c0cc                USBGamePadDeviceRegisterStatusHandler
                0x0010c0d4                USBGamePadDeviceGetReport
 .text          0x0010c12c       0xa0 C:\Users\wegne\Desktop\Studia\OSM-laby\gierka\RPiLAB_BASE\Library\libuspi.a(synchronize.o)
                0x0010c12c                uspi_EnterCritical
                0x0010c168                uspi_LeaveCritical
                0x0010c19c                uspi_CleanAndInvalidateDataCacheRange
 .text          0x0010c1cc      0x458 C:\Users\wegne\Desktop\Studia\OSM-laby\gierka\RPiLAB_BASE\Library\libuspi.a(usbstring.o)
                0x0010c1cc                USBString
                0x0010c1f4                USBStringCopy
                0x0010c25c                _USBString
                0x0010c2a0                USBStringGetFromDescriptor
                0x0010c470                USBStringGet
                0x0010c480                USBStringGetLanguageID
 .text          0x0010c624      0x214 C:\Users\wegne\Desktop\Studia\OSM-laby\gierka\RPiLAB_BASE\Library\libuspi.a(usbconfigparser.o)
                0x0010c624                USBConfigurationParser
                0x0010c750                _USBConfigurationParser
                0x0010c75c                USBConfigurationParserIsValid
                0x0010c764                USBConfigurationParserGetDescriptor
                0x0010c80c                USBConfigurationParserError
 .text          0x0010c838      0x1a8 C:\Users\wegne\Desktop\Studia\OSM-laby\gierka\RPiLAB_BASE\Library\libuspi.a(usbdevicefactory.o)
                0x0010c838                GetDevice
                0x0010c980                USBDeviceFactoryGetDevice
 .text          0x0010c9e0      0xa88 C:\Users\wegne\Desktop\Studia\OSM-laby\gierka\RPiLAB_BASE\Library\libuspi.a(usbstandardhub.o)
                0x0010c9e0                USBStandardHub
                0x0010ca24                _USBStandardHub
                0x0010cab4                USBStandardHubInitialize
                0x0010cac0                USBStandardHubGetDeviceNames
                0x0010cb80                USBStandardHubEnumeratePorts
                0x0010d16c                USBStandardHubConfigure
 .text          0x0010d468      0x2c8 C:\Users\wegne\Desktop\Studia\OSM-laby\gierka\RPiLAB_BASE\Library\libuspi.a(keymap.o)
                0x0010d468                KeyMap
                0x0010d494                _KeyMap
                0x0010d498                KeyMapClearTable
                0x0010d4cc                KeyMapSetEntry
                0x0010d518                KeyMapTranslate
                0x0010d640                KeyMapGetString
                0x0010d6fc                KeyMapGetLEDStatus
 .text          0x0010d730      0x290 c:/users/wegne/desktop/studia/osm-laby/smartdev/gcc_none_eabi_cortexa/bin/../lib/gcc/arm-none-eabi/9.2.1\libgcc.a(_arm_muldf3.o)
                0x0010d730                __muldf3
                0x0010d730                __aeabi_dmul
 .text          0x0010d9c0      0x198 c:/users/wegne/desktop/studia/osm-laby/smartdev/gcc_none_eabi_cortexa/bin/../lib/gcc/arm-none-eabi/9.2.1\libgcc.a(_arm_mulsf3.o)
                0x0010d9c0                __aeabi_fmul
                0x0010d9c0                __mulsf3
 .text          0x0010db58      0x424 c:/users/wegne/desktop/studia/osm-laby/smartdev/gcc_none_eabi_cortexa/bin/../lib/gcc/arm-none-eabi/9.2.1\libgcc.a(_arm_addsubdf3.o)
                0x0010db58                __aeabi_drsub
                0x0010db60                __aeabi_dsub
                0x0010db60                __subdf3
                0x0010db64                __aeabi_dadd
                0x0010db64                __adddf3
                0x0010de74                __floatunsidf
                0x0010de74                __aeabi_ui2d
                0x0010de98                __floatsidf
                0x0010de98                __aeabi_i2d
                0x0010dec0                __aeabi_f2d
                0x0010dec0                __extendsfdf2
                0x0010df08                __floatundidf
                0x0010df08                __aeabi_ul2d
                0x0010df1c                __floatdidf
                0x0010df1c                __aeabi_l2d
 .text          0x0010df7c      0x144 c:/users/wegne/desktop/studia/osm-laby/smartdev/gcc_none_eabi_cortexa/bin/../lib/gcc/arm-none-eabi/9.2.1\libgcc.a(_arm_cmpdf2.o)
                0x0010df7c                __gtdf2
                0x0010df7c                __gedf2
                0x0010df84                __ltdf2
                0x0010df84                __ledf2
                0x0010df8c                __nedf2
                0x0010df8c                __eqdf2
                0x0010df8c                __cmpdf2
                0x0010e014                __aeabi_cdrcmple
                0x0010e030                __aeabi_cdcmpeq
                0x0010e030                __aeabi_cdcmple
                0x0010e048                __aeabi_dcmpeq
                0x0010e060                __aeabi_dcmplt
                0x0010e078                __aeabi_dcmple
                0x0010e090                __aeabi_dcmpge
                0x0010e0a8                __aeabi_dcmpgt
 .text          0x0010e0c0       0xa0 c:/users/wegne/desktop/studia/osm-laby/smartdev/gcc_none_eabi_cortexa/bin/../lib/gcc/arm-none-eabi/9.2.1\libgcc.a(_arm_truncdfsf2.o)
                0x0010e0c0                __truncdfsf2
                0x0010e0c0                __aeabi_d2f
 .text          0x0010e160      0x2ac c:/users/wegne/desktop/studia/osm-laby/smartdev/gcc_none_eabi_cortexa/bin/../lib/gcc/arm-none-eabi/9.2.1\libgcc.a(_arm_addsubsf3.o)
                0x0010e160                __aeabi_frsub
                0x0010e168                __subsf3
                0x0010e168                __aeabi_fsub
                0x0010e16c                __aeabi_fadd
                0x0010e16c                __addsf3
                0x0010e328                __aeabi_ui2f
                0x0010e328                __floatunsisf
                0x0010e330                __aeabi_i2f
                0x0010e330                __floatsisf
                0x0010e350                __aeabi_ul2f
                0x0010e350                __floatundisf
                0x0010e360                __aeabi_l2f
                0x0010e360                __floatdisf
 .text          0x0010e40c      0x114 c:/users/wegne/desktop/studia/osm-laby/smartdev/gcc_none_eabi_cortexa/bin/../lib/gcc/arm-none-eabi/9.2.1\libgcc.a(_arm_cmpsf2.o)
                0x0010e40c                __gesf2
                0x0010e40c                __gtsf2
                0x0010e414                __lesf2
                0x0010e414                __ltsf2
                0x0010e41c                __nesf2
                0x0010e41c                __eqsf2
                0x0010e41c                __cmpsf2
                0x0010e480                __aeabi_cfrcmple
                0x0010e490                __aeabi_cfcmpeq
                0x0010e490                __aeabi_cfcmple
                0x0010e4a8                __aeabi_fcmpeq
                0x0010e4c0                __aeabi_fcmplt
                0x0010e4d8                __aeabi_fcmple
                0x0010e4f0                __aeabi_fcmpge
                0x0010e508                __aeabi_fcmpgt
 .text          0x0010e520        0x0 c:/users/wegne/desktop/studia/osm-laby/smartdev/gcc_none_eabi_cortexa/bin/../lib/gcc/arm-none-eabi/9.2.1\libgcc.a(unwind-arm.o)
 .text.selfrel_offset31
                0x0010e520       0x18 c:/users/wegne/desktop/studia/osm-laby/smartdev/gcc_none_eabi_cortexa/bin/../lib/gcc/arm-none-eabi/9.2.1\libgcc.a(unwind-arm.o)
 .text.search_EIT_table
                0x0010e538       0x90 c:/users/wegne/desktop/studia/osm-laby/smartdev/gcc_none_eabi_cortexa/bin/../lib/gcc/arm-none-eabi/9.2.1\libgcc.a(unwind-arm.o)
 .text.__gnu_unwind_get_pr_addr
                0x0010e5c8       0x40 c:/users/wegne/desktop/studia/osm-laby/smartdev/gcc_none_eabi_cortexa/bin/../lib/gcc/arm-none-eabi/9.2.1\libgcc.a(unwind-arm.o)
 .text.get_eit_entry
                0x0010e608      0x124 c:/users/wegne/desktop/studia/osm-laby/smartdev/gcc_none_eabi_cortexa/bin/../lib/gcc/arm-none-eabi/9.2.1\libgcc.a(unwind-arm.o)
 .text.restore_non_core_regs
                0x0010e72c       0x90 c:/users/wegne/desktop/studia/osm-laby/smartdev/gcc_none_eabi_cortexa/bin/../lib/gcc/arm-none-eabi/9.2.1\libgcc.a(unwind-arm.o)
 .text._Unwind_decode_typeinfo_ptr.isra.0
                0x0010e7bc       0x14 c:/users/wegne/desktop/studia/osm-laby/smartdev/gcc_none_eabi_cortexa/bin/../lib/gcc/arm-none-eabi/9.2.1\libgcc.a(unwind-arm.o)
 .text.__gnu_unwind_24bit.isra.0
                0x0010e7d0        0x8 c:/users/wegne/desktop/studia/osm-laby/smartdev/gcc_none_eabi_cortexa/bin/../lib/gcc/arm-none-eabi/9.2.1\libgcc.a(unwind-arm.o)
 .text._Unwind_DebugHook
                0x0010e7d8        0x4 c:/users/wegne/desktop/studia/osm-laby/smartdev/gcc_none_eabi_cortexa/bin/../lib/gcc/arm-none-eabi/9.2.1\libgcc.a(unwind-arm.o)
 .text.unwind_phase2
                0x0010e7dc       0x68 c:/users/wegne/desktop/studia/osm-laby/smartdev/gcc_none_eabi_cortexa/bin/../lib/gcc/arm-none-eabi/9.2.1\libgcc.a(unwind-arm.o)
 .text.unwind_phase2_forced
                0x0010e844      0x144 c:/users/wegne/desktop/studia/osm-laby/smartdev/gcc_none_eabi_cortexa/bin/../lib/gcc/arm-none-eabi/9.2.1\libgcc.a(unwind-arm.o)
 .text._Unwind_GetCFA
                0x0010e988        0x8 c:/users/wegne/desktop/studia/osm-laby/smartdev/gcc_none_eabi_cortexa/bin/../lib/gcc/arm-none-eabi/9.2.1\libgcc.a(unwind-arm.o)
                0x0010e988                _Unwind_GetCFA
 .text.__gnu_Unwind_RaiseException
                0x0010e990       0xac c:/users/wegne/desktop/studia/osm-laby/smartdev/gcc_none_eabi_cortexa/bin/../lib/gcc/arm-none-eabi/9.2.1\libgcc.a(unwind-arm.o)
                0x0010e990                __gnu_Unwind_RaiseException
 .text.__gnu_Unwind_ForcedUnwind
                0x0010ea3c       0x24 c:/users/wegne/desktop/studia/osm-laby/smartdev/gcc_none_eabi_cortexa/bin/../lib/gcc/arm-none-eabi/9.2.1\libgcc.a(unwind-arm.o)
                0x0010ea3c                __gnu_Unwind_ForcedUnwind
 .text.__gnu_Unwind_Resume
                0x0010ea60       0x78 c:/users/wegne/desktop/studia/osm-laby/smartdev/gcc_none_eabi_cortexa/bin/../lib/gcc/arm-none-eabi/9.2.1\libgcc.a(unwind-arm.o)
                0x0010ea60                __gnu_Unwind_Resume
 .text.__gnu_Unwind_Resume_or_Rethrow
                0x0010ead8       0x1c c:/users/wegne/desktop/studia/osm-laby/smartdev/gcc_none_eabi_cortexa/bin/../lib/gcc/arm-none-eabi/9.2.1\libgcc.a(unwind-arm.o)
                0x0010ead8                __gnu_Unwind_Resume_or_Rethrow
 .text._Unwind_Complete
                0x0010eaf4        0x4 c:/users/wegne/desktop/studia/osm-laby/smartdev/gcc_none_eabi_cortexa/bin/../lib/gcc/arm-none-eabi/9.2.1\libgcc.a(unwind-arm.o)
                0x0010eaf4                _Unwind_Complete
 .text._Unwind_DeleteException
                0x0010eaf8       0x18 c:/users/wegne/desktop/studia/osm-laby/smartdev/gcc_none_eabi_cortexa/bin/../lib/gcc/arm-none-eabi/9.2.1\libgcc.a(unwind-arm.o)
                0x0010eaf8                _Unwind_DeleteException
 .text._Unwind_VRS_Get
                0x0010eb10       0x64 c:/users/wegne/desktop/studia/osm-laby/smartdev/gcc_none_eabi_cortexa/bin/../lib/gcc/arm-none-eabi/9.2.1\libgcc.a(unwind-arm.o)
                0x0010eb10                _Unwind_VRS_Get
 .text._Unwind_GetGR
                0x0010eb74       0x30 c:/users/wegne/desktop/studia/osm-laby/smartdev/gcc_none_eabi_cortexa/bin/../lib/gcc/arm-none-eabi/9.2.1\libgcc.a(unwind-arm.o)
 .text._Unwind_VRS_Set
                0x0010eba4       0x64 c:/users/wegne/desktop/studia/osm-laby/smartdev/gcc_none_eabi_cortexa/bin/../lib/gcc/arm-none-eabi/9.2.1\libgcc.a(unwind-arm.o)
                0x0010eba4                _Unwind_VRS_Set
 .text._Unwind_SetGR
                0x0010ec08       0x34 c:/users/wegne/desktop/studia/osm-laby/smartdev/gcc_none_eabi_cortexa/bin/../lib/gcc/arm-none-eabi/9.2.1\libgcc.a(unwind-arm.o)
 .text.__gnu_Unwind_Backtrace
                0x0010ec3c       0xcc c:/users/wegne/desktop/studia/osm-laby/smartdev/gcc_none_eabi_cortexa/bin/../lib/gcc/arm-none-eabi/9.2.1\libgcc.a(unwind-arm.o)
                0x0010ec3c                __gnu_Unwind_Backtrace
 .text.__gnu_unwind_pr_common
                0x0010ed08      0x434 c:/users/wegne/desktop/studia/osm-laby/smartdev/gcc_none_eabi_cortexa/bin/../lib/gcc/arm-none-eabi/9.2.1\libgcc.a(unwind-arm.o)
 .text.__aeabi_unwind_cpp_pr0
                0x0010f13c        0x8 c:/users/wegne/desktop/studia/osm-laby/smartdev/gcc_none_eabi_cortexa/bin/../lib/gcc/arm-none-eabi/9.2.1\libgcc.a(unwind-arm.o)
                0x0010f13c                __aeabi_unwind_cpp_pr0
 .text.__aeabi_unwind_cpp_pr1
                0x0010f144        0x8 c:/users/wegne/desktop/studia/osm-laby/smartdev/gcc_none_eabi_cortexa/bin/../lib/gcc/arm-none-eabi/9.2.1\libgcc.a(unwind-arm.o)
                0x0010f144                __aeabi_unwind_cpp_pr1
 .text.__aeabi_unwind_cpp_pr2
                0x0010f14c        0x8 c:/users/wegne/desktop/studia/osm-laby/smartdev/gcc_none_eabi_cortexa/bin/../lib/gcc/arm-none-eabi/9.2.1\libgcc.a(unwind-arm.o)
                0x0010f14c                __aeabi_unwind_cpp_pr2
 .text._Unwind_VRS_Pop
                0x0010f154      0x3ec c:/users/wegne/desktop/studia/osm-laby/smartdev/gcc_none_eabi_cortexa/bin/../lib/gcc/arm-none-eabi/9.2.1\libgcc.a(unwind-arm.o)
                0x0010f154                _Unwind_VRS_Pop
 .text          0x0010f540      0x1b0 c:/users/wegne/desktop/studia/osm-laby/smartdev/gcc_none_eabi_cortexa/bin/../lib/gcc/arm-none-eabi/9.2.1\libgcc.a(libunwind.o)
                0x0010f540                __restore_core_regs
                0x0010f540                restore_core_regs
                0x0010f55c                __gnu_Unwind_Restore_VFP
                0x0010f564                __gnu_Unwind_Save_VFP
                0x0010f56c                __gnu_Unwind_Restore_VFP_D
                0x0010f574                __gnu_Unwind_Save_VFP_D
                0x0010f57c                __gnu_Unwind_Restore_VFP_D_16_to_31
                0x0010f584                __gnu_Unwind_Save_VFP_D_16_to_31
                0x0010f58c                __gnu_Unwind_Restore_WMMXD
                0x0010f5d0                __gnu_Unwind_Save_WMMXD
                0x0010f614                __gnu_Unwind_Restore_WMMXC
                0x0010f628                __gnu_Unwind_Save_WMMXC
                0x0010f63c                ___Unwind_RaiseException
                0x0010f63c                _Unwind_RaiseException
                0x0010f660                _Unwind_Resume
                0x0010f660                ___Unwind_Resume
                0x0010f684                _Unwind_Resume_or_Rethrow
                0x0010f684                ___Unwind_Resume_or_Rethrow
                0x0010f6a8                _Unwind_ForcedUnwind
                0x0010f6a8                ___Unwind_ForcedUnwind
                0x0010f6cc                ___Unwind_Backtrace
                0x0010f6cc                _Unwind_Backtrace
 .text          0x0010f6f0        0x0 c:/users/wegne/desktop/studia/osm-laby/smartdev/gcc_none_eabi_cortexa/bin/../lib/gcc/arm-none-eabi/9.2.1\libgcc.a(pr-support.o)
 .text.next_unwind_byte
                0x0010f6f0       0x60 c:/users/wegne/desktop/studia/osm-laby/smartdev/gcc_none_eabi_cortexa/bin/../lib/gcc/arm-none-eabi/9.2.1\libgcc.a(pr-support.o)
 .text._Unwind_GetGR.constprop.0
                0x0010f750       0x30 c:/users/wegne/desktop/studia/osm-laby/smartdev/gcc_none_eabi_cortexa/bin/../lib/gcc/arm-none-eabi/9.2.1\libgcc.a(pr-support.o)
 .text.unwind_UCB_from_context
                0x0010f780        0x4 c:/users/wegne/desktop/studia/osm-laby/smartdev/gcc_none_eabi_cortexa/bin/../lib/gcc/arm-none-eabi/9.2.1\libgcc.a(pr-support.o)
 .text.__gnu_unwind_execute
                0x0010f784      0x3d4 c:/users/wegne/desktop/studia/osm-laby/smartdev/gcc_none_eabi_cortexa/bin/../lib/gcc/arm-none-eabi/9.2.1\libgcc.a(pr-support.o)
                0x0010f784                __gnu_unwind_execute
 .text.__gnu_unwind_frame
                0x0010fb58       0x48 c:/users/wegne/desktop/studia/osm-laby/smartdev/gcc_none_eabi_cortexa/bin/../lib/gcc/arm-none-eabi/9.2.1\libgcc.a(pr-support.o)
                0x0010fb58                __gnu_unwind_frame
 .text._Unwind_GetRegionStart
                0x0010fba0       0x14 c:/users/wegne/desktop/studia/osm-laby/smartdev/gcc_none_eabi_cortexa/bin/../lib/gcc/arm-none-eabi/9.2.1\libgcc.a(pr-support.o)
                0x0010fba0                _Unwind_GetRegionStart
 .text._Unwind_GetLanguageSpecificData
                0x0010fbb4       0x20 c:/users/wegne/desktop/studia/osm-laby/smartdev/gcc_none_eabi_cortexa/bin/../lib/gcc/arm-none-eabi/9.2.1\libgcc.a(pr-support.o)
                0x0010fbb4                _Unwind_GetLanguageSpecificData
 .text.unlikely._Unwind_GetDataRelBase
                0x0010fbd4        0x8 c:/users/wegne/desktop/studia/osm-laby/smartdev/gcc_none_eabi_cortexa/bin/../lib/gcc/arm-none-eabi/9.2.1\libgcc.a(pr-support.o)
                0x0010fbd4                _Unwind_GetDataRelBase
 .text.unlikely._Unwind_GetTextRelBase
                0x0010fbdc        0x8 c:/users/wegne/desktop/studia/osm-laby/smartdev/gcc_none_eabi_cortexa/bin/../lib/gcc/arm-none-eabi/9.2.1\libgcc.a(pr-support.o)
                0x0010fbdc                _Unwind_GetTextRelBase
                0x0010fbe4                _etext = .

.glue_7         0x0010fbe4        0x0
 .glue_7        0x0010fbe4        0x0 linker stubs

.glue_7t        0x0010fbe4        0x0
 .glue_7t       0x0010fbe4        0x0 linker stubs

.vfp11_veneer   0x0010fbe4        0x0
 .vfp11_veneer  0x0010fbe4        0x0 linker stubs

.v4_bx          0x0010fbe4        0x0
 .v4_bx         0x0010fbe4        0x0 linker stubs

.iplt           0x0010fbe4        0x0
 .iplt          0x0010fbe4        0x0 ./src/main.o

.rodata         0x0010fbe4     0x11da
 *(.rodata*)
 .rodata.str1.4
                0x0010fbe4       0x3b ./src/main.o
 *fill*         0x0010fc1f        0x1 
 .rodata        0x0010fc20       0x41 C:\Users\wegne\Desktop\Studia\OSM-laby\gierka\RPiLAB_BASE\Library\libuspienv.a(screen.o)
 .rodata.str1.4
                0x0010fc61       0x3b C:\Users\wegne\Desktop\Studia\OSM-laby\gierka\RPiLAB_BASE\Library\libuspienv.a(string.o)
                                  0x1 (size before relaxing)
 *fill*         0x0010fc61        0x3 
 .rodata        0x0010fc64       0x18 C:\Users\wegne\Desktop\Studia\OSM-laby\gierka\RPiLAB_BASE\Library\libuspienv.a(exceptionhandler.o)
 .rodata.str1.4
                0x0010fc7c       0x97 C:\Users\wegne\Desktop\Studia\OSM-laby\gierka\RPiLAB_BASE\Library\libuspienv.a(exceptionhandler.o)
 *fill*         0x0010fd13        0x1 
 .rodata        0x0010fd14      0x524 C:\Users\wegne\Desktop\Studia\OSM-laby\gierka\RPiLAB_BASE\Library\libuspienv.a(chargenerator.o)
 .rodata.str1.4
                0x00110238       0x1a C:\Users\wegne\Desktop\Studia\OSM-laby\gierka\RPiLAB_BASE\Library\libuspienv.a(logger.o)
 *fill*         0x00110252        0x2 
 .rodata.str1.4
                0x00110254       0x46 C:\Users\wegne\Desktop\Studia\OSM-laby\gierka\RPiLAB_BASE\Library\libuspienv.a(timer.o)
 *fill*         0x0011029a        0x2 
 .rodata        0x0011029c        0x5 C:\Users\wegne\Desktop\Studia\OSM-laby\gierka\RPiLAB_BASE\Library\libuspi.a(uspilibrary.o)
 *fill*         0x001102a1        0x3 
 .rodata.str1.4
                0x001102a4       0x57 C:\Users\wegne\Desktop\Studia\OSM-laby\gierka\RPiLAB_BASE\Library\libuspi.a(uspilibrary.o)
 *fill*         0x001102fb        0x1 
 .rodata        0x001102fc        0x6 C:\Users\wegne\Desktop\Studia\OSM-laby\gierka\RPiLAB_BASE\Library\libuspi.a(dwhcidevice.o)
 *fill*         0x00110302        0x2 
 .rodata.str1.4
                0x00110304       0xcc C:\Users\wegne\Desktop\Studia\OSM-laby\gierka\RPiLAB_BASE\Library\libuspi.a(dwhcidevice.o)
 .rodata        0x001103d0        0x7 C:\Users\wegne\Desktop\Studia\OSM-laby\gierka\RPiLAB_BASE\Library\libuspi.a(usbdevice.o)
 *fill*         0x001103d7        0x1 
 .rodata.str1.4
                0x001103d8      0x150 C:\Users\wegne\Desktop\Studia\OSM-laby\gierka\RPiLAB_BASE\Library\libuspi.a(usbdevice.o)
 .rodata.str1.4
                0x00110528       0x1e C:\Users\wegne\Desktop\Studia\OSM-laby\gierka\RPiLAB_BASE\Library\libuspi.a(macaddress.o)
 *fill*         0x00110546        0x2 
 .rodata        0x00110548        0x9 C:\Users\wegne\Desktop\Studia\OSM-laby\gierka\RPiLAB_BASE\Library\libuspi.a(smsc951x.o)
 *fill*         0x00110551        0x3 
 .rodata.str1.4
                0x00110554       0x7e C:\Users\wegne\Desktop\Studia\OSM-laby\gierka\RPiLAB_BASE\Library\libuspi.a(smsc951x.o)
 *fill*         0x001105d2        0x2 
 .rodata        0x001105d4        0x5 C:\Users\wegne\Desktop\Studia\OSM-laby\gierka\RPiLAB_BASE\Library\libuspi.a(usbmassdevice.o)
 *fill*         0x001105d9        0x3 
 .rodata.str1.4
                0x001105dc      0x1c4 C:\Users\wegne\Desktop\Studia\OSM-laby\gierka\RPiLAB_BASE\Library\libuspi.a(usbmassdevice.o)
                                0x1e8 (size before relaxing)
 .rodata.str1.4
                0x001107a0       0x1c C:\Users\wegne\Desktop\Studia\OSM-laby\gierka\RPiLAB_BASE\Library\libuspi.a(dwhciframeschednper.o)
 .rodata.str1.4
                0x001107bc       0x1c C:\Users\wegne\Desktop\Studia\OSM-laby\gierka\RPiLAB_BASE\Library\libuspi.a(dwhciframeschedper.o)
 .rodata        0x001107bc        0x7 C:\Users\wegne\Desktop\Studia\OSM-laby\gierka\RPiLAB_BASE\Library\libuspi.a(usbkeyboard.o)
 *fill*         0x001107c3        0x1 
 .rodata.str1.4
                0x001107c4       0x3b C:\Users\wegne\Desktop\Studia\OSM-laby\gierka\RPiLAB_BASE\Library\libuspi.a(usbkeyboard.o)
                                 0x57 (size before relaxing)
 *fill*         0x001107ff        0x1 
 .rodata        0x00110800        0x7 C:\Users\wegne\Desktop\Studia\OSM-laby\gierka\RPiLAB_BASE\Library\libuspi.a(dwhcirootport.o)
 *fill*         0x00110807        0x1 
 .rodata.str1.4
                0x00110808       0x63 C:\Users\wegne\Desktop\Studia\OSM-laby\gierka\RPiLAB_BASE\Library\libuspi.a(dwhcirootport.o)
 *fill*         0x0011086b        0x1 
 .rodata        0x0011086c        0x7 C:\Users\wegne\Desktop\Studia\OSM-laby\gierka\RPiLAB_BASE\Library\libuspi.a(usbmouse.o)
 *fill*         0x00110873        0x1 
 .rodata.str1.4
                0x00110874        0x9 C:\Users\wegne\Desktop\Studia\OSM-laby\gierka\RPiLAB_BASE\Library\libuspi.a(usbmouse.o)
                                 0x59 (size before relaxing)
 *fill*         0x0011087d        0x3 
 .rodata        0x00110880        0xd C:\Users\wegne\Desktop\Studia\OSM-laby\gierka\RPiLAB_BASE\Library\libuspi.a(usbgamepad.o)
 *fill*         0x0011088d        0x3 
 .rodata.str1.4
                0x00110890       0x21 C:\Users\wegne\Desktop\Studia\OSM-laby\gierka\RPiLAB_BASE\Library\libuspi.a(usbgamepad.o)
                                 0x5f (size before relaxing)
 *fill*         0x001108b1        0x3 
 .rodata.str1.4
                0x001108b4       0x2f C:\Users\wegne\Desktop\Studia\OSM-laby\gierka\RPiLAB_BASE\Library\libuspi.a(usbconfigparser.o)
 *fill*         0x001108e3        0x1 
 .rodata.str1.4
                0x001108e4       0x45 C:\Users\wegne\Desktop\Studia\OSM-laby\gierka\RPiLAB_BASE\Library\libuspi.a(usbdevicefactory.o)
 *fill*         0x00110929        0x3 
 .rodata        0x0011092c        0x7 C:\Users\wegne\Desktop\Studia\OSM-laby\gierka\RPiLAB_BASE\Library\libuspi.a(usbstandardhub.o)
 *fill*         0x00110933        0x1 
 .rodata.str1.4
                0x00110934      0x170 C:\Users\wegne\Desktop\Studia\OSM-laby\gierka\RPiLAB_BASE\Library\libuspi.a(usbstandardhub.o)
                                0x1ac (size before relaxing)
 .rodata        0x00110aa4      0x24c C:\Users\wegne\Desktop\Studia\OSM-laby\gierka\RPiLAB_BASE\Library\libuspi.a(keymap.o)
 .rodata.str1.4
                0x00110cf0       0xce C:\Users\wegne\Desktop\Studia\OSM-laby\gierka\RPiLAB_BASE\Library\libuspi.a(keymap.o)
                                 0xde (size before relaxing)

.ARM.extab      0x00110dbe        0x0
 .ARM.extab     0x00110dbe        0x0 ./src/main.o
 .ARM.extab     0x00110dbe        0x0 ./src/peripherals.o
 .ARM.extab     0x00110dbe        0x0 ./src/utilities.o

.ARM.exidx      0x00110dc0       0x38
 .ARM.exidx     0x00110dc0       0x38 ./src/main.o
                                 0x50 (size before relaxing)
 .ARM.exidx     0x00110df8        0x0 ./src/peripherals.o
                                 0x30 (size before relaxing)
 .ARM.exidx     0x00110df8        0x0 ./src/utilities.o
                                 0x18 (size before relaxing)

.ARM.extab.text.startup
                0x00110df8        0x0
 .ARM.extab.text.startup
                0x00110df8        0x0 ./src/main.o

.ARM.exidx.text.startup
                0x00110df8       0x10
 .ARM.exidx.text.startup
                0x00110df8       0x10 ./src/main.o

.ARM.extab.begin
                0x00110e08        0x0
 .ARM.extab.begin
                0x00110e08        0x0 ./src/utilities.o

.ARM.exidx.begin
                0x00110e08        0x8
 .ARM.exidx.begin
                0x00110e08        0x8 ./src/utilities.o

.ARM.extab.text.unlikely
                0x00110e10        0x0
 .ARM.extab.text.unlikely
                0x00110e10        0x0 ./src/utilities.o

.ARM.exidx.text.unlikely
                0x00110e10        0x0
 .ARM.exidx.text.unlikely
                0x00110e10        0x0 ./src/utilities.o
                                  0x8 (size before relaxing)

.ARM.extab.text.selfrel_offset31
                0x00110e10        0x0
 .ARM.extab.text.selfrel_offset31
                0x00110e10        0x0 c:/users/wegne/desktop/studia/osm-laby/smartdev/gcc_none_eabi_cortexa/bin/../lib/gcc/arm-none-eabi/9.2.1\libgcc.a(unwind-arm.o)

.ARM.exidx.text.selfrel_offset31
                0x00110e10        0x0
 .ARM.exidx.text.selfrel_offset31
                0x00110e10        0x0 c:/users/wegne/desktop/studia/osm-laby/smartdev/gcc_none_eabi_cortexa/bin/../lib/gcc/arm-none-eabi/9.2.1\libgcc.a(unwind-arm.o)
                                  0x8 (size before relaxing)

.ARM.extab.text.search_EIT_table
                0x00110e10        0x0
 .ARM.extab.text.search_EIT_table
                0x00110e10        0x0 c:/users/wegne/desktop/studia/osm-laby/smartdev/gcc_none_eabi_cortexa/bin/../lib/gcc/arm-none-eabi/9.2.1\libgcc.a(unwind-arm.o)

.ARM.exidx.text.search_EIT_table
                0x00110e10        0x0
 .ARM.exidx.text.search_EIT_table
                0x00110e10        0x0 c:/users/wegne/desktop/studia/osm-laby/smartdev/gcc_none_eabi_cortexa/bin/../lib/gcc/arm-none-eabi/9.2.1\libgcc.a(unwind-arm.o)
                                  0x8 (size before relaxing)

.ARM.extab.text.__gnu_unwind_get_pr_addr
                0x00110e10        0x0
 .ARM.extab.text.__gnu_unwind_get_pr_addr
                0x00110e10        0x0 c:/users/wegne/desktop/studia/osm-laby/smartdev/gcc_none_eabi_cortexa/bin/../lib/gcc/arm-none-eabi/9.2.1\libgcc.a(unwind-arm.o)

.ARM.exidx.text.__gnu_unwind_get_pr_addr
                0x00110e10        0x0
 .ARM.exidx.text.__gnu_unwind_get_pr_addr
                0x00110e10        0x0 c:/users/wegne/desktop/studia/osm-laby/smartdev/gcc_none_eabi_cortexa/bin/../lib/gcc/arm-none-eabi/9.2.1\libgcc.a(unwind-arm.o)
                                  0x8 (size before relaxing)

.ARM.extab.text.get_eit_entry
                0x00110e10        0x0
 .ARM.extab.text.get_eit_entry
                0x00110e10        0x0 c:/users/wegne/desktop/studia/osm-laby/smartdev/gcc_none_eabi_cortexa/bin/../lib/gcc/arm-none-eabi/9.2.1\libgcc.a(unwind-arm.o)

.ARM.exidx.text.get_eit_entry
                0x00110e10        0x8
 .ARM.exidx.text.get_eit_entry
                0x00110e10        0x8 c:/users/wegne/desktop/studia/osm-laby/smartdev/gcc_none_eabi_cortexa/bin/../lib/gcc/arm-none-eabi/9.2.1\libgcc.a(unwind-arm.o)

.ARM.extab.text.restore_non_core_regs
                0x00110e18        0x0
 .ARM.extab.text.restore_non_core_regs
                0x00110e18        0x0 c:/users/wegne/desktop/studia/osm-laby/smartdev/gcc_none_eabi_cortexa/bin/../lib/gcc/arm-none-eabi/9.2.1\libgcc.a(unwind-arm.o)

.ARM.exidx.text.restore_non_core_regs
                0x00110e18        0x8
 .ARM.exidx.text.restore_non_core_regs
                0x00110e18        0x8 c:/users/wegne/desktop/studia/osm-laby/smartdev/gcc_none_eabi_cortexa/bin/../lib/gcc/arm-none-eabi/9.2.1\libgcc.a(unwind-arm.o)

.ARM.extab.text._Unwind_decode_typeinfo_ptr.isra.0
                0x00110e20        0x0
 .ARM.extab.text._Unwind_decode_typeinfo_ptr.isra.0
                0x00110e20        0x0 c:/users/wegne/desktop/studia/osm-laby/smartdev/gcc_none_eabi_cortexa/bin/../lib/gcc/arm-none-eabi/9.2.1\libgcc.a(unwind-arm.o)

.ARM.exidx.text._Unwind_decode_typeinfo_ptr.isra.0
                0x00110e20        0x8
 .ARM.exidx.text._Unwind_decode_typeinfo_ptr.isra.0
                0x00110e20        0x8 c:/users/wegne/desktop/studia/osm-laby/smartdev/gcc_none_eabi_cortexa/bin/../lib/gcc/arm-none-eabi/9.2.1\libgcc.a(unwind-arm.o)

.ARM.extab.text.__gnu_unwind_24bit.isra.0
                0x00110e28        0x0
 .ARM.extab.text.__gnu_unwind_24bit.isra.0
                0x00110e28        0x0 c:/users/wegne/desktop/studia/osm-laby/smartdev/gcc_none_eabi_cortexa/bin/../lib/gcc/arm-none-eabi/9.2.1\libgcc.a(unwind-arm.o)

.ARM.exidx.text.__gnu_unwind_24bit.isra.0
                0x00110e28        0x0
 .ARM.exidx.text.__gnu_unwind_24bit.isra.0
                0x00110e28        0x0 c:/users/wegne/desktop/studia/osm-laby/smartdev/gcc_none_eabi_cortexa/bin/../lib/gcc/arm-none-eabi/9.2.1\libgcc.a(unwind-arm.o)
                                  0x8 (size before relaxing)

.ARM.extab.text._Unwind_DebugHook
                0x00110e28        0x0
 .ARM.extab.text._Unwind_DebugHook
                0x00110e28        0x0 c:/users/wegne/desktop/studia/osm-laby/smartdev/gcc_none_eabi_cortexa/bin/../lib/gcc/arm-none-eabi/9.2.1\libgcc.a(unwind-arm.o)

.ARM.exidx.text._Unwind_DebugHook
                0x00110e28        0x0
 .ARM.exidx.text._Unwind_DebugHook
                0x00110e28        0x0 c:/users/wegne/desktop/studia/osm-laby/smartdev/gcc_none_eabi_cortexa/bin/../lib/gcc/arm-none-eabi/9.2.1\libgcc.a(unwind-arm.o)
                                  0x8 (size before relaxing)

.ARM.extab.text.unwind_phase2
                0x00110e28        0x0
 .ARM.extab.text.unwind_phase2
                0x00110e28        0x0 c:/users/wegne/desktop/studia/osm-laby/smartdev/gcc_none_eabi_cortexa/bin/../lib/gcc/arm-none-eabi/9.2.1\libgcc.a(unwind-arm.o)

.ARM.exidx.text.unwind_phase2
                0x00110e28        0x8
 .ARM.exidx.text.unwind_phase2
                0x00110e28        0x8 c:/users/wegne/desktop/studia/osm-laby/smartdev/gcc_none_eabi_cortexa/bin/../lib/gcc/arm-none-eabi/9.2.1\libgcc.a(unwind-arm.o)

.ARM.extab.text.unwind_phase2_forced
                0x00110e30        0x0
 .ARM.extab.text.unwind_phase2_forced
                0x00110e30        0x0 c:/users/wegne/desktop/studia/osm-laby/smartdev/gcc_none_eabi_cortexa/bin/../lib/gcc/arm-none-eabi/9.2.1\libgcc.a(unwind-arm.o)

.ARM.exidx.text.unwind_phase2_forced
                0x00110e30        0x8
 .ARM.exidx.text.unwind_phase2_forced
                0x00110e30        0x8 c:/users/wegne/desktop/studia/osm-laby/smartdev/gcc_none_eabi_cortexa/bin/../lib/gcc/arm-none-eabi/9.2.1\libgcc.a(unwind-arm.o)

.ARM.extab.text._Unwind_GetCFA
                0x00110e38        0x0
 .ARM.extab.text._Unwind_GetCFA
                0x00110e38        0x0 c:/users/wegne/desktop/studia/osm-laby/smartdev/gcc_none_eabi_cortexa/bin/../lib/gcc/arm-none-eabi/9.2.1\libgcc.a(unwind-arm.o)

.ARM.exidx.text._Unwind_GetCFA
                0x00110e38        0x8
 .ARM.exidx.text._Unwind_GetCFA
                0x00110e38        0x8 c:/users/wegne/desktop/studia/osm-laby/smartdev/gcc_none_eabi_cortexa/bin/../lib/gcc/arm-none-eabi/9.2.1\libgcc.a(unwind-arm.o)

.ARM.extab.text.__gnu_Unwind_RaiseException
                0x00110e40        0x0
 .ARM.extab.text.__gnu_Unwind_RaiseException
                0x00110e40        0x0 c:/users/wegne/desktop/studia/osm-laby/smartdev/gcc_none_eabi_cortexa/bin/../lib/gcc/arm-none-eabi/9.2.1\libgcc.a(unwind-arm.o)

.ARM.exidx.text.__gnu_Unwind_RaiseException
                0x00110e40        0x8
 .ARM.exidx.text.__gnu_Unwind_RaiseException
                0x00110e40        0x8 c:/users/wegne/desktop/studia/osm-laby/smartdev/gcc_none_eabi_cortexa/bin/../lib/gcc/arm-none-eabi/9.2.1\libgcc.a(unwind-arm.o)

.ARM.extab.text.__gnu_Unwind_ForcedUnwind
                0x00110e48        0x0
 .ARM.extab.text.__gnu_Unwind_ForcedUnwind
                0x00110e48        0x0 c:/users/wegne/desktop/studia/osm-laby/smartdev/gcc_none_eabi_cortexa/bin/../lib/gcc/arm-none-eabi/9.2.1\libgcc.a(unwind-arm.o)

.ARM.exidx.text.__gnu_Unwind_ForcedUnwind
                0x00110e48        0x8
 .ARM.exidx.text.__gnu_Unwind_ForcedUnwind
                0x00110e48        0x8 c:/users/wegne/desktop/studia/osm-laby/smartdev/gcc_none_eabi_cortexa/bin/../lib/gcc/arm-none-eabi/9.2.1\libgcc.a(unwind-arm.o)

.ARM.extab.text.__gnu_Unwind_Resume
                0x00110e50        0x0
 .ARM.extab.text.__gnu_Unwind_Resume
                0x00110e50        0x0 c:/users/wegne/desktop/studia/osm-laby/smartdev/gcc_none_eabi_cortexa/bin/../lib/gcc/arm-none-eabi/9.2.1\libgcc.a(unwind-arm.o)

.ARM.exidx.text.__gnu_Unwind_Resume
                0x00110e50        0x8
 .ARM.exidx.text.__gnu_Unwind_Resume
                0x00110e50        0x8 c:/users/wegne/desktop/studia/osm-laby/smartdev/gcc_none_eabi_cortexa/bin/../lib/gcc/arm-none-eabi/9.2.1\libgcc.a(unwind-arm.o)

.ARM.extab.text.__gnu_Unwind_Resume_or_Rethrow
                0x00110e58        0x0
 .ARM.extab.text.__gnu_Unwind_Resume_or_Rethrow
                0x00110e58        0x0 c:/users/wegne/desktop/studia/osm-laby/smartdev/gcc_none_eabi_cortexa/bin/../lib/gcc/arm-none-eabi/9.2.1\libgcc.a(unwind-arm.o)

.ARM.exidx.text.__gnu_Unwind_Resume_or_Rethrow
                0x00110e58        0x8
 .ARM.exidx.text.__gnu_Unwind_Resume_or_Rethrow
                0x00110e58        0x8 c:/users/wegne/desktop/studia/osm-laby/smartdev/gcc_none_eabi_cortexa/bin/../lib/gcc/arm-none-eabi/9.2.1\libgcc.a(unwind-arm.o)

.ARM.extab.text._Unwind_Complete
                0x00110e60        0x0
 .ARM.extab.text._Unwind_Complete
                0x00110e60        0x0 c:/users/wegne/desktop/studia/osm-laby/smartdev/gcc_none_eabi_cortexa/bin/../lib/gcc/arm-none-eabi/9.2.1\libgcc.a(unwind-arm.o)

.ARM.exidx.text._Unwind_Complete
                0x00110e60        0x0
 .ARM.exidx.text._Unwind_Complete
                0x00110e60        0x0 c:/users/wegne/desktop/studia/osm-laby/smartdev/gcc_none_eabi_cortexa/bin/../lib/gcc/arm-none-eabi/9.2.1\libgcc.a(unwind-arm.o)
                                  0x8 (size before relaxing)

.ARM.extab.text._Unwind_DeleteException
                0x00110e60        0x0
 .ARM.extab.text._Unwind_DeleteException
                0x00110e60        0x0 c:/users/wegne/desktop/studia/osm-laby/smartdev/gcc_none_eabi_cortexa/bin/../lib/gcc/arm-none-eabi/9.2.1\libgcc.a(unwind-arm.o)

.ARM.exidx.text._Unwind_DeleteException
                0x00110e60        0x0
 .ARM.exidx.text._Unwind_DeleteException
                0x00110e60        0x0 c:/users/wegne/desktop/studia/osm-laby/smartdev/gcc_none_eabi_cortexa/bin/../lib/gcc/arm-none-eabi/9.2.1\libgcc.a(unwind-arm.o)
                                  0x8 (size before relaxing)

.ARM.extab.text._Unwind_VRS_Get
                0x00110e60        0x0
 .ARM.extab.text._Unwind_VRS_Get
                0x00110e60        0x0 c:/users/wegne/desktop/studia/osm-laby/smartdev/gcc_none_eabi_cortexa/bin/../lib/gcc/arm-none-eabi/9.2.1\libgcc.a(unwind-arm.o)

.ARM.exidx.text._Unwind_VRS_Get
                0x00110e60        0x0
 .ARM.exidx.text._Unwind_VRS_Get
                0x00110e60        0x0 c:/users/wegne/desktop/studia/osm-laby/smartdev/gcc_none_eabi_cortexa/bin/../lib/gcc/arm-none-eabi/9.2.1\libgcc.a(unwind-arm.o)
                                  0x8 (size before relaxing)

.ARM.extab.text._Unwind_GetGR
                0x00110e60        0x0
 .ARM.extab.text._Unwind_GetGR
                0x00110e60        0x0 c:/users/wegne/desktop/studia/osm-laby/smartdev/gcc_none_eabi_cortexa/bin/../lib/gcc/arm-none-eabi/9.2.1\libgcc.a(unwind-arm.o)

.ARM.exidx.text._Unwind_GetGR
                0x00110e60        0x0
 .ARM.exidx.text._Unwind_GetGR
                0x00110e60        0x0 c:/users/wegne/desktop/studia/osm-laby/smartdev/gcc_none_eabi_cortexa/bin/../lib/gcc/arm-none-eabi/9.2.1\libgcc.a(unwind-arm.o)
                                  0x8 (size before relaxing)

.ARM.extab.text._Unwind_VRS_Set
                0x00110e60        0x0
 .ARM.extab.text._Unwind_VRS_Set
                0x00110e60        0x0 c:/users/wegne/desktop/studia/osm-laby/smartdev/gcc_none_eabi_cortexa/bin/../lib/gcc/arm-none-eabi/9.2.1\libgcc.a(unwind-arm.o)

.ARM.exidx.text._Unwind_VRS_Set
                0x00110e60        0x0
 .ARM.exidx.text._Unwind_VRS_Set
                0x00110e60        0x0 c:/users/wegne/desktop/studia/osm-laby/smartdev/gcc_none_eabi_cortexa/bin/../lib/gcc/arm-none-eabi/9.2.1\libgcc.a(unwind-arm.o)
                                  0x8 (size before relaxing)

.ARM.extab.text._Unwind_SetGR
                0x00110e60        0x0
 .ARM.extab.text._Unwind_SetGR
                0x00110e60        0x0 c:/users/wegne/desktop/studia/osm-laby/smartdev/gcc_none_eabi_cortexa/bin/../lib/gcc/arm-none-eabi/9.2.1\libgcc.a(unwind-arm.o)

.ARM.exidx.text._Unwind_SetGR
                0x00110e60        0x0
 .ARM.exidx.text._Unwind_SetGR
                0x00110e60        0x0 c:/users/wegne/desktop/studia/osm-laby/smartdev/gcc_none_eabi_cortexa/bin/../lib/gcc/arm-none-eabi/9.2.1\libgcc.a(unwind-arm.o)
                                  0x8 (size before relaxing)

.ARM.extab.text.__gnu_Unwind_Backtrace
                0x00110e60        0x0
 .ARM.extab.text.__gnu_Unwind_Backtrace
                0x00110e60        0x0 c:/users/wegne/desktop/studia/osm-laby/smartdev/gcc_none_eabi_cortexa/bin/../lib/gcc/arm-none-eabi/9.2.1\libgcc.a(unwind-arm.o)

.ARM.exidx.text.__gnu_Unwind_Backtrace
                0x00110e60        0x8
 .ARM.exidx.text.__gnu_Unwind_Backtrace
                0x00110e60        0x8 c:/users/wegne/desktop/studia/osm-laby/smartdev/gcc_none_eabi_cortexa/bin/../lib/gcc/arm-none-eabi/9.2.1\libgcc.a(unwind-arm.o)

.ARM.extab.text.__gnu_unwind_pr_common
                0x00110e68        0x0
 .ARM.extab.text.__gnu_unwind_pr_common
                0x00110e68        0x0 c:/users/wegne/desktop/studia/osm-laby/smartdev/gcc_none_eabi_cortexa/bin/../lib/gcc/arm-none-eabi/9.2.1\libgcc.a(unwind-arm.o)

.ARM.exidx.text.__gnu_unwind_pr_common
                0x00110e68        0x8
 .ARM.exidx.text.__gnu_unwind_pr_common
                0x00110e68        0x8 c:/users/wegne/desktop/studia/osm-laby/smartdev/gcc_none_eabi_cortexa/bin/../lib/gcc/arm-none-eabi/9.2.1\libgcc.a(unwind-arm.o)

.ARM.extab.text.__aeabi_unwind_cpp_pr0
                0x00110e70        0x0
 .ARM.extab.text.__aeabi_unwind_cpp_pr0
                0x00110e70        0x0 c:/users/wegne/desktop/studia/osm-laby/smartdev/gcc_none_eabi_cortexa/bin/../lib/gcc/arm-none-eabi/9.2.1\libgcc.a(unwind-arm.o)

.ARM.exidx.text.__aeabi_unwind_cpp_pr0
                0x00110e70        0x8
 .ARM.exidx.text.__aeabi_unwind_cpp_pr0
                0x00110e70        0x8 c:/users/wegne/desktop/studia/osm-laby/smartdev/gcc_none_eabi_cortexa/bin/../lib/gcc/arm-none-eabi/9.2.1\libgcc.a(unwind-arm.o)

.ARM.extab.text.__aeabi_unwind_cpp_pr1
                0x00110e78        0x0
 .ARM.extab.text.__aeabi_unwind_cpp_pr1
                0x00110e78        0x0 c:/users/wegne/desktop/studia/osm-laby/smartdev/gcc_none_eabi_cortexa/bin/../lib/gcc/arm-none-eabi/9.2.1\libgcc.a(unwind-arm.o)

.ARM.exidx.text.__aeabi_unwind_cpp_pr1
                0x00110e78        0x0
 .ARM.exidx.text.__aeabi_unwind_cpp_pr1
                0x00110e78        0x0 c:/users/wegne/desktop/studia/osm-laby/smartdev/gcc_none_eabi_cortexa/bin/../lib/gcc/arm-none-eabi/9.2.1\libgcc.a(unwind-arm.o)
                                  0x8 (size before relaxing)

.ARM.extab.text.__aeabi_unwind_cpp_pr2
                0x00110e78        0x0
 .ARM.extab.text.__aeabi_unwind_cpp_pr2
                0x00110e78        0x0 c:/users/wegne/desktop/studia/osm-laby/smartdev/gcc_none_eabi_cortexa/bin/../lib/gcc/arm-none-eabi/9.2.1\libgcc.a(unwind-arm.o)

.ARM.exidx.text.__aeabi_unwind_cpp_pr2
                0x00110e78        0x0
 .ARM.exidx.text.__aeabi_unwind_cpp_pr2
                0x00110e78        0x0 c:/users/wegne/desktop/studia/osm-laby/smartdev/gcc_none_eabi_cortexa/bin/../lib/gcc/arm-none-eabi/9.2.1\libgcc.a(unwind-arm.o)
                                  0x8 (size before relaxing)

.ARM.extab.text._Unwind_VRS_Pop
                0x00110e78        0x0
 .ARM.extab.text._Unwind_VRS_Pop
                0x00110e78        0x0 c:/users/wegne/desktop/studia/osm-laby/smartdev/gcc_none_eabi_cortexa/bin/../lib/gcc/arm-none-eabi/9.2.1\libgcc.a(unwind-arm.o)

.ARM.exidx.text._Unwind_VRS_Pop
                0x00110e78       0x10
 .ARM.exidx.text._Unwind_VRS_Pop
                0x00110e78       0x10 c:/users/wegne/desktop/studia/osm-laby/smartdev/gcc_none_eabi_cortexa/bin/../lib/gcc/arm-none-eabi/9.2.1\libgcc.a(unwind-arm.o)
                                  0x8 (size before relaxing)

.ARM.extab.text.next_unwind_byte
                0x00110e88        0x0
 .ARM.extab.text.next_unwind_byte
                0x00110e88        0x0 c:/users/wegne/desktop/studia/osm-laby/smartdev/gcc_none_eabi_cortexa/bin/../lib/gcc/arm-none-eabi/9.2.1\libgcc.a(pr-support.o)

.ARM.exidx.text.next_unwind_byte
                0x00110e88        0x0
 .ARM.exidx.text.next_unwind_byte
                0x00110e88        0x0 c:/users/wegne/desktop/studia/osm-laby/smartdev/gcc_none_eabi_cortexa/bin/../lib/gcc/arm-none-eabi/9.2.1\libgcc.a(pr-support.o)
                                  0x8 (size before relaxing)

.ARM.extab.text._Unwind_GetGR.constprop.0
                0x00110e88        0x0
 .ARM.extab.text._Unwind_GetGR.constprop.0
                0x00110e88        0x0 c:/users/wegne/desktop/studia/osm-laby/smartdev/gcc_none_eabi_cortexa/bin/../lib/gcc/arm-none-eabi/9.2.1\libgcc.a(pr-support.o)

.ARM.exidx.text._Unwind_GetGR.constprop.0
                0x00110e88        0x8
 .ARM.exidx.text._Unwind_GetGR.constprop.0
                0x00110e88        0x8 c:/users/wegne/desktop/studia/osm-laby/smartdev/gcc_none_eabi_cortexa/bin/../lib/gcc/arm-none-eabi/9.2.1\libgcc.a(pr-support.o)

.ARM.extab.text.unwind_UCB_from_context
                0x00110e90        0x0
 .ARM.extab.text.unwind_UCB_from_context
                0x00110e90        0x0 c:/users/wegne/desktop/studia/osm-laby/smartdev/gcc_none_eabi_cortexa/bin/../lib/gcc/arm-none-eabi/9.2.1\libgcc.a(pr-support.o)

.ARM.exidx.text.unwind_UCB_from_context
                0x00110e90        0x8
 .ARM.exidx.text.unwind_UCB_from_context
                0x00110e90        0x8 c:/users/wegne/desktop/studia/osm-laby/smartdev/gcc_none_eabi_cortexa/bin/../lib/gcc/arm-none-eabi/9.2.1\libgcc.a(pr-support.o)

.ARM.extab.text.__gnu_unwind_execute
                0x00110e98        0x0
 .ARM.extab.text.__gnu_unwind_execute
                0x00110e98        0x0 c:/users/wegne/desktop/studia/osm-laby/smartdev/gcc_none_eabi_cortexa/bin/../lib/gcc/arm-none-eabi/9.2.1\libgcc.a(pr-support.o)

.ARM.exidx.text.__gnu_unwind_execute
                0x00110e98        0x8
 .ARM.exidx.text.__gnu_unwind_execute
                0x00110e98        0x8 c:/users/wegne/desktop/studia/osm-laby/smartdev/gcc_none_eabi_cortexa/bin/../lib/gcc/arm-none-eabi/9.2.1\libgcc.a(pr-support.o)

.ARM.extab.text.__gnu_unwind_frame
                0x00110ea0        0x0
 .ARM.extab.text.__gnu_unwind_frame
                0x00110ea0        0x0 c:/users/wegne/desktop/studia/osm-laby/smartdev/gcc_none_eabi_cortexa/bin/../lib/gcc/arm-none-eabi/9.2.1\libgcc.a(pr-support.o)

.ARM.exidx.text.__gnu_unwind_frame
                0x00110ea0        0x8
 .ARM.exidx.text.__gnu_unwind_frame
                0x00110ea0        0x8 c:/users/wegne/desktop/studia/osm-laby/smartdev/gcc_none_eabi_cortexa/bin/../lib/gcc/arm-none-eabi/9.2.1\libgcc.a(pr-support.o)

.ARM.extab.text._Unwind_GetRegionStart
                0x00110ea8        0x0
 .ARM.extab.text._Unwind_GetRegionStart
                0x00110ea8        0x0 c:/users/wegne/desktop/studia/osm-laby/smartdev/gcc_none_eabi_cortexa/bin/../lib/gcc/arm-none-eabi/9.2.1\libgcc.a(pr-support.o)

.ARM.exidx.text._Unwind_GetRegionStart
                0x00110ea8        0x8
 .ARM.exidx.text._Unwind_GetRegionStart
                0x00110ea8        0x8 c:/users/wegne/desktop/studia/osm-laby/smartdev/gcc_none_eabi_cortexa/bin/../lib/gcc/arm-none-eabi/9.2.1\libgcc.a(pr-support.o)

.ARM.extab.text._Unwind_GetLanguageSpecificData
                0x00110eb0        0x0
 .ARM.extab.text._Unwind_GetLanguageSpecificData
                0x00110eb0        0x0 c:/users/wegne/desktop/studia/osm-laby/smartdev/gcc_none_eabi_cortexa/bin/../lib/gcc/arm-none-eabi/9.2.1\libgcc.a(pr-support.o)

.ARM.exidx.text._Unwind_GetLanguageSpecificData
                0x00110eb0        0x0
 .ARM.exidx.text._Unwind_GetLanguageSpecificData
                0x00110eb0        0x0 c:/users/wegne/desktop/studia/osm-laby/smartdev/gcc_none_eabi_cortexa/bin/../lib/gcc/arm-none-eabi/9.2.1\libgcc.a(pr-support.o)
                                  0x8 (size before relaxing)

.ARM.extab.text.unlikely._Unwind_GetDataRelBase
                0x00110eb0        0x0
 .ARM.extab.text.unlikely._Unwind_GetDataRelBase
                0x00110eb0        0x0 c:/users/wegne/desktop/studia/osm-laby/smartdev/gcc_none_eabi_cortexa/bin/../lib/gcc/arm-none-eabi/9.2.1\libgcc.a(pr-support.o)

.ARM.exidx.text.unlikely._Unwind_GetDataRelBase
                0x00110eb0        0x8
 .ARM.exidx.text.unlikely._Unwind_GetDataRelBase
                0x00110eb0        0x8 c:/users/wegne/desktop/studia/osm-laby/smartdev/gcc_none_eabi_cortexa/bin/../lib/gcc/arm-none-eabi/9.2.1\libgcc.a(pr-support.o)

.ARM.extab.text.unlikely._Unwind_GetTextRelBase
                0x00110eb8        0x0
 .ARM.extab.text.unlikely._Unwind_GetTextRelBase
                0x00110eb8        0x0 c:/users/wegne/desktop/studia/osm-laby/smartdev/gcc_none_eabi_cortexa/bin/../lib/gcc/arm-none-eabi/9.2.1\libgcc.a(pr-support.o)

.ARM.exidx.text.unlikely._Unwind_GetTextRelBase
                0x00110eb8        0x0
 .ARM.exidx.text.unlikely._Unwind_GetTextRelBase
                0x00110eb8        0x0 c:/users/wegne/desktop/studia/osm-laby/smartdev/gcc_none_eabi_cortexa/bin/../lib/gcc/arm-none-eabi/9.2.1\libgcc.a(pr-support.o)
                                  0x8 (size before relaxing)

.rel.dyn        0x00110eb8        0x0
 .rel.iplt      0x00110eb8        0x0 ./src/main.o

.data           0x00110eb8   0x1127c4
 *(.data*)
 .data          0x00110eb8        0x0 ./src/cos.o
 .data          0x00110eb8   0x112744 ./src/main.o
                0x00110eb8                zaklo
                0x00110ebc                wart_zad
                0x00110ec0                wyj_ukl
                0x00110ec4                TimerIsrPeriod
                0x00110ec8                SCREENBUF
                0x00110ecc                Bufor5
                0x00110edc                Bufor4
                0x00110eec                Bufor2
                0x00110ef8                Bufor1
                0x00110f04                wiatrak1
                0x00133a34                wiatrak2
                0x00156564                wiatrak3
                0x00179094                termometr_color
                0x0019bfb8                grzejnik_color
                0x001b2e48                grzejnik_old_color
 .data          0x002235fc        0x0 ./src/peripherals.o
 .data          0x002235fc        0x4 ./src/utilities.o
                0x002235fc                randi
 .data          0x00223600        0x0 ./.metadata/.plugins/org.eclipse.cdt.make.core/specs.o
 .data          0x00223600        0x0 C:\Users\wegne\Desktop\Studia\OSM-laby\gierka\RPiLAB_BASE\Library\libuspienv.a(screen.o)
 .data          0x00223600        0x0 C:\Users\wegne\Desktop\Studia\OSM-laby\gierka\RPiLAB_BASE\Library\libuspienv.a(string.o)
 .data          0x00223600        0x0 C:\Users\wegne\Desktop\Studia\OSM-laby\gierka\RPiLAB_BASE\Library\libuspienv.a(uspibind.o)
 .data          0x00223600        0x0 C:\Users\wegne\Desktop\Studia\OSM-laby\gierka\RPiLAB_BASE\Library\libuspienv.a(uspienv.o)
 .data          0x00223600        0x0 C:\Users\wegne\Desktop\Studia\OSM-laby\gierka\RPiLAB_BASE\Library\libuspienv.a(util.o)
 .data          0x00223600        0x0 C:\Users\wegne\Desktop\Studia\OSM-laby\gierka\RPiLAB_BASE\Library\libuspienv.a(util_fast.o)
 .data          0x00223600        0x0 C:\Users\wegne\Desktop\Studia\OSM-laby\gierka\RPiLAB_BASE\Library\libuspienv.a(memory.o)
 .data          0x00223600        0x0 C:\Users\wegne\Desktop\Studia\OSM-laby\gierka\RPiLAB_BASE\Library\libuspienv.a(pagetable.o)
 .data          0x00223600        0x0 C:\Users\wegne\Desktop\Studia\OSM-laby\gierka\RPiLAB_BASE\Library\libuspienv.a(exceptionhandler.o)
 .data          0x00223600        0x0 C:\Users\wegne\Desktop\Studia\OSM-laby\gierka\RPiLAB_BASE\Library\libuspienv.a(startup.o)
 .data          0x00223600       0x38 C:\Users\wegne\Desktop\Studia\OSM-laby\gierka\RPiLAB_BASE\Library\libuspienv.a(alloc.o)
 .data          0x00223638        0x0 C:\Users\wegne\Desktop\Studia\OSM-laby\gierka\RPiLAB_BASE\Library\libuspienv.a(bcmframebuffer.o)
 .data          0x00223638        0x0 C:\Users\wegne\Desktop\Studia\OSM-laby\gierka\RPiLAB_BASE\Library\libuspienv.a(bcmpropertytags.o)
 .data          0x00223638        0x0 C:\Users\wegne\Desktop\Studia\OSM-laby\gierka\RPiLAB_BASE\Library\libuspienv.a(chargenerator.o)
 .data          0x00223638        0x0 C:\Users\wegne\Desktop\Studia\OSM-laby\gierka\RPiLAB_BASE\Library\libuspienv.a(exceptionstub.o)
 .data          0x00223638        0x0 C:\Users\wegne\Desktop\Studia\OSM-laby\gierka\RPiLAB_BASE\Library\libuspienv.a(interrupt.o)
 .data          0x00223638        0x0 C:\Users\wegne\Desktop\Studia\OSM-laby\gierka\RPiLAB_BASE\Library\libuspienv.a(libstub.o)
 .data          0x00223638        0x0 C:\Users\wegne\Desktop\Studia\OSM-laby\gierka\RPiLAB_BASE\Library\libuspienv.a(logger.o)
 .data          0x00223638        0x0 C:\Users\wegne\Desktop\Studia\OSM-laby\gierka\RPiLAB_BASE\Library\libuspienv.a(memio.o)
 .data          0x00223638        0x0 C:\Users\wegne\Desktop\Studia\OSM-laby\gierka\RPiLAB_BASE\Library\libuspienv.a(synchronize.o)
 .data          0x00223638        0x0 C:\Users\wegne\Desktop\Studia\OSM-laby\gierka\RPiLAB_BASE\Library\libuspienv.a(sysinit.o)
 .data          0x00223638        0x0 C:\Users\wegne\Desktop\Studia\OSM-laby\gierka\RPiLAB_BASE\Library\libuspienv.a(timer.o)
 .data          0x00223638        0x0 C:\Users\wegne\Desktop\Studia\OSM-laby\gierka\RPiLAB_BASE\Library\libuspienv.a(bcmmailbox.o)
 .data          0x00223638        0x0 C:\Users\wegne\Desktop\Studia\OSM-laby\gierka\RPiLAB_BASE\Library\libuspienv.a(delayloop.o)
 .data          0x00223638        0x0 C:\Users\wegne\Desktop\Studia\OSM-laby\gierka\RPiLAB_BASE\Library\libuspienv.a(libhelper.o)
 .data          0x00223638        0x0 C:\Users\wegne\Desktop\Studia\OSM-laby\gierka\RPiLAB_BASE\Library\libuspi.a(uspilibrary.o)
 .data          0x00223638        0x0 C:\Users\wegne\Desktop\Studia\OSM-laby\gierka\RPiLAB_BASE\Library\libuspi.a(dwhcidevice.o)
 .data          0x00223638        0x0 C:\Users\wegne\Desktop\Studia\OSM-laby\gierka\RPiLAB_BASE\Library\libuspi.a(dwhciregister.o)
 .data          0x00223638        0x0 C:\Users\wegne\Desktop\Studia\OSM-laby\gierka\RPiLAB_BASE\Library\libuspi.a(dwhcixferstagedata.o)
 .data          0x00223638        0x1 C:\Users\wegne\Desktop\Studia\OSM-laby\gierka\RPiLAB_BASE\Library\libuspi.a(usbdevice.o)
 .data          0x00223639        0x0 C:\Users\wegne\Desktop\Studia\OSM-laby\gierka\RPiLAB_BASE\Library\libuspi.a(usbendpoint.o)
 .data          0x00223639        0x0 C:\Users\wegne\Desktop\Studia\OSM-laby\gierka\RPiLAB_BASE\Library\libuspi.a(usbrequest.o)
 .data          0x00223639        0x0 C:\Users\wegne\Desktop\Studia\OSM-laby\gierka\RPiLAB_BASE\Library\libuspi.a(devicenameservice.o)
 .data          0x00223639        0x0 C:\Users\wegne\Desktop\Studia\OSM-laby\gierka\RPiLAB_BASE\Library\libuspi.a(macaddress.o)
 .data          0x00223639        0x0 C:\Users\wegne\Desktop\Studia\OSM-laby\gierka\RPiLAB_BASE\Library\libuspi.a(smsc951x.o)
 .data          0x00223639        0x0 C:\Users\wegne\Desktop\Studia\OSM-laby\gierka\RPiLAB_BASE\Library\libuspi.a(util.o)
 *fill*         0x00223639        0x3 
 .data          0x0022363c        0x4 C:\Users\wegne\Desktop\Studia\OSM-laby\gierka\RPiLAB_BASE\Library\libuspi.a(usbmassdevice.o)
 .data          0x00223640        0x0 C:\Users\wegne\Desktop\Studia\OSM-laby\gierka\RPiLAB_BASE\Library\libuspi.a(dwhciframeschednper.o)
 .data          0x00223640        0x0 C:\Users\wegne\Desktop\Studia\OSM-laby\gierka\RPiLAB_BASE\Library\libuspi.a(dwhciframeschedper.o)
 .data          0x00223640        0x4 C:\Users\wegne\Desktop\Studia\OSM-laby\gierka\RPiLAB_BASE\Library\libuspi.a(usbkeyboard.o)
 .data          0x00223644        0x0 C:\Users\wegne\Desktop\Studia\OSM-laby\gierka\RPiLAB_BASE\Library\libuspi.a(dwhcirootport.o)
 .data          0x00223644        0x4 C:\Users\wegne\Desktop\Studia\OSM-laby\gierka\RPiLAB_BASE\Library\libuspi.a(usbmouse.o)
 .data          0x00223648        0x0 C:\Users\wegne\Desktop\Studia\OSM-laby\gierka\RPiLAB_BASE\Library\libuspi.a(dwhciframeschednsplit.o)
 .data          0x00223648       0x34 C:\Users\wegne\Desktop\Studia\OSM-laby\gierka\RPiLAB_BASE\Library\libuspi.a(usbgamepad.o)
 .data          0x0022367c        0x0 C:\Users\wegne\Desktop\Studia\OSM-laby\gierka\RPiLAB_BASE\Library\libuspi.a(synchronize.o)
 .data          0x0022367c        0x0 C:\Users\wegne\Desktop\Studia\OSM-laby\gierka\RPiLAB_BASE\Library\libuspi.a(usbstring.o)
 .data          0x0022367c        0x0 C:\Users\wegne\Desktop\Studia\OSM-laby\gierka\RPiLAB_BASE\Library\libuspi.a(usbconfigparser.o)
 .data          0x0022367c        0x0 C:\Users\wegne\Desktop\Studia\OSM-laby\gierka\RPiLAB_BASE\Library\libuspi.a(usbdevicefactory.o)
 .data          0x0022367c        0x0 C:\Users\wegne\Desktop\Studia\OSM-laby\gierka\RPiLAB_BASE\Library\libuspi.a(usbstandardhub.o)
 .data          0x0022367c        0x0 C:\Users\wegne\Desktop\Studia\OSM-laby\gierka\RPiLAB_BASE\Library\libuspi.a(keymap.o)
 .data          0x0022367c        0x0 c:/users/wegne/desktop/studia/osm-laby/smartdev/gcc_none_eabi_cortexa/bin/../lib/gcc/arm-none-eabi/9.2.1\libgcc.a(_arm_muldf3.o)
 .data          0x0022367c        0x0 c:/users/wegne/desktop/studia/osm-laby/smartdev/gcc_none_eabi_cortexa/bin/../lib/gcc/arm-none-eabi/9.2.1\libgcc.a(_arm_mulsf3.o)
 .data          0x0022367c        0x0 c:/users/wegne/desktop/studia/osm-laby/smartdev/gcc_none_eabi_cortexa/bin/../lib/gcc/arm-none-eabi/9.2.1\libgcc.a(_arm_addsubdf3.o)
 .data          0x0022367c        0x0 c:/users/wegne/desktop/studia/osm-laby/smartdev/gcc_none_eabi_cortexa/bin/../lib/gcc/arm-none-eabi/9.2.1\libgcc.a(_arm_cmpdf2.o)
 .data          0x0022367c        0x0 c:/users/wegne/desktop/studia/osm-laby/smartdev/gcc_none_eabi_cortexa/bin/../lib/gcc/arm-none-eabi/9.2.1\libgcc.a(_arm_truncdfsf2.o)
 .data          0x0022367c        0x0 c:/users/wegne/desktop/studia/osm-laby/smartdev/gcc_none_eabi_cortexa/bin/../lib/gcc/arm-none-eabi/9.2.1\libgcc.a(_arm_addsubsf3.o)
 .data          0x0022367c        0x0 c:/users/wegne/desktop/studia/osm-laby/smartdev/gcc_none_eabi_cortexa/bin/../lib/gcc/arm-none-eabi/9.2.1\libgcc.a(_arm_cmpsf2.o)
 .data          0x0022367c        0x0 c:/users/wegne/desktop/studia/osm-laby/smartdev/gcc_none_eabi_cortexa/bin/../lib/gcc/arm-none-eabi/9.2.1\libgcc.a(unwind-arm.o)
 .data          0x0022367c        0x0 c:/users/wegne/desktop/studia/osm-laby/smartdev/gcc_none_eabi_cortexa/bin/../lib/gcc/arm-none-eabi/9.2.1\libgcc.a(libunwind.o)
 .data          0x0022367c        0x0 c:/users/wegne/desktop/studia/osm-laby/smartdev/gcc_none_eabi_cortexa/bin/../lib/gcc/arm-none-eabi/9.2.1\libgcc.a(pr-support.o)
                0x0022367c                __bss_start = .

.init_array     0x0022367c        0x4
 .init_array    0x0022367c        0x4 ./src/main.o

.igot.plt       0x00223680        0x0
 .igot.plt      0x00223680        0x0 ./src/main.o

.bss            0x00223680    0x66da4
 *(.bss*)
 .bss           0x00223680        0x0 ./src/cos.o
 .bss           0x00223680    0x6693c ./src/main.o
                0x00223680                presc
                0x00223684                preScale
                0x00223688                Tim
                0x0022368c                Key
                0x00223690                uchyb
                0x00223694                Regul
                0x002236b8                syg_ster
                0x002236bc                Model
                0x002236cc                Tim1
                0x002236d0                Tim2
                0x002236d4                Tim3
                0x002236d8                Jx
                0x002236dc                Jy
                0x002236e0                Jz
                0x002236e4                JRz
                0x002236e8                Jyt
                0x002236ec                Jxt
                0x002236f0                stage
                0x002236f4                SCREEN
                0x002236f8                frame_count
                0x002236fc                timeElapse
                0x00223700                Bufor6
                0x00223708                Bufor3
                0x0022370d                EnableRefresh
                0x0022370e                st_zaklo
                0x00223710                Skaler
                0x00223714                predkosc
                0x00223718                mode
                0x0022371c                yt
                0x0023217c                xt
                0x00240bdc                y
                0x0024f63c                x
                0x0025e09c                s